Archive member included because of file (symbol)

../output/default/pclin-2.6-x86/lib/libcsr_sched.a(csr_sched.o)
                              output/default/pclin-2.6-x86/obj/csr_tasks.o (CsrSchedRegisterTask)
../output/default/pclin-2.6-x86/lib/libcsr_ui.a(csr_ui_ctrl.o)
                              output/default/pclin-2.6-x86/obj/csr_tasks.o (CsrUiHandler)
../output/default/pclin-2.6-x86/lib/libcsr_ui.a(csr_ui_displaystack.o)
                              ../output/default/pclin-2.6-x86/lib/libcsr_ui.a(csr_ui_ctrl.o) (CsrUiDisplayDestroyAll)
../output/default/pclin-2.6-x86/lib/libcsr_ui.a(csr_ui_emulator_touchdecoder.o)
                              ../output/default/pclin-2.6-x86/lib/libcsr_ui.a(csr_ui_ctrl.o) (CsrUiTouchDecoderDeinit)
../output/default/pclin-2.6-x86/lib/libcsr_ui.a(csr_ui_keyhandler.o)
                              ../output/default/pclin-2.6-x86/lib/libcsr_ui.a(csr_ui_emulator_touchdecoder.o) (CsrUiKeyEvent)
../output/default/pclin-2.6-x86/lib/libcsr_ui.a(csr_ui_renderer.o)
                              ../output/default/pclin-2.6-x86/lib/libcsr_ui.a(csr_ui_ctrl.o) (CsrUiRenderRedraw)
../output/default/pclin-2.6-x86/lib/libcsr_ui.a(csr_ui_renderer_text.o)
                              ../output/default/pclin-2.6-x86/lib/libcsr_ui.a(csr_ui_ctrl.o) (CsrUiRenderTextRedraw)
../output/default/pclin-2.6-x86/lib/libcsr_ui.a(csr_ui_sef.o)
                              ../output/default/pclin-2.6-x86/lib/libcsr_ui.a(csr_ui_ctrl.o) (CsrUiUieCreateReqHandler)
../output/default/pclin-2.6-x86/lib/libcsr_ui.a(csr_ui_uiemanager.o)
                              ../output/default/pclin-2.6-x86/lib/libcsr_ui.a(csr_ui_renderer.o) (CsrUiUieMenuGetNumberOfItems)
../output/default/pclin-2.6-x86/lib/libcsr_ui.a(csr_ui_util.o)
                              ../output/default/pclin-2.6-x86/lib/libcsr_ui.a(csr_ui_renderer.o) (CsrUiUtilStringLength)
../output/default/pclin-2.6-x86/lib/libcsr_ui.a(csr_ui_free_down.o)
                              ../output/default/pclin-2.6-x86/lib/libcsr_ui.a(csr_ui_ctrl.o) (CsrUiFreeDownstreamMessageContents)
../output/default/pclin-2.6-x86/lib/libcsr_ui.a(csr_ui_graphics_driver.o)
                              ../output/default/pclin-2.6-x86/lib/libcsr_ui.a(csr_ui_renderer.o) (CsrUiGraphicsDriverGetFontWidth)
../output/default/pclin-2.6-x86/lib/libcsr_ui.a(csr_ui_icon.o)
                              ../output/default/pclin-2.6-x86/lib/libcsr_ui.a(csr_ui_renderer.o) (CsrUiIconPut)
../output/default/pclin-2.6-x86/lib/libcsr_ui.a(csr_ui_font_sax_mono_12x22.o)
                              ../output/default/pclin-2.6-x86/lib/libcsr_ui.a(csr_ui_graphics_driver.o) (CsrUiFontSaxMono12x22DataTable)
../output/default/pclin-2.6-x86/lib/libcsr_ui.a(csr_ui_font_sax_mono_10x21.o)
                              ../output/default/pclin-2.6-x86/lib/libcsr_ui.a(csr_ui_graphics_driver.o) (CsrUiFontSaxMono10x21DataTable)
../output/default/pclin-2.6-x86/lib/libcsr_app.a(csr_app_handler.o)
                              output/default/pclin-2.6-x86/obj/csr_tasks.o (CsrAppInitialization)
../output/default/pclin-2.6-x86/lib/libcsr_app.a(csr_app_ui_sef.o)
                              ../output/default/pclin-2.6-x86/lib/libcsr_app.a(csr_app_handler.o) (CsrAppCsrUiUieCreateCfmHandler)
../output/default/pclin-2.6-x86/lib/libcsr_app.a(csr_app_util.o)
                              ../output/default/pclin-2.6-x86/lib/libcsr_app.a(csr_app_ui_sef.o) (CsrAppRestoreSavedMessages)
../output/default/pclin-2.6-x86/lib/libcsr_app.a(csr_app_free_down.o)
                              ../output/default/pclin-2.6-x86/lib/libcsr_app.a(csr_app_handler.o) (CsrAppFreeDownstreamMessageContents)
../output/default/pclin-2.6-x86/lib/libcsr_app.a(csr_app_lower_private.o)
                              ../output/default/pclin-2.6-x86/lib/libcsr_app.a(csr_app_ui_sef.o) (CsrAppLowerPrivateExitFunction)
../bsp/ports/pclin/output/default/pclin-2.6-x86/lib/libcsr_main.a(csr_main.o)
                              /usr/lib/gcc/i686-linux-gnu/4.6/../../../i386-linux-gnu/crt1.o (main)
../output/default/pclin-2.6-x86/lib/libcsr_arg_search.a(csr_arg_search.o)
                              ../bsp/ports/pclin/output/default/pclin-2.6-x86/lib/libcsr_main.a(csr_main.o) (CsrArgSearchInit)
../bsp/ports/pclin/output/default/pclin-2.6-x86/lib/libcsr_app_main_bluecore.a(csr_app_main.o)
                              ../bsp/ports/pclin/output/default/pclin-2.6-x86/lib/libcsr_main.a(csr_main.o) (CsrMain)
../bsp/ports/pclin/output/default/pclin-2.6-x86/lib/libcsr_app_main_bluecore.a(csr_key_input.o)
                              ../bsp/ports/pclin/output/default/pclin-2.6-x86/lib/libcsr_app_main_bluecore.a(csr_app_main.o) (CsrKeyInputActivate)
../bsp/ports/pclin/output/default/pclin-2.6-x86/lib/libcsr_app_main_bluecore.a(csr_ui_lower.o)
                              ../bsp/ports/pclin/output/default/pclin-2.6-x86/lib/libcsr_app_main_bluecore.a(csr_app_main.o) (CsrUiLowerInitialise)
[...]
Memory Configuration

Name             Origin             Length             Attributes
*default*        0x0000000000000000 0xffffffffffffffff

Linker script and memory map

LOAD /usr/lib/gcc/i686-linux-gnu/4.6/../../../i386-linux-gnu/crt1.o
LOAD /usr/lib/gcc/i686-linux-gnu/4.6/../../../i386-linux-gnu/crti.o
LOAD /usr/lib/gcc/i686-linux-gnu/4.6/crtbegin.o
LOAD output/default/pclin-2.6-x86/obj/csr_tasks.o
LOAD output/default/pclin-2.6-x86/obj/bootstrap/csr_bootstrap_generic.o
LOAD output/default/pclin-2.6-x86/obj/bootstrap/csr_bootstrap_specific_string_based.o
LOAD output/default/pclin-2.6-x86/obj/bootstrap/psr/pb-101r2_7558_uart.o
LOAD output/default/pclin-2.6-x86/obj/bootstrap/psr/pb-14r2_3164.o
LOAD output/default/pclin-2.6-x86/obj/bootstrap/psr/pb-22r14_4363.o
LOAD output/default/pclin-2.6-x86/obj/bootstrap/psr/pb-26r17_4698.o
LOAD output/default/pclin-2.6-x86/obj/bootstrap/psr/pb-27r20_4841.o
LOAD output/default/pclin-2.6-x86/obj/bootstrap/psr/pb-28r2_4839.o
LOAD output/default/pclin-2.6-x86/obj/bootstrap/psr/pb-2r17_1958.o
LOAD output/default/pclin-2.6-x86/obj/bootstrap/psr/pb-49r3_5892.o
LOAD output/default/pclin-2.6-x86/obj/bootstrap/psr/pb-51r22_5985_bga.o
LOAD output/default/pclin-2.6-x86/obj/bootstrap/psr/pb-51r22_5985_csp0p4.o
LOAD output/default/pclin-2.6-x86/obj/bootstrap/psr/pb-51r22_5985_csp0p5.o
LOAD output/default/pclin-2.6-x86/obj/bootstrap/psr/pb-51r26_5985_bga.o
LOAD output/default/pclin-2.6-x86/obj/bootstrap/psr/pb-51r26_5985_csp0p4.o
LOAD output/default/pclin-2.6-x86/obj/bootstrap/psr/pb-51r26_5985_csp0p5.o
LOAD output/default/pclin-2.6-x86/obj/bootstrap/psr/pb-53r7_6247_csp.o
LOAD output/default/pclin-2.6-x86/obj/bootstrap/psr/pb-53r7_6247_qfn.o
LOAD output/default/pclin-2.6-x86/obj/bootstrap/psr/pb-75_6455_csp.o
LOAD output/default/pclin-2.6-x86/obj/bootstrap/psr/pb-84r2_6817_csp.o
LOAD output/default/pclin-2.6-x86/obj/bootstrap/psr/pb-90r1_6817.o
LOAD output/default/pclin-2.6-x86/obj/bootstrap/psr/ps-default.o
LOAD output/default/pclin-2.6-x86/obj/bootstrap/psr/ps-gemini_a06.o
LOAD ../output/default/pclin-2.6-x86/lib/libcsr_sched.a
LOAD ../output/default/pclin-2.6-x86/lib/libcsr_ui.a
LOAD ../output/default/pclin-2.6-x86/lib/libcsr_app.a
LOAD ../bsp/ports/pclin/output/default/pclin-2.6-x86/lib/libcsr_main.a
LOAD ../output/default/pclin-2.6-x86/lib/libcsr_random.a
LOAD ../output/default/pclin-2.6-x86/lib/libcsr_aclbuf_lower.a
LOAD ../output/default/pclin-2.6-x86/lib/libcsr_arg_search.a
LOAD ../bsp/ports/pclin/output/default/pclin-2.6-x86/lib/libcsr_app_main_bluecore.a
LOAD ../output/default/pclin-2.6-x86/lib/libcsr_tm_bluecore.a
LOAD ../output/default/pclin-2.6-x86/lib/libcsr_bccmd.a
LOAD ../output/default/pclin-2.6-x86/lib/libcsr_fastpipe.a
LOAD ../output/default/pclin-2.6-x86/lib/libcsr_hq.a
LOAD ../output/default/pclin-2.6-x86/lib/libcsr_vm.a
LOAD ../output/default/pclin-2.6-x86/lib/libcsr_am.a
LOAD ../output/default/pclin-2.6-x86/lib/libcsr_hci.a
LOAD ../output/default/pclin-2.6-x86/lib/libcsr_memstat.a
LOAD ../output/default/pclin-2.6-x86/lib/libcsr_bluecore_manager.a
LOAD ../output/default/pclin-2.6-x86/lib/libcsr_ethernet_manager.a
LOAD ../output/default/pclin-2.6-x86/lib/libcsr_sdio_probe.a
LOAD ../output/default/pclin-2.6-x86/lib/libcsr_tcp_transceiver.a
LOAD ../bsp/ports/pclin/output/default/pclin-2.6-x86/lib/libcsr_ip.a
LOAD ../output/default/pclin-2.6-x86/lib/libcsr_ip_ether_lib.a
LOAD ../output/default/pclin-2.6-x86/lib/libcsr_ip_socket_lib.a
LOAD ../output/default/pclin-2.6-x86/lib/libcsr_ip_ifconfig_lib.a
LOAD ../output/default/pclin-2.6-x86/lib/libcsr_dhcp_server_manager.a
LOAD ../output/default/pclin-2.6-x86/lib/libcsr_dhcp_server.a
LOAD ../output/default/pclin-2.6-x86/lib/libcsr_dhcp_server_lib.a
LOAD ../output/default/pclin-2.6-x86/lib/libcsr_tftp.a
LOAD ../output/default/pclin-2.6-x86/lib/libcsr_tftp_lib.a
LOAD ../output/default/pclin-2.6-x86/lib/libcsr_tftp_file.a
LOAD ../output/default/pclin-2.6-x86/lib/libcsr_fsal.a
LOAD ../output/default/pclin-2.6-x86/lib/libcsr_fsal_lib.a
LOAD ../output/default/pclin-2.6-x86/lib/libcsr_list.a
LOAD ../output/default/pclin-2.6-x86/lib/libcsr_message_queue.a
LOAD ../output/default/pclin-2.6-x86/lib/libcsr_formatted_io.a
LOAD ../output/default/pclin-2.6-x86/lib/libcsr_msg_converter.a
LOAD ../output/default/pclin-2.6-x86/lib/libcsr_core_msg_converter.a
LOAD ../output/default/pclin-2.6-x86/lib/libcsr_unicode.a
LOAD ../output/default/pclin-2.6-x86/lib/libcsr_mblk.a
LOAD ../output/default/pclin-2.6-x86/lib/libcsr_sdio.a
LOAD ../output/default/pclin-2.6-x86/lib/libcsr_type_a.a
LOAD ../output/default/pclin-2.6-x86/lib/libcsr_type_a_async.a
LOAD ../output/default/pclin-2.6-x86/lib/libcsr_bcsp.a
LOAD ../output/default/pclin-2.6-x86/lib/libcsr_h4ds.a
LOAD ../output/default/pclin-2.6-x86/lib/libcsr_queue_lib.a
LOAD ../bsp/ports/pclin/output/default/pclin-2.6-x86/lib/libcsr_util.a
LOAD ../bsp/ports/pclin/output/default/pclin-2.6-x86/lib/libcsr_pmem.a
LOAD ../bsp/ports/pclin/output/default/pclin-2.6-x86/lib/libcsr_time.a
LOAD ../bsp/ports/pclin/output/default/pclin-2.6-x86/lib/libcsr_eh.a
LOAD ../bsp/ports/pclin/output/default/pclin-2.6-x86/lib/libcsr_panic.a
LOAD ../bsp/ports/pclin/output/default/pclin-2.6-x86/lib/libcsr_ser_com.a
LOAD ../bsp/ports/pclin/output/default/pclin-2.6-x86/lib/libcsr_usb_com.a
LOAD ../bsp/ports/pclin/output/default/pclin-2.6-x86/lib/libcsr_logtrans.a
LOAD /usr/lib/gcc/i686-linux-gnu/4.6/../../../i386-linux-gnu/libpthread.so
START GROUP
LOAD /lib/i386-linux-gnu/libpthread.so.0
LOAD /usr/lib/i386-linux-gnu/libpthread_nonshared.a
END GROUP
LOAD /usr/lib/gcc/i686-linux-gnu/4.6/../../../i386-linux-gnu/librt.so
LOAD ../bsp/ports/pclin/output/default/pclin-2.6-x86/lib/libcsr_framework_ext.a
LOAD ../bsp/ports/pclin/output/default/pclin-2.6-x86/lib/libcsr_fs.a
LOAD ../output/default/pclin-2.6-x86/lib/libcsr_usb.a
LOAD ../output/default/pclin-2.6-x86/lib/libcsr_sched.a
LOAD ../output/default/pclin-2.6-x86/lib/libcsr_ui.a
LOAD ../output/default/pclin-2.6-x86/lib/libcsr_app.a
LOAD ../bsp/ports/pclin/output/default/pclin-2.6-x86/lib/libcsr_main.a
LOAD ../output/default/pclin-2.6-x86/lib/libcsr_random.a
LOAD ../output/default/pclin-2.6-x86/lib/libcsr_aclbuf_lower.a
LOAD ../output/default/pclin-2.6-x86/lib/libcsr_arg_search.a
LOAD ../bsp/ports/pclin/output/default/pclin-2.6-x86/lib/libcsr_app_main_bluecore.a
LOAD ../output/default/pclin-2.6-x86/lib/libcsr_tm_bluecore.a
LOAD ../output/default/pclin-2.6-x86/lib/libcsr_bccmd.a
LOAD ../output/default/pclin-2.6-x86/lib/libcsr_fastpipe.a
LOAD ../output/default/pclin-2.6-x86/lib/libcsr_hq.a
LOAD ../output/default/pclin-2.6-x86/lib/libcsr_vm.a
LOAD ../output/default/pclin-2.6-x86/lib/libcsr_am.a
LOAD ../output/default/pclin-2.6-x86/lib/libcsr_hci.a
LOAD ../output/default/pclin-2.6-x86/lib/libcsr_memstat.a
LOAD ../output/default/pclin-2.6-x86/lib/libcsr_bluecore_manager.a
LOAD ../output/default/pclin-2.6-x86/lib/libcsr_ethernet_manager.a
LOAD ../output/default/pclin-2.6-x86/lib/libcsr_sdio_probe.a
LOAD ../output/default/pclin-2.6-x86/lib/libcsr_tcp_transceiver.a
LOAD ../bsp/ports/pclin/output/default/pclin-2.6-x86/lib/libcsr_ip.a
LOAD ../output/default/pclin-2.6-x86/lib/libcsr_ip_ether_lib.a
LOAD ../output/default/pclin-2.6-x86/lib/libcsr_ip_socket_lib.a
LOAD ../output/default/pclin-2.6-x86/lib/libcsr_ip_ifconfig_lib.a
LOAD ../output/default/pclin-2.6-x86/lib/libcsr_dhcp_server_manager.a
LOAD ../output/default/pclin-2.6-x86/lib/libcsr_dhcp_server.a
LOAD ../output/default/pclin-2.6-x86/lib/libcsr_dhcp_server_lib.a
LOAD ../output/default/pclin-2.6-x86/lib/libcsr_tftp.a
LOAD ../output/default/pclin-2.6-x86/lib/libcsr_tftp_lib.a
LOAD ../output/default/pclin-2.6-x86/lib/libcsr_tftp_file.a
LOAD ../output/default/pclin-2.6-x86/lib/libcsr_fsal.a
LOAD ../output/default/pclin-2.6-x86/lib/libcsr_fsal_lib.a
LOAD ../output/default/pclin-2.6-x86/lib/libcsr_list.a
LOAD ../output/default/pclin-2.6-x86/lib/libcsr_message_queue.a
LOAD ../output/default/pclin-2.6-x86/lib/libcsr_formatted_io.a
LOAD ../output/default/pclin-2.6-x86/lib/libcsr_msg_converter.a
LOAD ../output/default/pclin-2.6-x86/lib/libcsr_core_msg_converter.a
LOAD ../output/default/pclin-2.6-x86/lib/libcsr_unicode.a
LOAD ../output/default/pclin-2.6-x86/lib/libcsr_mblk.a
LOAD ../output/default/pclin-2.6-x86/lib/libcsr_sdio.a
LOAD ../output/default/pclin-2.6-x86/lib/libcsr_type_a.a
LOAD ../output/default/pclin-2.6-x86/lib/libcsr_type_a_async.a
LOAD ../output/default/pclin-2.6-x86/lib/libcsr_bcsp.a
LOAD ../output/default/pclin-2.6-x86/lib/libcsr_h4ds.a
LOAD ../output/default/pclin-2.6-x86/lib/libcsr_queue_lib.a
LOAD ../bsp/ports/pclin/output/default/pclin-2.6-x86/lib/libcsr_util.a
LOAD ../bsp/ports/pclin/output/default/pclin-2.6-x86/lib/libcsr_pmem.a
LOAD ../bsp/ports/pclin/output/default/pclin-2.6-x86/lib/libcsr_time.a
LOAD ../bsp/ports/pclin/output/default/pclin-2.6-x86/lib/libcsr_eh.a
LOAD ../bsp/ports/pclin/output/default/pclin-2.6-x86/lib/libcsr_panic.a
LOAD ../bsp/ports/pclin/output/default/pclin-2.6-x86/lib/libcsr_ser_com.a
LOAD ../bsp/ports/pclin/output/default/pclin-2.6-x86/lib/libcsr_usb_com.a
LOAD ../bsp/ports/pclin/output/default/pclin-2.6-x86/lib/libcsr_logtrans.a
LOAD /usr/lib/gcc/i686-linux-gnu/4.6/../../../i386-linux-gnu/libpthread.so
START GROUP
LOAD /lib/i386-linux-gnu/libpthread.so.0
LOAD /usr/lib/i386-linux-gnu/libpthread_nonshared.a
END GROUP
LOAD /usr/lib/gcc/i686-linux-gnu/4.6/../../../i386-linux-gnu/librt.so
LOAD ../bsp/ports/pclin/output/default/pclin-2.6-x86/lib/libcsr_framework_ext.a
LOAD ../bsp/ports/pclin/output/default/pclin-2.6-x86/lib/libcsr_fs.a
LOAD ../output/default/pclin-2.6-x86/lib/libcsr_usb.a
LOAD /usr/lib/gcc/i686-linux-gnu/4.6/libgcc.a
LOAD /usr/lib/gcc/i686-linux-gnu/4.6/libgcc_s.so
LOAD /usr/lib/gcc/i686-linux-gnu/4.6/../../../i386-linux-gnu/libc.so
START GROUP
LOAD /lib/i386-linux-gnu/libc.so.6
LOAD /usr/lib/i386-linux-gnu/libc_nonshared.a
LOAD /lib/i386-linux-gnu/ld-linux.so.2
END GROUP
LOAD /usr/lib/gcc/i686-linux-gnu/4.6/libgcc.a
LOAD /usr/lib/gcc/i686-linux-gnu/4.6/libgcc_s.so
LOAD /usr/lib/gcc/i686-linux-gnu/4.6/crtend.o
LOAD /usr/lib/gcc/i686-linux-gnu/4.6/../../../i386-linux-gnu/crtn.o
                0x0000000008048000                PROVIDE (__executable_start, 0x8048000)
                0x0000000008048154                . = (0x8048000 + SIZEOF_HEADERS)

.interp         0x0000000008048154       0x13
 *(.interp)
 .interp        0x0000000008048154       0x13 /usr/lib/gcc/i686-linux-gnu/4.6/../../../i386-linux-gnu/crt1.o

.note.ABI-tag   0x0000000008048168       0x20
 .note.ABI-tag  0x0000000008048168       0x20 /usr/lib/gcc/i686-linux-gnu/4.6/../../../i386-linux-gnu/crt1.o

.note.gnu.build-id
                0x0000000008048188       0x24
 *(.note.gnu.build-id)
 .note.gnu.build-id
                0x0000000008048188       0x24 /usr/lib/gcc/i686-linux-gnu/4.6/../../../i386-linux-gnu/crt1.o

.hash
 *(.hash)

.gnu.hash       0x00000000080481ac       0x30
 *(.gnu.hash)
 .gnu.hash      0x00000000080481ac       0x30 /usr/lib/gcc/i686-linux-gnu/4.6/../../../i386-linux-gnu/crt1.o

.dynsym         0x00000000080481dc      0x740
 *(.dynsym)
 .dynsym        0x00000000080481dc      0x740 /usr/lib/gcc/i686-linux-gnu/4.6/../../../i386-linux-gnu/crt1.o

.dynstr         0x000000000804891c      0x4fe
 *(.dynstr)
 .dynstr        0x000000000804891c      0x4fe /usr/lib/gcc/i686-linux-gnu/4.6/../../../i386-linux-gnu/crt1.o

.gnu.version    0x0000000008048e1a       0xe8
 *(.gnu.version)
 .gnu.version   0x0000000008048e1a       0xe8 /usr/lib/gcc/i686-linux-gnu/4.6/../../../i386-linux-gnu/crt1.o

.gnu.version_d  0x0000000008048f04        0x0
 *(.gnu.version_d)
 .gnu.version_d
                0x0000000000000000        0x0 /usr/lib/gcc/i686-linux-gnu/4.6/../../../i386-linux-gnu/crt1.o

.gnu.version_r  0x0000000008048f04       0xe0
 *(.gnu.version_r)
 .gnu.version_r
                0x0000000008048f04       0xe0 /usr/lib/gcc/i686-linux-gnu/4.6/../../../i386-linux-gnu/crt1.o

.rel.dyn        0x0000000008048fe4       0x20
 *(.rel.init)
 *(.rel.text .rel.text.* .rel.gnu.linkonce.t.*)
 .rel.text      0x0000000000000000        0x0 /usr/lib/gcc/i686-linux-gnu/4.6/../../../i386-linux-gnu/crt1.o
 *(.rel.fini)
 *(.rel.rodata .rel.rodata.* .rel.gnu.linkonce.r.*)
 .rel.rodata    0x0000000000000000        0x0 /usr/lib/gcc/i686-linux-gnu/4.6/../../../i386-linux-gnu/crt1.o
 *(.rel.data.rel.ro* .rel.gnu.linkonce.d.rel.ro.*)
 *(.rel.data .rel.data.* .rel.gnu.linkonce.d.*)
 *(.rel.tdata .rel.tdata.* .rel.gnu.linkonce.td.*)
 *(.rel.tbss .rel.tbss.* .rel.gnu.linkonce.tb.*)
 *(.rel.ctors)
 *(.rel.dtors)
 *(.rel.got)
 .rel.got       0x0000000008048fe4        0x8 /usr/lib/gcc/i686-linux-gnu/4.6/../../../i386-linux-gnu/crt1.o
 *(.rel.bss .rel.bss.* .rel.gnu.linkonce.b.*)
 .rel.bss       0x0000000008048fec       0x18 /usr/lib/gcc/i686-linux-gnu/4.6/../../../i386-linux-gnu/crt1.o
 *(.rel.ifunc)

.rel.plt        0x0000000008049004      0x370
 *(.rel.plt)
 .rel.plt       0x0000000008049004      0x370 /usr/lib/gcc/i686-linux-gnu/4.6/../../../i386-linux-gnu/crt1.o
                0x0000000008049374                PROVIDE (__rel_iplt_start, .)
 *(.rel.iplt)
 .rel.iplt      0x0000000000000000        0x0 /usr/lib/gcc/i686-linux-gnu/4.6/../../../i386-linux-gnu/crt1.o
                0x0000000008049374                PROVIDE (__rel_iplt_end, .)

.init           0x0000000008049374       0x2e
 *(.init)
 .init          0x0000000008049374       0x1f /usr/lib/gcc/i686-linux-gnu/4.6/../../../i386-linux-gnu/crti.o
                0x0000000008049374                _init
 .init          0x0000000008049393        0x5 /usr/lib/gcc/i686-linux-gnu/4.6/crtbegin.o
 .init          0x0000000008049398        0x5 /usr/lib/gcc/i686-linux-gnu/4.6/crtend.o
 .init          0x000000000804939d        0x5 /usr/lib/gcc/i686-linux-gnu/4.6/../../../i386-linux-gnu/crtn.o

.plt            0x00000000080493b0      0x6f0
 *(.plt)
 .plt           0x00000000080493b0      0x6f0 /usr/lib/gcc/i686-linux-gnu/4.6/../../../i386-linux-gnu/crt1.o
                0x00000000080493c0                setsockopt@@GLIBC_2.0
                0x00000000080493d0                pthread_mutex_unlock@@GLIBC_2.0
                0x00000000080493e0                setbuf@@GLIBC_2.0
                0x00000000080493f0                dup2@@GLIBC_2.0
                0x0000000008049400                strstr@@GLIBC_2.0
                0x0000000008049410                pthread_attr_init@@GLIBC_2.1
                0x0000000008049420                strcmp@@GLIBC_2.0
                0x0000000008049430                read@@GLIBC_2.0
                0x0000000008049440                pthread_mutex_destroy@@GLIBC_2.0
                0x0000000008049450                printf@@GLIBC_2.0
                0x0000000008049460                memmove@@GLIBC_2.0
                0x0000000008049470                free@@GLIBC_2.0
                0x0000000008049480                memcpy@@GLIBC_2.0
                0x0000000008049490                pthread_self@@GLIBC_2.0
                0x00000000080494a0                pthread_mutex_init@@GLIBC_2.0
                0x00000000080494b0                rmdir@@GLIBC_2.0
                0x00000000080494c0                pthread_cond_wait@@GLIBC_2.3.2
                0x00000000080494d0                cfsetospeed@@GLIBC_2.0
                0x00000000080494e0                lseek@@GLIBC_2.0
                0x00000000080494f0                memcmp@@GLIBC_2.0
                0x0000000008049500                gettimeofday@@GLIBC_2.0
                0x0000000008049510                select@@GLIBC_2.0
                0x0000000008049520                chdir@@GLIBC_2.0
                0x0000000008049530                pthread_equal@@GLIBC_2.0
                0x0000000008049540                recvfrom@@GLIBC_2.0
                0x0000000008049550                __stack_chk_fail@@GLIBC_2.4
                0x0000000008049560                pthread_condattr_init@@GLIBC_2.0
                0x0000000008049570                htons@@GLIBC_2.0
                0x0000000008049580                pthread_mutex_lock@@GLIBC_2.0
                0x0000000008049590                unlink@@GLIBC_2.0
                0x00000000080495a0                fnmatch@@GLIBC_2.2.3
                0x00000000080495b0                getsockopt@@GLIBC_2.0
                0x00000000080495c0                ioctl@@GLIBC_2.0
                0x00000000080495d0                __xstat@@GLIBC_2.0
                0x00000000080495e0                perror@@GLIBC_2.0
                0x00000000080495f0                poll@@GLIBC_2.0
                0x0000000008049600                accept@@GLIBC_2.0
                0x0000000008049610                waitpid@@GLIBC_2.0
                0x0000000008049620                usleep@@GLIBC_2.0
                0x0000000008049630                strcat@@GLIBC_2.0
                0x0000000008049640                strcpy@@GLIBC_2.0
                0x0000000008049650                tcsetattr@@GLIBC_2.0
                0x0000000008049660                pthread_cond_signal@@GLIBC_2.3.2
                0x0000000008049670                if_nametoindex@@GLIBC_2.1
                0x0000000008049680                malloc@@GLIBC_2.0
                0x0000000008049690                puts@@GLIBC_2.0
                0x00000000080496a0                system@@GLIBC_2.0
                0x00000000080496b0                pthread_condattr_destroy@@GLIBC_2.0
                0x00000000080496d0                exit@@GLIBC_2.0
                0x00000000080496e0                kill@@GLIBC_2.0
                0x00000000080496f0                open@@GLIBC_2.0
                0x0000000008049700                rename@@GLIBC_2.0
                0x0000000008049710                strchr@@GLIBC_2.0
                0x0000000008049720                getcwd@@GLIBC_2.0
                0x0000000008049730                fsync@@GLIBC_2.0
                0x0000000008049740                __libc_start_main@@GLIBC_2.0
                0x0000000008049750                execve@@GLIBC_2.0
                0x0000000008049760                write@@GLIBC_2.0
                0x0000000008049770                pthread_cond_init@@GLIBC_2.3.2
                0x0000000008049780                cfsetispeed@@GLIBC_2.0
                0x0000000008049790                fcntl@@GLIBC_2.0
                0x00000000080497a0                bind@@GLIBC_2.0
                0x00000000080497b0                __isoc99_sscanf@@GLIBC_2.7
                0x00000000080497c0                gmtime@@GLIBC_2.0
                0x00000000080497d0                memset@@GLIBC_2.0
                0x00000000080497e0                getifaddrs@@GLIBC_2.3
                0x00000000080497f0                mkdir@@GLIBC_2.0
                0x0000000008049800                writev@@GLIBC_2.0
                0x0000000008049810                ftruncate@@GLIBC_2.0
                0x0000000008049820                __errno_location@@GLIBC_2.0
                0x0000000008049830                pthread_cancel@@GLIBC_2.0
                0x0000000008049840                strncpy@@GLIBC_2.0
                0x0000000008049850                fileno@@GLIBC_2.0
                0x0000000008049860                pthread_condattr_setclock@@GLIBC_2.3.3
                0x0000000008049870                pipe@@GLIBC_2.0
                0x0000000008049880                freeifaddrs@@GLIBC_2.3
                0x0000000008049890                sendto@@GLIBC_2.0
                0x00000000080498a0                fork@@GLIBC_2.0
                0x00000000080498b0                readdir@@GLIBC_2.0
                0x00000000080498c0                pthread_cond_timedwait@@GLIBC_2.3.2
                0x00000000080498d0                readv@@GLIBC_2.0
                0x00000000080498e0                htonl@@GLIBC_2.0
                0x00000000080498f0                freeaddrinfo@@GLIBC_2.0
                0x0000000008049900                listen@@GLIBC_2.0
                0x0000000008049910                strrchr@@GLIBC_2.0
                0x0000000008049920                pthread_cond_destroy@@GLIBC_2.3.2
                0x0000000008049930                ntohs@@GLIBC_2.0
                0x0000000008049940                pthread_join@@GLIBC_2.0
                0x0000000008049950                getsockname@@GLIBC_2.0
                0x0000000008049960                sprintf@@GLIBC_2.0
                0x0000000008049970                vsnprintf@@GLIBC_2.0
                0x0000000008049980                nanosleep@@GLIBC_2.0
                0x0000000008049990                socket@@GLIBC_2.0
                0x00000000080499a0                getaddrinfo@@GLIBC_2.0
                0x00000000080499b0                pthread_create@@GLIBC_2.1
                0x00000000080499c0                clock_gettime@@GLIBC_2.2
                0x00000000080499d0                pthread_detach@@GLIBC_2.0
                0x00000000080499e0                strncmp@@GLIBC_2.0
                0x00000000080499f0                tcgetattr@@GLIBC_2.0
                0x0000000008049a00                chmod@@GLIBC_2.0
                0x0000000008049a10                abort@@GLIBC_2.0
                0x0000000008049a20                connect@@GLIBC_2.0
                0x0000000008049a30                recv@@GLIBC_2.0
                0x0000000008049a40                close@@GLIBC_2.0
                0x0000000008049a50                closedir@@GLIBC_2.0
                0x0000000008049a60                opendir@@GLIBC_2.0
                0x0000000008049a70                send@@GLIBC_2.0
                0x0000000008049a80                calloc@@GLIBC_2.0
                0x0000000008049a90                strncat@@GLIBC_2.0
 *(.iplt)
 .iplt          0x0000000000000000        0x0 /usr/lib/gcc/i686-linux-gnu/4.6/../../../i386-linux-gnu/crt1.o

.text           0x0000000008049aa0    0x3f93c
 *(.text.unlikely .text.*_unlikely)
 *(.text.exit .text.exit.*)
 *(.text.startup .text.startup.*)
 *(.text.hot .text.hot.*)
 *(.text .stub .text.* .gnu.linkonce.t.*)
 .text          0x0000000008049aa0       0x24 /usr/lib/gcc/i686-linux-gnu/4.6/../../../i386-linux-gnu/crt1.o
                0x0000000008049aa0                _start
 .text          0x0000000008049ac4        0x0 /usr/lib/gcc/i686-linux-gnu/4.6/../../../i386-linux-gnu/crti.o
 *fill*         0x0000000008049ac4        0xc 90909090
 .text          0x0000000008049ad0       0x83 /usr/lib/gcc/i686-linux-gnu/4.6/crtbegin.o
 *fill*         0x0000000008049b53        0x1 90909090
 .text          0x0000000008049b54      0x54d output/default/pclin-2.6-x86/obj/csr_tasks.o
                0x0000000008049b54                CsrAppMainUsage
                0x0000000008049b59                CsrAppMain
                0x0000000008049c72                CsrSchedTaskInit
 *fill*         0x000000000804a0a1        0x3 90909090
 .text          0x000000000804a0a4      0xf20 output/default/pclin-2.6-x86/obj/bootstrap/csr_bootstrap_generic.o
                0x000000000804aa75                CsrBootstrapAddPskey
                0x000000000804aacf                CsrBootstrapParsePsrConstant
                0x000000000804ac28                CsrBootstrapParsePsrFile
                0x000000000804add5                CsrBootstrapSetInterface
                0x000000000804ae40                CsrBootstrapSetBitRate
                0x000000000804ae5f                CsrBootstrapSetFriendlyName
                0x000000000804aeb6                CsrBootstrapSetLocalBtAddress
                0x000000000804aee9                CsrBootstrapSetFrequency
                0x000000000804af11                CsrBootstrapSetFreqTrim
                0x000000000804af39                CsrTmBlueCoreGetBootstrap
 .text          0x000000000804afc4       0xa5 output/default/pclin-2.6-x86/obj/bootstrap/csr_bootstrap_specific_string_based.o
                0x000000000804afc4                CsrBootstrapSpecific
 *fill*         0x000000000804b069        0x3 90909090
 .text          0x000000000804b06c        0x0 output/default/pclin-2.6-x86/obj/bootstrap/psr/pb-101r2_7558_uart.o
 .text          0x000000000804b06c        0x0 output/default/pclin-2.6-x86/obj/bootstrap/psr/pb-14r2_3164.o
 .text          0x000000000804b06c        0x0 output/default/pclin-2.6-x86/obj/bootstrap/psr/pb-22r14_4363.o
 .text          0x000000000804b06c        0x0 output/default/pclin-2.6-x86/obj/bootstrap/psr/pb-26r17_4698.o
 .text          0x000000000804b06c        0x0 output/default/pclin-2.6-x86/obj/bootstrap/psr/pb-27r20_4841.o
 .text          0x000000000804b06c        0x0 output/default/pclin-2.6-x86/obj/bootstrap/psr/pb-28r2_4839.o
 .text          0x000000000804b06c        0x0 output/default/pclin-2.6-x86/obj/bootstrap/psr/pb-2r17_1958.o
 .text          0x000000000804b06c        0x0 output/default/pclin-2.6-x86/obj/bootstrap/psr/pb-49r3_5892.o
 .text          0x000000000804b06c        0x0 output/default/pclin-2.6-x86/obj/bootstrap/psr/pb-51r22_5985_bga.o
 .text          0x000000000804b06c        0x0 output/default/pclin-2.6-x86/obj/bootstrap/psr/pb-51r22_5985_csp0p4.o
 .text          0x000000000804b06c        0x0 output/default/pclin-2.6-x86/obj/bootstrap/psr/pb-51r22_5985_csp0p5.o
 .text          0x000000000804b06c        0x0 output/default/pclin-2.6-x86/obj/bootstrap/psr/pb-51r26_5985_bga.o
 .text          0x000000000804b06c        0x0 output/default/pclin-2.6-x86/obj/bootstrap/psr/pb-51r26_5985_csp0p4.o
 .text          0x000000000804b06c        0x0 output/default/pclin-2.6-x86/obj/bootstrap/psr/pb-51r26_5985_csp0p5.o
 .text          0x000000000804b06c        0x0 output/default/pclin-2.6-x86/obj/bootstrap/psr/pb-53r7_6247_csp.o
 .text          0x000000000804b06c        0x0 output/default/pclin-2.6-x86/obj/bootstrap/psr/pb-53r7_6247_qfn.o
 .text          0x000000000804b06c        0x0 output/default/pclin-2.6-x86/obj/bootstrap/psr/pb-75_6455_csp.o
 .text          0x000000000804b06c        0x0 output/default/pclin-2.6-x86/obj/bootstrap/psr/pb-84r2_6817_csp.o
 .text          0x000000000804b06c        0x0 output/default/pclin-2.6-x86/obj/bootstrap/psr/pb-90r1_6817.o
 .text          0x000000000804b06c        0x0 output/default/pclin-2.6-x86/obj/bootstrap/psr/ps-default.o
 .text          0x000000000804b06c        0x0 output/default/pclin-2.6-x86/obj/bootstrap/psr/ps-gemini_a06.o
 .text          0x000000000804b06c     0x1eda ../output/default/pclin-2.6-x86/lib/libcsr_sched.a(csr_sched.o)
                0x000000000804b06c                CsrGetThreadIndex
                0x000000000804b52b                CsrSchedBgintReg
                0x000000000804b65e                CsrSchedBgintUnreg
                0x000000000804b6ed                CsrSchedBgintSet
                0x000000000804b89b                CsrSchedLoop
                0x000000000804bfb5                CsrSched
                0x000000000804c2e0                CsrSchedInit
                0x000000000804c6f4                CsrSchedDeinit
                0x000000000804c869                CsrSchedStop
                0x000000000804c88b                CsrSchedMessageBroadcast
                0x000000000804c978                CsrSchedMessagePut
                0x000000000804c9c5                CsrSchedMessageGet
                0x000000000804caf4                CsrSchedTimerSet
                0x000000000804ccff                CsrSchedTimerCancel
                0x000000000804cdf6                CsrSchedTaskQueueGet
                0x000000000804ce29                CsrSchedRegisterTask
                0x000000000804cf39                CsrSchedRegisterExternalSend
 *fill*         0x000000000804cf46        0x2 90909090
 .text          0x000000000804cf48      0x1d3 ../output/default/pclin-2.6-x86/lib/libcsr_ui.a(csr_ui_ctrl.o)
                0x000000000804cf48                CsrUiHandler
                0x000000000804d008                CsrUiInitialise
                0x000000000804d0a0                CsrUiDeinitialise
 *fill*         0x000000000804d11b        0x1 90909090
 .text          0x000000000804d11c      0x2e7 ../output/default/pclin-2.6-x86/lib/libcsr_ui.a(csr_ui_displaystack.o)
                0x000000000804d11c                CsrUiDisplayUieShow
                0x000000000804d294                CsrUiDisplayUieHide
                0x000000000804d35a                CsrUiDisplaySetinputmode
                0x000000000804d3a7                CsrUiDisplayGethandle
                0x000000000804d3c6                CsrUiDisplayDestroyAll
 *fill*         0x000000000804d403        0x1 90909090
 .text          0x000000000804d404      0x212 ../output/default/pclin-2.6-x86/lib/libcsr_ui.a(csr_ui_emulator_touchdecoder.o)
                0x000000000804d404                CsrUiTouchEvent
                0x000000000804d48c                CsrUiTouchDecoderRegisterEventHandler
                0x000000000804d564                CsrUiRegisterKey
                0x000000000804d5c2                CsrUiTouchDecoderDeinit
 *fill*         0x000000000804d616        0x2 90909090
 .text          0x000000000804d618      0xff8 ../output/default/pclin-2.6-x86/lib/libcsr_ui.a(csr_ui_keyhandler.o)
                0x000000000804d731                CsrUiKeyEvent
                0x000000000804d996                CsrUiKeyMultiKeyReset
                0x000000000804d9df                CsrUiKeyMultiKeyTimerEvent
                0x000000000804ddcc                CsrUiKeyHandler
 .text          0x000000000804e610     0x3023 ../output/default/pclin-2.6-x86/lib/libcsr_ui.a(csr_ui_renderer.o)
                0x00000000080505b2                CsrUiRenderRedraw
                0x0000000008051028                CsrUiRenderCalculateScreenCoordinates
                0x0000000008051350                CsrUiRenderMenuScrollUp
                0x00000000080513c3                CsrUiRenderMenuScrollDown
                0x00000000080514a3                CsrUiRenderMenuScrollUpdate
                0x0000000008051559                CsrUiRenderMenuScrollDelete
                0x0000000008051586                CsrUiRenderDialogScrollUp
                0x00000000080515b4                CsrUiRenderDialogScrollDown
 *fill*         0x0000000008051633        0x1 90909090
 .text          0x0000000008051634      0xaa5 ../output/default/pclin-2.6-x86/lib/libcsr_ui.a(csr_ui_renderer_text.o)
                0x0000000008051989                CsrUiRenderTextRedraw
                0x0000000008051df6                CsrUiRenderTextMenuScrollUp
                0x0000000008051e69                CsrUiRenderTextMenuScrollDown
                0x0000000008051f49                CsrUiRenderTextMenuScrollUpdate
                0x0000000008051fff                CsrUiRenderTextMenuScrollDelete
                0x000000000805202c                CsrUiRenderTextDialogScrollUp
                0x000000000805205a                CsrUiRenderTextDialogScrollDown
 *fill*         0x00000000080520d9        0x3 90909090
 .text          0x00000000080520dc      0xe16 ../output/default/pclin-2.6-x86/lib/libcsr_ui.a(csr_ui_sef.o)
                0x00000000080520dc                CsrUiUieCreateReqHandler
                0x000000000805215f                CsrUiMenuSetReqHandler
                0x0000000008052204                CsrUiMenuGetReqHandler
                0x000000000805220e                CsrUiMenuAdditemReqHandler
                0x00000000080522f9                CsrUiMenuRemoveitemReqHandler
                0x000000000805235b                CsrUiMenuRemoveallitemsReqHandler
                0x00000000080523af                CsrUiMenuSetitemReqHandler
                0x0000000008052486                CsrUiMenuGetitemReqHandler
                0x0000000008052587                CsrUiMenuSetcursorReqHandler
                0x00000000080525e9                CsrUiMenuGetcursorReqHandler
                0x0000000008052664                CsrUiEventSetReqHandler
                0x00000000080526b1                CsrUiEventGetReqHandler
                0x00000000080526bb                CsrUiDialogSetReqHandler
                0x00000000080527b2                CsrUiDialogGetReqHandler
                0x00000000080527bc                CsrUiInputdialogSetReqHandler
                0x0000000008052994                CsrUiInputdialogGetReqHandler
                0x0000000008052a62                CsrUiIdlescreenSetReqHandler
                0x0000000008052c05                CsrUiIdlescreenGetReqHandler
                0x0000000008052cd3                CsrUiUieShowReqHandler
                0x0000000008052d2b                CsrUiUieHideReqHandler
                0x0000000008052d54                CsrUiDisplaySetinputmodeReqHandler
                0x0000000008052d90                CsrUiDisplayGethandleReqHandler
                0x0000000008052df7                CsrUiStatusBatterySetReqHandler
                0x0000000008052e19                CsrUiStatusRadiometerSetReqHandler
                0x0000000008052e3b                CsrUiStatusHeadsetSetReqHandler
                0x0000000008052e80                CsrUiStatusBluetoothSetReqHandler
                0x0000000008052ea2                CsrUiStatusWifiSetReqHandler
                0x0000000008052ec4                CsrUiUieDestroyReqHandler
 *fill*         0x0000000008052ef2        0x2 90909090
 .text          0x0000000008052ef4      0xd02 ../output/default/pclin-2.6-x86/lib/libcsr_ui.a(csr_ui_uiemanager.o)
                0x0000000008052ef4                CsrUiUieMenuGetNumberOfItems
                0x0000000008052f25                CsrUiUieMenuGetCursorIndex
                0x0000000008052f61                CsrUiUieMenuGetCursorPosition
                0x0000000008052f95                CsrUiUieMenuSetCursorPosition
                0x0000000008053032                CsrUiUieHandle2Pointer
                0x0000000008053067                CsrUiUieCreate
                0x000000000805338e                CsrUiUieDestroy
                0x000000000805355c                CsrUiUieDestroyAll
                0x00000000080535cd                CsrUiUieMenuAdditem
                0x00000000080537d5                CsrUiUieMenuRemoveitem
                0x00000000080539f3                CsrUiUieMenuRemoveallitems
                0x0000000008053a90                CsrUiUieMenuSetitem
                0x0000000008053b97                CsrUiUieMenuGetitem
 *fill*         0x0000000008053bf6        0x2 90909090
 .text          0x0000000008053bf8      0x43d ../output/default/pclin-2.6-x86/lib/libcsr_ui.a(csr_ui_util.o)
                0x0000000008053bf8                CsrUiUtilStringLength
                0x0000000008053c2a                CsrUiUtilStringLines
                0x0000000008053c75                CsrUiUtilStringCopy
                0x0000000008053cdd                CsrUiUtilWordLength
                0x0000000008053d1d                CsrUiUtilWordWrap
                0x0000000008053f90                CsrUiUtilStringCat
                0x0000000008053fd6                CsrUiUtilStringCatCap
 *fill*         0x0000000008054035        0x3 90909090
 .text          0x0000000008054038      0x259 ../output/default/pclin-2.6-x86/lib/libcsr_ui.a(csr_ui_free_down.o)
                0x0000000008054038                CsrUiFreeDownstreamMessageContents
 *fill*         0x0000000008054291        0x3 90909090
 .text          0x0000000008054294      0x4ce ../output/default/pclin-2.6-x86/lib/libcsr_ui.a(csr_ui_graphics_driver.o)
                0x0000000008054294                CsrUiGraphicsDriverLine
                0x0000000008054542                CsrUiGraphicsDriverGetFontWidth
                0x0000000008054559                CsrUiGraphicsDriverGetFontHeight
                0x0000000008054570                CsrUiGraphicsDriverPutFontCharacter
                0x00000000080546d1                CsrUiGraphicsDriverPrintFontString
 *fill*         0x0000000008054762        0x2 90909090
 .text          0x0000000008054764       0xd6 ../output/default/pclin-2.6-x86/lib/libcsr_ui.a(csr_ui_icon.o)
                0x0000000008054764                CsrUiIconPut
 *fill*         0x000000000805483a        0x2 90909090
 .text          0x000000000805483c        0x0 ../output/default/pclin-2.6-x86/lib/libcsr_ui.a(csr_ui_font_sax_mono_12x22.o)
 .text          0x000000000805483c        0x0 ../output/default/pclin-2.6-x86/lib/libcsr_ui.a(csr_ui_font_sax_mono_10x21.o)
 .text          0x000000000805483c      0x72e ../output/default/pclin-2.6-x86/lib/libcsr_app.a(csr_app_handler.o)
                0x000000000805483c                CsrAppInitialization
                0x00000000080548ba                CsrAppDeinitialization
                0x00000000080549c1                CsrAppHandler
 *fill*         0x0000000008054f6a        0x2 90909090
 .text          0x0000000008054f6c      0xa4b ../output/default/pclin-2.6-x86/lib/libcsr_app.a(csr_app_ui_sef.o)
                0x0000000008054f6c                CsrAppCsrUiUieCreateCfmHandler
                0x0000000008055724                CsrAppCsrUiMenuGetitemCfmHandler
                0x0000000008055837                CsrAppCsrUiEventIndHandler
 *fill*         0x00000000080559b7        0x1 90909090
 .text          0x00000000080559b8      0x65e ../output/default/pclin-2.6-x86/lib/libcsr_app.a(csr_app_util.o)
                0x00000000080559b8                CsrAppRestoreSavedMessages
                0x00000000080559f9                CsrAppGetProfileEntryFromKey
                0x0000000008055a37                CsrAppInsertDisplayMenuHandle
                0x0000000008055c6b                CsrAppInsertPopupDialogHandle
                0x0000000008055cb5                CsrAppGetProfileUieFromMenuName
                0x0000000008055e4b                CsrAppRegisterProfile
 *fill*         0x0000000008056016        0x2 90909090
 .text          0x0000000008056018       0xc0 ../output/default/pclin-2.6-x86/lib/libcsr_app.a(csr_app_free_down.o)
                0x0000000008056018                CsrAppFreeDownstreamMessageContents
 .text          0x00000000080560d8        0xd ../output/default/pclin-2.6-x86/lib/libcsr_app.a(csr_app_lower_private.o)
                0x00000000080560d8                CsrAppExitFunctionRegister
 *fill*         0x00000000080560e5        0x3 90909090
 .text          0x00000000080560e8       0x25 ../bsp/ports/pclin/output/default/pclin-2.6-x86/lib/libcsr_main.a(csr_main.o)
                0x00000000080560e8                main
 *fill*         0x000000000805610d        0x3 90909090
 .text          0x0000000008056110      0x214 ../output/default/pclin-2.6-x86/lib/libcsr_arg_search.a(csr_arg_search.o)
                0x0000000008056110                CsrArgSearchInit
                0x0000000008056125                CsrArgSearchValidate
                0x0000000008056191                CsrArgSearch
 .text          0x0000000008056324      0x276 ../bsp/ports/pclin/output/default/pclin-2.6-x86/lib/libcsr_app_main_bluecore.a(csr_app_main.o)
                0x000000000805636a                CsrMain
 *fill*         0x000000000805659a        0x2 90909090
 .text          0x000000000805659c      0x4f2 ../bsp/ports/pclin/output/default/pclin-2.6-x86/lib/libcsr_app_main_bluecore.a(csr_key_input.o)
                0x000000000805659c                handleAsciiKeyCodes
                0x000000000805687f                CsrKeyInputActivate
                0x00000000080569ff                CsrKeyInputDeactivate
 *fill*         0x0000000008056a8e        0x2 90909090
 .text          0x0000000008056a90      0x155 ../bsp/ports/pclin/output/default/pclin-2.6-x86/lib/libcsr_app_main_bluecore.a(csr_ui_lower.o)
                0x0000000008056a90                CsrUiLowerInitialise
                0x0000000008056ab8                CsrUiGraphicsRendererConfigurationGet
                0x0000000008056bca                CsrUiTextRendererConfigurationGet
 *fill*         0x0000000008056be5        0x3 90909090
 .text          0x0000000008056be8      0x792 ../bsp/ports/pclin/output/default/pclin-2.6-x86/lib/libcsr_app_main_bluecore.a(csr_app_main_transport_bluecore.o)
                0x0000000008056be8                CsrAppMainBluecoreTransportGet
                0x0000000008056bf4                CsrAppMainBluecorePreBootstrapBaudrateGet
                0x0000000008056bfe                CsrAppMainBluecorePostBootstrapBaudrateGet
                0x0000000008056c08                CsrAppMainBluecoreXtalFrequencyGet
                0x0000000008056c12                CsrAppMainBluecoreLocalDeviceBluetoothAddressGet
                0x0000000008056c3b                CsrAppMainBluecoreLocalDeviceNameGet
                0x0000000008056c45                CsrAppMainBluecorePsrFileGet
                0x0000000008056c4f                CsrAppMainBluecorePsrStringGet
                0x0000000008056c59                CsrAppMainTransportInitialise
                0x0000000008057258                CsrAppMainTransportDeinitialise
                0x0000000008057280                CsrAppMainTransportUsage
 *fill*         0x000000000805737a        0x2 90909090
 .text          0x000000000805737c      0x118 ../output/default/pclin-2.6-x86/lib/libcsr_tm_bluecore.a(csr_tm_bluecore_handler.o)
                0x000000000805737c                CsrTmBlueCoreHandler
                0x00000000080573ff                CsrTmBlueCoreDeinit
 .text          0x0000000008057494      0x79f ../output/default/pclin-2.6-x86/lib/libcsr_tm_bluecore.a(csr_tm_bluecore_sef.o)
                0x0000000008057adc                CsrTmBlueCoreTransportInit
                0x0000000008057b65                CsrTmBlueCoreTmBlueCoreMsgHandler
                0x0000000008057bad                CsrTmBlueCoreBccmdMsgHandler
                0x0000000008057c04                CsrTmBlueCoreHciMsgHandler
 *fill*         0x0000000008057c33        0x1 90909090
 .text          0x0000000008057c34      0x217 ../output/default/pclin-2.6-x86/lib/libcsr_tm_bluecore.a(csr_tm_bluecore_transport.o)
                0x0000000008057c34                CsrTmBlueCoreTransportDelete
                0x0000000008057c39                CsrTmBlueCoreTransportStart
                0x0000000008057c72                CsrTmBlueCoreTransportStop
                0x0000000008057cb0                CsrTmBlueCoreTransportQuery
                0x0000000008057ce4                CsrTmBlueCoreTransportMsgTx
                0x0000000008057d10                CsrTmBlueCoreTransportMsgRx
                0x0000000008057d3c                CsrTmBlueCoreTransportMsgClean
                0x0000000008057d68                CsrTmBlueCoreTransportScoTx
                0x0000000008057d94                CsrTmBlueCoreTransportRegisterMsgRx
                0x0000000008057db7                CsrTmBlueCoreTransportDriverRestart
                0x0000000008057dff                CsrTmBlueCoreTransportRestart
                0x0000000008057e25                CsrTmBlueCoreTransportClose
 *fill*         0x0000000008057e4b        0x1 90909090
 .text          0x0000000008057e4c      0x2df ../output/default/pclin-2.6-x86/lib/libcsr_bccmd.a(csr_bccmd_handler.o)
                0x0000000008057e4c                CsrBccmdInit
                0x0000000008057f15                CsrBccmdHandler
                0x0000000008058009                CsrBccmdDeinit
 *fill*         0x000000000805812b        0x1 90909090
 .text          0x000000000805812c      0x4ba ../output/default/pclin-2.6-x86/lib/libcsr_bccmd.a(csr_bccmd_lib.o)
                0x000000000805812c                CsrBccmdWriteReqSend
                0x00000000080581cc                CsrBccmdReadReqSend
                0x000000000805826c                CsrBccmdReadPsValueReqSend
                0x000000000805831e                CsrBccmdWritePsValueReqSend
                0x00000000080583cf                CsrBccmdReq_struct
                0x000000000805841e                CsrBccmdFlushReq_struct
                0x0000000008058452                CsrTmBlueCoreBuildBccmdSetMsg
                0x0000000008058512                CsrTmBlueCoreBuildBccmdPsSetMsg
 *fill*         0x00000000080585e6        0x2 90909090
 .text          0x00000000080585e8      0xa6d ../output/default/pclin-2.6-x86/lib/libcsr_bccmd.a(csr_bccmd_sef.o)
                0x000000000805881e                CsrBccmdGetBuildId
                0x0000000008058ac7                CsrBccmdCfmSend
                0x0000000008058c2d                CsrBccmdRemoveBootType
                0x0000000008058c65                CsrBccmdReqHandler
                0x0000000008058cc4                CsrBccmdFlushReqHandler
                0x0000000008058d72                CsrBccmdBootstrapReqHandler
                0x0000000008058dce                CsrBccmdResetResHandler
                0x0000000008058e17                CsrBccmdGetBuildIdHandler
                0x0000000008058e90                CsrBccmdHciVendorSpecificEventIndHandler
                0x0000000008058fc6                CsrBccmdRestoreMessageHandler
                0x0000000008059026                CsrTmBlueCoreActivateTransportCfmHandler
 *fill*         0x0000000008059055        0x3 90909090
 .text          0x0000000008059058      0x10d ../output/default/pclin-2.6-x86/lib/libcsr_bccmd.a(csr_bccmd_private_lib.o)
                0x0000000008059058                CsrBccmdBootstrapReq_struct
                0x00000000080590a7                CsrBccmdResetRes_struct
                0x00000000080590db                CsrBccmdGetBuildIdReq_struct
                0x000000000805910f                CsrBccmdQueryReq_struct
                0x0000000008059131                CsrBccmdPanicArgsReq_struct
 *fill*         0x0000000008059165        0x3 90909090
 .text          0x0000000008059168      0x296 ../output/default/pclin-2.6-x86/lib/libcsr_bccmd.a(csr_bccmd_util.o)
                0x0000000008059168                CsrBccmdBccmdCommandBuild
                0x00000000080592d1                CsrBccmdPsKeyCommandBuild
 *fill*         0x00000000080593fe        0x2 90909090
 .text          0x0000000008059400       0x4e ../output/default/pclin-2.6-x86/lib/libcsr_bccmd.a(csr_bccmd_free_up.o)
                0x0000000008059400                CsrBccmdFreeUpstreamMessageContents
 *fill*         0x000000000805944e        0x2 90909090
 .text          0x0000000008059450      0x2be ../output/default/pclin-2.6-x86/lib/libcsr_fastpipe.a(csr_fp_handler.o)
                0x000000000805949d                CsrFpHandler
                0x00000000080595cd                CsrFpInit
                0x0000000008059636                CsrFpDeinit
 *fill*         0x000000000805970e        0x2 90909090
 .text          0x0000000008059710     0x1675 ../output/default/pclin-2.6-x86/lib/libcsr_fastpipe.a(csr_fp_sef.o)
                0x00000000080597ed                CsrFpClistClear
                0x0000000008059839                CsrFpContainerCreate
                0x00000000080598cd                CsrFpContainerDestroy
                0x000000000805992a                CsrFpContainerDestroyAll
                0x000000000805a419                CsrFpCreateReqHandler
                0x000000000805a53f                CsrFpWriteReqHandler
                0x000000000805a695                CsrFpClearReqHandler
                0x000000000805a7c8                CsrFpDestroyReqHandler
                0x000000000805a8c4                CsrFpHciAclDataIndHandler
                0x000000000805ac90                CsrFpBccmdCfmHandler
                0x000000000805ad2e                CsrFpActivate
 *fill*         0x000000000805ad85        0x3 90909090
 .text          0x000000000805ad88       0x4c ../output/default/pclin-2.6-x86/lib/libcsr_fastpipe.a(csr_fp_free_down.o)
                0x000000000805ad88                CsrFpFreeDownstreamMessageContents
 .text          0x000000000805add4      0x220 ../output/default/pclin-2.6-x86/lib/libcsr_hq.a(csr_hq_handler.o)
                0x000000000805add4                CsrHqInit
                0x000000000805ae56                CsrHqHandler
                0x000000000805af65                CsrHqDeinit
 .text          0x000000000805aff4      0x176 ../output/default/pclin-2.6-x86/lib/libcsr_hq.a(csr_hq_subscriber.o)
                0x000000000805aff4                CsrHqInsertSubscriber
                0x000000000805b08c                CsrHqRemoveSubscriberSpecific
                0x000000000805b107                CsrHqRemoveSubscriber
 *fill*         0x000000000805b16a        0x2 90909090
 .text          0x000000000805b16c      0x589 ../output/default/pclin-2.6-x86/lib/libcsr_hq.a(csr_hq_sef.o)
                0x000000000805b1d0                CsrHqRegisterReqHandler
                0x000000000805b25c                CsrHqDeregisterReqHandler
                0x000000000805b2c3                CsrHqMsgResHandler
                0x000000000805b422                CsrHqHciVendorSpecificEventIndHandler
 *fill*         0x000000000805b6f5        0x3 90909090
 .text          0x000000000805b6f8       0x4c ../output/default/pclin-2.6-x86/lib/libcsr_hq.a(csr_hq_free_down.o)
                0x000000000805b6f8                CsrHqFreeDownstreamMessageContents
 .text          0x000000000805b744      0x37b ../output/default/pclin-2.6-x86/lib/libcsr_vm.a(csr_vm_handler.o)
                0x000000000805b8e0                CsrVmInit
                0x000000000805b947                CsrVmHandler
                0x000000000805ba3d                CsrVmDeinit
 *fill*         0x000000000805babf        0x1 90909090
 .text          0x000000000805bac0       0x4c ../output/default/pclin-2.6-x86/lib/libcsr_vm.a(csr_vm_free_down.o)
                0x000000000805bac0                CsrVmFreeDownstreamMessageContents
 .text          0x000000000805bb0c      0x35c ../output/default/pclin-2.6-x86/lib/libcsr_am.a(csr_am_handler.o)
                0x000000000805bbd0                CsrAmInit
                0x000000000805bc23                CsrAmHandler
                0x000000000805bdb7                CsrAmDeinit
                0x000000000805be5b                CsrAmChangeState
 .text          0x000000000805be68     0x3d4c ../output/default/pclin-2.6-x86/lib/libcsr_am.a(csr_am_util.o)
                0x000000000805bf55                CsrAmIssueAmGetChipVer
                0x000000000805bf89                CsrAmIssueGetBuildId
                0x000000000805bfbd                CsrAmIssueBccmdSetSource
                0x000000000805c07d                CsrAmIssueBccmdSetSink
                0x000000000805c13d                CsrAmIssueBccmdCloseSource
                0x000000000805c1b1                CsrAmIssueBccmdCloseSink
                0x000000000805c225                CsrAmIssueBccmdStreamTransStart
                0x000000000805c259                CsrAmIssueBccmdStreamTransComplete
                0x000000000805c28d                CsrAmIssueBccmdStreamConnect
                0x000000000805c327                CsrAmIssueBccmdStreamDisconnect
                0x000000000805c39b                CsrAmIssueBccmdStreamSnkAlias
                0x000000000805c439                CsrAmIssueBccmdStreamSyncEndpoints
                0x000000000805c4d7                CsrAmIssueBccmdConfigStream
                0x000000000805c5a4                CsrAmFreeOperationMessage
                0x000000000805c5e4                CsrAmFreeOperationMessageAndQueuedMessages
                0x000000000805c632                CsrAmGetBcValue
                0x000000000805c664                CsrAmGetBcValue32bit
                0x000000000805c6e6                CsrAmCreateNewStreamElement
                0x000000000805c958                CsrAmFindStreamByAppConnId
                0x000000000805c9a6                CsrAmFindStreamByAppSrcType
                0x000000000805ca24                CsrAmFindStreamByAppSinkType
                0x000000000805caca                CsrAmIsSrcInUse
                0x000000000805cb0c                CsrAmIsSinkInUse
                0x000000000805cb49                CsrAmFindEndPointBySinkId
                0x000000000805cb9f                CsrAmFindEndPointBySinkType
                0x000000000805cc54                CsrAmFindAndRemoveSinkFromSinkList
                0x000000000805ccac                CsrAmCreateLinkOfSinksToAdd
                0x000000000805d136                CsrAmDestroyLinkOfSinksToAdd
                0x000000000805d197                CsrAmFindNewSinkToConfig
                0x000000000805d295                CsrAmStoreNewSinkId
                0x000000000805d301                CsrAmFindAndRemoveConfigItemFromSinkList
                0x000000000805d3b0                CsrAmGetNewSinkToAlloc
                0x000000000805d41c                CsrAmAddNewSinkToStreamSinkList
                0x000000000805d5a2                CsrAmGenerateAppConnId
                0x000000000805d608                CsrAmMarkAllSyncEndpoints
                0x000000000805d63b                CsrAmNeedToSyncEndpoints
                0x000000000805d69b                CsrAmFindAndDoSinkToAlias
                0x000000000805d75e                CsrAmNonAudioGainConfigPresent
                0x000000000805d772                CsrAmConfigDone
                0x000000000805d7eb                CsrAmFreeStreamListAndNewSinkList
                0x000000000805d8ce                CsrAmGetEndpointToConfigBySinkType
                0x000000000805d910                CsrAmGetEndpointToConfig
                0x000000000805db11                CsrAmRestoreSavedMessages
                0x000000000805db7d                CsrAmSrcAllocCfm
                0x000000000805de1a                CsrAmSinkAllocCfm
                0x000000000805e105                CsrAmStreamTransStartCfm
                0x000000000805e44b                CsrAmStreamTransCompleteCfm
                0x000000000805e7b3                CsrAmStreamConnectCfm
                0x000000000805ea0e                CsrAmStreamSyncSidCfm
                0x000000000805eb29                CsrAmStreamAliasAddCfm
                0x000000000805ecc7                CsrAmStreamConfigCfm
                0x000000000805f03f                CsrAmSrcDeallocCfm
                0x000000000805f319                CsrAmGetChipVersionCfm
                0x000000000805f35e                CsrAmGetBuildIdCfm
                0x000000000805f3a9                CsrAmSinkDeallocCfm
                0x000000000805f80c                CsrAmStreamDisconnectCfm
 .text          0x000000000805fbb4      0xf70 ../output/default/pclin-2.6-x86/lib/libcsr_am.a(csr_am_sef.o)
                0x000000000805fbb4                CsrAmInitCfmSend
                0x000000000805fc15                CsrAmAudioPathConnectCfmSend
                0x000000000805fc79                CsrAmAudioPathAddSinkCfmSend
                0x000000000805fcdd                CsrAmAudioPathRemoveSinkCfmSend
                0x000000000805fd41                CsrAmAudioPathConfigCfmSend
                0x000000000805fda5                CsrAmAudioPathReleaseCfmSend
                0x000000000805fe09                CsrAmAudioPathReleaseIndSend
                0x000000000805fe5b                CsrAmSaveMessage
                0x000000000805fea3                CsrAmDiscardMessage
                0x000000000805fec1                CsrAmInitReqHandler
                0x000000000805ff3b                CsrAmInitReqBusyHandler
                0x000000000805ffbd                CsrAmAudioPathConnectReqHandler
                0x0000000008060202                CsrAmAudioPathAddSinkReqHandler
                0x00000000080603b0                CsrAmAudioPathRemoveSinkReqHandler
                0x00000000080604f8                CsrAmAudioPathConfigReqHandler
                0x0000000008060a35                CsrAmAudioPathReleaseReqHandler
 .text          0x0000000008060b24      0x106 ../output/default/pclin-2.6-x86/lib/libcsr_am.a(csr_am_free_down.o)
                0x0000000008060b24                CsrAmFreeDownstreamMessageContents
 *fill*         0x0000000008060c2a        0x2 90909090
 .text          0x0000000008060c2c      0x2b3 ../output/default/pclin-2.6-x86/lib/libcsr_hci.a(csr_hci_handler.o)
                0x0000000008060c2c                CsrHciInit
                0x0000000008060ce4                CsrHciDeinit
                0x0000000008060d8f                CsrHciHandler
 *fill*         0x0000000008060edf        0x1 90909090
 .text          0x0000000008060ee0      0x2c6 ../output/default/pclin-2.6-x86/lib/libcsr_hci.a(csr_hci_lib.o)
                0x0000000008060ee0                CsrHciRegisterEventHandlerReq_struct
                0x0000000008060f14                CsrHciRegisterAclHandlerReq_struct
                0x0000000008060f5a                CsrHciUnregisterAclHandlerReq_struct
                0x0000000008060fa0                CsrHciRegisterScoHandlerReq_struct
                0x0000000008060fe6                CsrHciUnregisterScoHandlerReq_struct
                0x000000000806102c                CsrHciRegisterVendorSpecificEventHandlerReq_struct
                0x0000000008061070                CsrHciUnregisterVendorSpecificEventHandlerReq_struct
                0x00000000080610b4                CsrHciCommandReq_struct
                0x00000000080610f1                CsrHciAclDataReq_struct
                0x000000000806112e                CsrHciScoDataReq_struct
                0x000000000806116b                CsrHciVendorSpecificCommandReq_struct
 *fill*         0x00000000080611a6        0x2 90909090
 .text          0x00000000080611a8      0xcd7 ../output/default/pclin-2.6-x86/lib/libcsr_hci.a(csr_hci_sef.o)
                0x00000000080615f1                CsrHciSendScoData
                0x00000000080616cd                CsrHciTransportCreate
                0x00000000080616f3                CsrHciInstanceRegister
                0x0000000008061700                CsrHciRegisterEventHandlerReqHandler
                0x0000000008061731                CsrHciRegisterAclHandlerReqHandler
                0x00000000080617a9                CsrHciUnregisterAclHandlerReqHandler
                0x000000000806181c                CsrHciRegisterScoHandlerReqHandler
                0x0000000008061877                CsrHciUnregisterScoHandlerReqHandler
                0x00000000080618d2                CsrHciRegisterVendorSpecificEventHandlerReqHandler
                0x000000000806195a                CsrHciUnregisterVendorSpecificEventHandlerReqHandler
                0x00000000080619b5                CsrHciCommandReqHandler
                0x00000000080619f2                CsrHciAclDataReqHandler
                0x0000000008061aae                CsrHciScoDataReqHandler
                0x0000000008061b6a                CsrHciVendorSpecificCommandReqHandler
 *fill*         0x0000000008061e7f        0x1 90909090
 .text          0x0000000008061e80      0x8b6 ../output/default/pclin-2.6-x86/lib/libcsr_hci.a(csr_hci_util.o)
                0x0000000008061e80                CsrHciRegisterHandle
                0x0000000008061ef5                CsrHciUnregisterHandle
                0x0000000008061f7c                CsrHciUnregisterAllHandles
                0x0000000008061fbf                CsrHciSendRegisterEventHandlerCfm
                0x0000000008062000                CsrHciSendRegisterAclHandlerCfm
                0x0000000008062053                CsrHciSendUnregisterAclHandlerCfm
                0x00000000080620a6                CsrHciSendRegisterScoHandlerCfm
                0x00000000080620f9                CsrHciSendUnregisterScoHandlerCfm
                0x000000000806214c                CsrHciSendRegisterVendorSpecificEventHandlerCfm
                0x000000000806219d                CsrHciSendUnregisterVendorSpecificEventHandlerCfm
                0x00000000080621ee                CsrHciSendAclDataInd
                0x0000000008062250                CsrHciSendScoDataInd
                0x00000000080622ac                CsrHciSendEventInd
                0x0000000008062308                CsrHciSendVendorSpecificEventInd
                0x0000000008062362                CsrHciGetHandler
                0x0000000008062398                CsrHciCheckHandlers
                0x00000000080623d2                CsrHciInsertAclHeader
                0x000000000806241f                CsrHciInsertScoHeader
                0x000000000806245c                CsrHciExtractAclHeader
                0x00000000080624a8                CsrHciExtractScoHeader
                0x00000000080624e1                CsrHciSaveMessage
                0x0000000008062513                CsrHciRestoreSavedMessages
                0x0000000008062554                CsrHciDiscardSavedMessages
                0x000000000806259c                CsrHciReassembleVendorSpecificEvents
                0x00000000080626c9                CsrHciSendTmNopInd
 *fill*         0x0000000008062736        0x2 90909090
 .text          0x0000000008062738      0x1ca ../output/default/pclin-2.6-x86/lib/libcsr_hci.a(csr_hci_sco.o)
                0x0000000008062738                CsrHciInitScoHandle
                0x0000000008062774                CsrHciRegisterScoHandle
                0x00000000080627ed                CsrHciDeRegisterScoHandle
                0x000000000806285a                CsrHciLookForScoHandle
 *fill*         0x0000000008062902        0x2 90909090
 .text          0x0000000008062904       0xe3 ../output/default/pclin-2.6-x86/lib/libcsr_hci.a(csr_hci_free_down.o)
                0x0000000008062904                CsrHciFreeDownstreamMessageContents
 *fill*         0x00000000080629e7        0x1 90909090
 .text          0x00000000080629e8       0xd8 ../output/default/pclin-2.6-x86/lib/libcsr_hci.a(csr_hci_free_up.o)
                0x00000000080629e8                CsrHciFreeUpstreamMessageContents
 .text          0x0000000008062ac0       0x4e ../output/default/pclin-2.6-x86/lib/libcsr_hci.a(csr_hci_private_free_up.o)
                0x0000000008062ac0                CsrHciPrivateFreeUpstreamMessageContents
 *fill*         0x0000000008062b0e        0x2 90909090
 .text          0x0000000008062b10      0x250 ../output/default/pclin-2.6-x86/lib/libcsr_bluecore_manager.a(csr_bluecore_manager_handler.o)
                0x0000000008062b10                CsrBluecoreManagerInit
                0x0000000008062b77                CsrBluecoreManagerHandler
                0x0000000008062ce6                CsrBluecoreManagerDeinit
 .text          0x0000000008062d60      0xcc3 ../output/default/pclin-2.6-x86/lib/libcsr_bluecore_manager.a(csr_bluecore_manager_sef.o)
                0x0000000008062f5a                CsrBluecoreManagerTmBluecoreActivateTransportCfmHandler
                0x0000000008063133                CsrBluecoreManagerTmBluecoreDeactivateTransportCfmHandler
                0x0000000008063231                CsrBluecoreManagerTmBluecoreDeactivateTransportIndHandler
                0x0000000008063343                CsrBluecoreManagerAppRegisterCfmHandler
                0x0000000008063362                CsrBluecoreManagerAppTakeControlIndHandler
                0x00000000080633da                CsrBluecoreManagerUiUieCreateCfmHandler
                0x0000000008063985                CsrBluecoreManagerUiEventIndHandler
 *fill*         0x0000000008063a23        0x1 90909090
 .text          0x0000000008063a24      0x9c2 ../output/default/pclin-2.6-x86/lib/libcsr_ethernet_manager.a(csr_ethernet_manager.o)
                0x0000000008063d45                CsrEthernetManagerInit
                0x0000000008063dba                CsrEthernetManagerDeinit
                0x0000000008063de3                CsrEthernetManagerHandler
 *fill*         0x00000000080643e6        0x2 90909090
 .text          0x00000000080643e8      0x297 ../output/default/pclin-2.6-x86/lib/libcsr_tcp_transceiver.a(csr_tcp_transceiver_handler.o)
                0x00000000080643e8                CsrTcpTransceiverInit
                0x0000000008064473                CsrTcpTransceiverHandler
                0x00000000080645b6                CsrTcpTransceiverDeinit
 *fill*         0x000000000806467f        0x1 90909090
 .text          0x0000000008064680     0x222b ../output/default/pclin-2.6-x86/lib/libcsr_tcp_transceiver.a(csr_tcp_transceiver_sef.o)
                0x0000000008064c6c                CsrTcpTransceiverIpSocketTcpNewCfmHandler
                0x0000000008064e27                CsrTcpTransceiverIpSocketOptionsCfmHandler
                0x0000000008064f3b                CsrTcpTransceiverIpSocketTcpBindCfmHandler
                0x0000000008065036                CsrTcpTransceiverIpSocketTcpListenCfmHandler
                0x00000000080651aa                CsrTcpTransceiverIpSocketTcpConnectCfmHandler
                0x000000000806534e                CsrTcpTransceiverIpSocketTcpAcceptIndHandler
                0x00000000080653fc                CsrTcpTransceiverIpSocketTcpDataCfmHandler
                0x0000000008065435                CsrTcpTransceiverIpSocketTcpDataIndHandler
                0x00000000080654d4                CsrTcpTransceiverIpSocketTcpCloseIndHandler
                0x00000000080656e2                CsrTcpTransceiverAppRegisterCfmHandler
                0x0000000008065701                CsrTcpTransceiverAppTakeControlIndHandler
                0x0000000008065779                CsrTcpTransceiverUiUieCreateCfmHandler
                0x0000000008065e6d                CsrTcpTransceiverUiInputdialogGetCfmHandler
                0x000000000806637d                CsrTcpTransceiverUiEventIndHandler
 *fill*         0x00000000080668ab        0x1 90909090
 .text          0x00000000080668ac      0x838 ../bsp/ports/pclin/output/default/pclin-2.6-x86/lib/libcsr_ip.a(csr_ip_handler.o)
                0x00000000080668ac                CsrIpInit
                0x0000000008066940                CsrIpHandler
                0x0000000008066ac5                CsrIpDeinit
 .text          0x00000000080670e4     0x1c1c ../bsp/ports/pclin/output/default/pclin-2.6-x86/lib/libcsr_ip.a(csr_ip_ifconfig_sef.o)
                0x000000000806799b                csrIpIfconfigReadRoute
                0x0000000008067d9c                CsrIpIfconfigRequestDefer
                0x0000000008068bee                csrIpIfconfigDeferredProcess
 .text          0x0000000008068d00      0x471 ../bsp/ports/pclin/output/default/pclin-2.6-x86/lib/libcsr_ip.a(csr_ip_netlink_parser.o)
                0x0000000008068d00                csrIfAddrMsgIndexGet
                0x0000000008068d17                csrIfInfoMsgIndexGet
                0x0000000008068d2e                csrIpIfconfigDevLookup
 *fill*         0x0000000008069171        0x3 90909090
 .text          0x0000000008069174     0x43fb ../bsp/ports/pclin/output/default/pclin-2.6-x86/lib/libcsr_ip.a(csr_ip_socket_sef.o)
                0x0000000008069649                csrIpSocketInstFree
                0x000000000806a2db                csrIpSocketHandleSockets
                0x000000000806a72d                CsrIpSocketDnsResolveNameReqHandler
                0x000000000806a85e                CsrIpSocketUdpNewReqHandler
                0x000000000806aad8                CsrIpSocketUdpBindReqHandler
                0x000000000806ae67                CsrIpSocketUdpDataReqHandler
                0x000000000806b23e                CsrIpSocketUdpCloseReqHandler
                0x000000000806b29c                CsrIpSocketUdpMulticastSubscribeReqHandler
                0x000000000806b532                CsrIpSocketUdpMulticastUnsubscribeReqHandler
                0x000000000806b7c8                CsrIpSocketUdpMulticastInterfaceReqHandler
                0x000000000806b995                CsrIpSocketTcpNewReqHandler
                0x000000000806bbb6                CsrIpSocketTcpBindReqHandler
                0x000000000806bf45                CsrIpSocketTcpListenReqHandler
                0x000000000806c05e                CsrIpSocketTcpConnectReqHandler
                0x000000000806c39e                CsrIpSocketTcpDataReqHandler
                0x000000000806c5a5                CsrIpSocketTcpDataResHandler
                0x000000000806c6c5                CsrIpSocketTcpCloseReqHandler
                0x000000000806c723                CsrIpSocketTcpAbortReqHandler
                0x000000000806c781                CsrIpSocketRawNewReqHandler
                0x000000000806ca23                CsrIpSocketRawBindReqHandler
                0x000000000806cc53                CsrIpSocketRawDataReqHandler
                0x000000000806d018                CsrIpSocketRawCloseReqHandler
                0x000000000806d076                CsrIpSocketOptionsReqHandler
 *fill*         0x000000000806d56f        0x1 90909090
 .text          0x000000000806d570      0xbd1 ../bsp/ports/pclin/output/default/pclin-2.6-x86/lib/libcsr_ip.a(csr_ip_thread.o)
                0x000000000806d570                ipTaskThreadFunction
                0x000000000806da44                CsrIpThreadInit
 *fill*         0x000000000806e141        0x3 90909090
 .text          0x000000000806e144      0x376 ../bsp/ports/pclin/output/default/pclin-2.6-x86/lib/libcsr_ip.a(csr_ip_util.o)
                0x000000000806e144                CsrIpLock
                0x000000000806e162                CsrIpUnlock
                0x000000000806e180                CsrIpCommand
                0x000000000806e1b4                CsrIpFdAdd
                0x000000000806e2a2                CsrIpFdRemove
                0x000000000806e456                CsrIpMessageForward
 *fill*         0x000000000806e4ba        0x2 90909090
 .text          0x000000000806e4bc      0x826 ../bsp/ports/pclin/output/default/pclin-2.6-x86/lib/libcsr_ip.a(csr_ip_ether_sef.o)
                0x000000000806e6bc                csrIpEtherFree
                0x000000000806e6f9                csrIpEtherRemove
                0x000000000806e75d                csrIpEtherHandleEthers
                0x000000000806e853                CsrIpEtherIfAddReqHandler
                0x000000000806e9e3                CsrIpEtherIfRemoveReqHandler
                0x000000000806ea6c                CsrIpEtherIfLinkUpReqHandler
                0x000000000806eb28                CsrIpEtherIfLinkDownReqHandler
                0x000000000806ebe4                CsrIpEtherIfFlowControlPauseReqHandler
                0x000000000806ec63                CsrIpEtherIfFlowControlResumeReqHandler
 *fill*         0x000000000806ece2        0x2 90909090
 .text          0x000000000806ece4       0x1e ../output/default/pclin-2.6-x86/lib/libcsr_ip_ether_lib.a(csr_ip_ether_free_down.o)
                0x000000000806ece4                CsrIpEtherFreeDownstreamMessageContents
 *fill*         0x000000000806ed02        0x2 90909090
 .text          0x000000000806ed04      0x1d1 ../output/default/pclin-2.6-x86/lib/libcsr_ip_ether_lib.a(csr_ip_ether_private_lib.o)
                0x000000000806ed04                CsrIpEtherIfAddCfm_struct
                0x000000000806ed63                CsrIpEtherIfRemoveCfm_struct
                0x000000000806eda0                CsrIpEtherIfLinkUpCfm_struct
                0x000000000806eddd                CsrIpEtherIfLinkDownCfm_struct
                0x000000000806ee1a                CsrIpEtherIfMulticastAddrAddInd_struct
                0x000000000806ee62                CsrIpEtherIfMulticastAddrRemoveInd_struct
                0x000000000806eeaa                CsrIpEtherIfMulticastAddrFlushInd_struct
 *fill*         0x000000000806eed5        0x3 90909090
 .text          0x000000000806eed8       0xd7 ../output/default/pclin-2.6-x86/lib/libcsr_ip_socket_lib.a(csr_ip_socket_free_up.o)
                0x000000000806eed8                CsrIpSocketFreeUpstreamMessageContents
 *fill*         0x000000000806efaf        0x1 90909090
 .text          0x000000000806efb0       0xcd ../output/default/pclin-2.6-x86/lib/libcsr_ip_socket_lib.a(csr_ip_socket_free_down.o)
                0x000000000806efb0                CsrIpSocketFreeDownstreamMessageContents
 *fill*         0x000000000806f07d        0x3 90909090
 .text          0x000000000806f080      0x7cd ../output/default/pclin-2.6-x86/lib/libcsr_ip_socket_lib.a(csr_ip_socket_lib.o)
                0x000000000806f080                CsrIpSocketDnsResolveNameReq_struct
                0x000000000806f0cd                CsrIpSocketUdpNewReq_struct
                0x000000000806f111                CsrIpSocketUdpBindReq_struct
                0x000000000806f19a                CsrIpSocketUdpDataReq_struct
                0x000000000806f23e                CsrIpSocketUdpCloseReq_struct
                0x000000000806f272                CsrIpSocketUdpMulticastSubscribeReq_struct
                0x000000000806f2e0                CsrIpSocketUdpMulticastUnsubscribeReq_struct
                0x000000000806f34e                CsrIpSocketUdpMulticastInterfaceReq_struct
                0x000000000806f39f                CsrIpSocketTcpNewReq_struct
                0x000000000806f3e3                CsrIpSocketTcpBindReq_struct
                0x000000000806f46c                CsrIpSocketTcpListenReq_struct
                0x000000000806f4a0                CsrIpSocketTcpConnectReq_struct
                0x000000000806f529                CsrIpSocketTcpDataReq_struct
                0x000000000806f578                CsrIpSocketTcpDataRes_struct
                0x000000000806f5ac                CsrIpSocketTcpCloseReq_struct
                0x000000000806f5e0                CsrIpSocketTcpAbortReq_struct
                0x000000000806f614                CsrIpSocketRawNewReq_struct
                0x000000000806f668                CsrIpSocketRawBindReq_struct
                0x000000000806f6df                CsrIpSocketRawDataReq_struct
                0x000000000806f771                CsrIpSocketRawCloseReq_struct
                0x000000000806f7a5                CsrIpSocketOptionsReq_struct
 *fill*         0x000000000806f84d        0x3 90909090
 .text          0x000000000806f850      0x796 ../output/default/pclin-2.6-x86/lib/libcsr_ip_socket_lib.a(csr_ip_socket_private_lib.o)
                0x000000000806f850                CsrIpSocketDnsResolveNameCfm_struct
                0x000000000806f8ba                CsrIpSocketUdpNewCfm_struct
                0x000000000806f900                CsrIpSocketUdpBindCfm_struct
                0x000000000806f958                CsrIpSocketUdpDataInd_struct
                0x000000000806f9eb                CsrIpSocketUdpDataCfm_struct
                0x000000000806fa1f                CsrIpSocketUdpMulticastSubscribeCfm_struct
                0x000000000806faaf                CsrIpSocketUdpMulticastUnsubscribeCfm_struct
                0x000000000806fb3f                CsrIpSocketUdpMulticastInterfaceCfm_struct
                0x000000000806fb85                CsrIpSocketTcpNewCfm_struct
                0x000000000806fbcb                CsrIpSocketTcpBindCfm_struct
                0x000000000806fc23                CsrIpSocketTcpListenCfm_struct
                0x000000000806fc69                CsrIpSocketTcpConnectCfm_struct
                0x000000000806fcaf                CsrIpSocketTcpAcceptInd_struct
                0x000000000806fd39                CsrIpSocketTcpDataCfm_struct
                0x000000000806fd7f                CsrIpSocketTcpDataInd_struct
                0x000000000806fdce                CsrIpSocketTcpCloseInd_struct
                0x000000000806fe02                CsrIpSocketRawNewCfm_struct
                0x000000000806fe48                CsrIpSocketRawBindCfm_struct
                0x000000000806fe8e                CsrIpSocketRawDataInd_struct
                0x000000000806ff0a                CsrIpSocketRawDataCfm_struct
                0x000000000806ff3e                CsrIpSocketOptionsCfm_struct
 *fill*         0x000000000806ffe6        0x2 90909090
 .text          0x000000000806ffe8       0x4e ../output/default/pclin-2.6-x86/lib/libcsr_ip_ifconfig_lib.a(csr_ip_ifconfig_free_up.o)
                0x000000000806ffe8                CsrIpIfconfigFreeUpstreamMessageContents
 *fill*         0x0000000008070036        0x2 90909090
 .text          0x0000000008070038       0x1e ../output/default/pclin-2.6-x86/lib/libcsr_ip_ifconfig_lib.a(csr_ip_ifconfig_free_down.o)
                0x0000000008070038                CsrIpIfconfigFreeDownstreamMessageContents
 *fill*         0x0000000008070056        0x2 90909090
 .text          0x0000000008070058      0x36c ../output/default/pclin-2.6-x86/lib/libcsr_ip_ifconfig_lib.a(csr_ip_ifconfig_lib.o)
                0x0000000008070058                CsrIpIfconfigSubscribeReq_struct
                0x000000000807008c                CsrIpIfconfigUnsubscribeReq_struct
                0x00000000080700c0                CsrIpIfconfigUpReq_struct
                0x0000000008070242                CsrIpIfconfigDownReq_struct
                0x000000000807027f                CsrIpIfconfigNatReq_struct
                0x00000000080702cc                CsrIpIfconfigForwardReq_struct
                0x0000000008070310                CsrIpIfconfigArpEntryAddReq_struct
 .text          0x00000000080703c4      0x1d3 ../output/default/pclin-2.6-x86/lib/libcsr_ip_ifconfig_lib.a(csr_ip_ifconfig_private_lib.o)
                0x00000000080703c4                CsrIpIfconfigSubscribeCfm_struct
                0x0000000008070401                CsrIpIfconfigUnsubscribeCfm_struct
                0x0000000008070423                CsrIpIfconfigUpdateInd_struct
                0x0000000008070478                CsrIpIfconfigUpCfm_struct
                0x00000000080704b5                CsrIpIfconfigDownCfm_struct
                0x00000000080704f2                CsrIpIfconfigNatCfm_struct
                0x000000000807052f                CsrIpIfconfigForwardCfm_struct
                0x0000000008070563                CsrIpIfconfigArpEntryAddCfm_struct
 *fill*         0x0000000008070597        0x1 90909090
 .text          0x0000000008070598     0x1ade ../output/default/pclin-2.6-x86/lib/libcsr_dhcp_server_manager.a(csr_dhcp_server_manager.o)
                0x0000000008070598                CsrDhcpServerManagerInit
                0x00000000080706b8                CsrDhcpServerManagerDeinit
                0x0000000008070d96                CsrDhcpServerManagerHandler
 *fill*         0x0000000008072076        0x2 90909090
 .text          0x0000000008072078      0x748 ../output/default/pclin-2.6-x86/lib/libcsr_dhcp_server.a(csr_dhcp_server_handler.o)
                0x000000000807225f                CsrDhcpServerInit
                0x00000000080722c5                CsrDhcpServerHandler
                0x00000000080723e0                CsrDhcpServerDeinit
                0x00000000080724a4                CsrDhcpServerFifoInit
                0x00000000080724bc                CsrDhcpServerFifoQueue
                0x0000000008072516                CsrDhcpServerFifoDequeue
                0x0000000008072576                CsrDhcpServerListAdd
                0x00000000080725d5                CsrDhcpServerTimerAdd
                0x0000000008072703                CsrDhcpServerTimerRemove
                0x000000000807278a                CsrDhcpServerTimerFindFromClient
 .text          0x00000000080727c0      0xfa5 ../output/default/pclin-2.6-x86/lib/libcsr_dhcp_server.a(csr_dhcp_server_sef.o)
                0x0000000008072824                CsrDhcpServerCreateHandler
                0x000000000807299e                CsrDhcpServerDestroyHandler
                0x0000000008072a94                CsrDhcpServerStartHandler
                0x0000000008072b4c                CsrDhcpServerStopHandler
                0x0000000008072c72                CsrDhcpServerLeasesGetHandler
                0x0000000008072d4d                CsrDhcpServerLeasesSetHandler
                0x0000000008072f12                CsrDhcpServerIpSocketUdpNewHandler
                0x00000000080730ac                CsrDhcpServerIpSocketUdpBindHandler
                0x00000000080733b1                CsrDhcpServerIpSocketUdpDataIndHandler
                0x0000000008073448                CsrDhcpServerIpSocketOptionsHandler
                0x00000000080736cd                CsrDhcpServerIpSocketUdpDataHandler
 *fill*         0x0000000008073765        0x3 90909090
 .text          0x0000000008073768     0x33d2 ../output/default/pclin-2.6-x86/lib/libcsr_dhcp_server.a(csr_dhcp_server_util.o)
                0x00000000080737b2                CsrDhcpServerTimerExpired
                0x0000000008074f14                CsrDhcpServerMessageSend
                0x0000000008074fef                CsrDhcpServerNetworkBroadcastAddressRetrieve
                0x0000000008076a06                CsrDhcpServerHandleMessage
 *fill*         0x0000000008076b3a        0x2 90909090
 .text          0x0000000008076b3c       0x4c ../output/default/pclin-2.6-x86/lib/libcsr_dhcp_server_lib.a(csr_dhcp_server_free_down.o)
                0x0000000008076b3c                CsrDhcpServerFreeDownstreamMessageContents
 .text          0x0000000008076b88      0x274 ../output/default/pclin-2.6-x86/lib/libcsr_dhcp_server_lib.a(csr_dhcp_server_lib.o)
                0x0000000008076b88                CsrDhcpServerCreateReq_struct
                0x0000000008076c92                CsrDhcpServerDestroyReq_struct
                0x0000000008076cd5                CsrDhcpServerStartReq_struct
                0x0000000008076d18                CsrDhcpServerStopReq_struct
                0x0000000008076d5b                CsrDhcpServerLeasesGetReq_struct
                0x0000000008076d9e                CsrDhcpServerLeasesSetReq_struct
 .text          0x0000000008076dfc      0x340 ../output/default/pclin-2.6-x86/lib/libcsr_dhcp_server_lib.a(csr_dhcp_server_lib_priv.o)
                0x0000000008076dfc                CsrDhcpServerCreateCfmSend
                0x0000000008076e70                CsrDhcpServerDestroyCfmSend
                0x0000000008076ee4                CsrDhcpServerStartCfmSend
                0x0000000008076f58                CsrDhcpServerStopCfmSend
                0x0000000008076fcc                CsrDhcpServerLeasesGetCfmSend
                0x0000000008077049                CsrDhcpServerLeasesSetCfmSend
                0x00000000080770bd                CsrDhcpServerRogueIpAddressIndSend
 .text          0x000000000807713c      0x2af ../output/default/pclin-2.6-x86/lib/libcsr_tftp.a(csr_tftp_handler.o)
                0x000000000807713c                CsrTftpInit
                0x00000000080771b4                CsrTftpHandler
                0x0000000008077343                CsrTftpDeinit
 *fill*         0x00000000080773eb        0x1 90909090
 .text          0x00000000080773ec     0x2144 ../output/default/pclin-2.6-x86/lib/libcsr_tftp.a(csr_tftp_sef.o)
                0x0000000008077bc5                CsrTftpActivateHandler
                0x0000000008077d11                CsrTftpDeactivateHandler
                0x0000000008077d5d                CsrTftpConnectHandler
                0x0000000008077e24                CsrTftpReadHandler
                0x0000000008077f82                CsrTftpWriteHandler
                0x0000000008078086                CsrTftpIpSocketUdpNewHandler
                0x0000000008078273                CsrTftpIpSocketUdpBindHandler
                0x0000000008078df0                CsrTftpIpSocketUdpDataIndHandler
                0x000000000807901f                CsrTftpIpSocketUdpDataCfmHandler
                0x00000000080791e4                CsrTftpIpSocketUdpNewHandlerDeactivating
                0x0000000008079263                CsrTftpIpSocketUdpBindHandlerDeactivating
                0x00000000080792d6                CsrTftpIpSocketUdpDataIndHandlerDeactivating
                0x00000000080792fe                CsrTftpIpSocketUdpDataCfmHandlerDeactivating
                0x0000000008079379                CsrTftpConnectionInit
                0x0000000008079406                CsrTftpConnectionClientInit
                0x0000000008079476                CsrTftpFifoQueue
                0x00000000080794d0                CsrTftpFifoDequeue
 .text          0x0000000008079530       0x4c ../output/default/pclin-2.6-x86/lib/libcsr_tftp_lib.a(csr_tftp_free_down.o)
                0x0000000008079530                CsrTftpFreeDownstreamMessageContents
 .text          0x000000000807957c      0x25a ../output/default/pclin-2.6-x86/lib/libcsr_tftp_lib.a(csr_tftp_lib_priv.o)
                0x000000000807957c                CsrTftpActivateCfmSend
                0x00000000080795cf                CsrTftpDeactivateCfmSend
                0x0000000008079610                CsrTftpConnectIndSend
                0x00000000080796f8                CsrTftpReadIndSend
                0x0000000008079739                CsrTftpWriteIndSend
                0x0000000008079795                CsrTftpDisconnectIndSend
 *fill*         0x00000000080797d6        0x2 90909090
 .text          0x00000000080797d8      0x29d ../output/default/pclin-2.6-x86/lib/libcsr_tftp_file.a(csr_tftp_file_handler.o)
                0x00000000080797d8                CsrTftpFileInit
                0x0000000008079848                CsrTftpFileHandler
                0x00000000080799f1                CsrTftpFileDeinit
 *fill*         0x0000000008079a75        0x3 90909090
 .text          0x0000000008079a78      0x6a3 ../output/default/pclin-2.6-x86/lib/libcsr_tftp_file.a(csr_tftp_file_sef.o)
                0x0000000008079a78                CsrTftpFileActivateHandler
                0x0000000008079ac6                CsrTftpFileDeactivateHandler
                0x0000000008079acb                CsrTftpFileConnectHandler
                0x0000000008079b91                CsrTftpFileReadHandler
                0x0000000008079bda                CsrTftpFileWriteHandler
                0x0000000008079c3b                CsrTftpFileDisconnectHandler
                0x0000000008079c99                CsrTftpFileFsalSessionCreateHandler
                0x0000000008079d51                CsrTftpFileFsalSessionDestroyHandler
                0x0000000008079d56                CsrTftpFileFsalOpenHandler
                0x0000000008079dcc                CsrTftpFileFsalCloseHandler
                0x0000000008079dd8                CsrTftpFileFsalReadHandler
                0x0000000008079f2d                CsrTftpFileFsalWriteHandler
                0x000000000807a030                CsrTftpFileFsalOpenDisconnectedHandler
                0x000000000807a087                CsrTftpFileFsalReadDisconnectedHandler
                0x000000000807a0e1                CsrTftpFileFsalWriteDisconnectedHandler
 *fill*         0x000000000807a11b        0x1 90909090
 .text          0x000000000807a11c      0x196 ../output/default/pclin-2.6-x86/lib/libcsr_fsal.a(csr_fsal_handler.o)
                0x000000000807a11c                CsrFsalInit
                0x000000000807a157                CsrFsalDeinit
                0x000000000807a1e3                CsrFsalHandler
 *fill*         0x000000000807a2b2        0x2 90909090
 .text          0x000000000807a2b4     0x13e0 ../output/default/pclin-2.6-x86/lib/libcsr_fsal.a(csr_fsal_sef.o)
                0x000000000807b262                CsrFsalSessionCreateReqHandler
                0x000000000807b2db                CsrFsalSessionDestroyReqHandler
                0x000000000807b339                CsrFsalFileOpenReqHandler
                0x000000000807b38a                CsrFsalFileCloseReqHandler
                0x000000000807b3b0                CsrFsalFileSeekReqHandler
                0x000000000807b420                CsrFsalFileReadReqHandler
                0x000000000807b450                CsrFsalFileWriteReqHandler
                0x000000000807b48a                CsrFsalFileTellReqHandler
                0x000000000807b4b0                CsrFsalStatReqHandler
                0x000000000807b4e0                CsrFsalRemoveReqHandler
                0x000000000807b510                CsrFsalRemoveRecursivelyReqHandler
                0x000000000807b540                CsrFsalRenameReqHandler
                0x000000000807b57a                CsrFsalPermissionsSetReqHandler
                0x000000000807b5b8                CsrFsalDirMakeReqHandler
                0x000000000807b5e8                CsrFsalDirChangeReqHandler
                0x000000000807b618                CsrFsalDirFindFirstReqHandler
                0x000000000807b648                CsrFsalDirFindNextReqHandler
                0x000000000807b66e                CsrFsalDirFindCloseReqHandler
 .text          0x000000000807b694      0x34e ../output/default/pclin-2.6-x86/lib/libcsr_fsal.a(csr_fsal_sef_utils.o)
                0x000000000807b694                CsrFsalLookupOpenFlags
                0x000000000807b732                CsrFsalLookupPerms
                0x000000000807b771                CsrFsalFileSize
                0x000000000807b7b0                CsrFsalRemoveRecursively
 *fill*         0x000000000807b9e2        0x2 90909090
 .text          0x000000000807b9e4      0x733 ../output/default/pclin-2.6-x86/lib/libcsr_fsal.a(csr_fsal_utils.o)
                0x000000000807b9e4                CsrFsalFileHandleInit
                0x000000000807ba6d                CsrFsalDirHandleInit
                0x000000000807bcde                CsrFsalGetAppHandleFromSessionId
                0x000000000807bd17                CsrFsalGetAppHandleFromFileHandle
                0x000000000807bd5f                CsrFsalGetAppHandleFromDirHandle
                0x000000000807bda7                CsrFsalGetAppHandleFromSessionIdAndStoreDirHandle
                0x000000000807bdef                CsrFsalGetAppHandleFromSessionIdAndStoreFileHandle
                0x000000000807be37                CsrFsalClearHandleIndexFromSessionId
                0x000000000807bee9                CsrFsalClearFileHandleIndex
                0x000000000807bf52                CsrFsalGetAppHandleFromFileHandleAndClearFileHandleIndex
                0x000000000807bfe3                CsrFsalGetAppHandleFromDirHandleAndClearDirHandleIndex
                0x000000000807c074                CsrFsalReserveNewSessionId
                0x000000000807c0c4                CsrFsalGetSession
 *fill*         0x000000000807c117        0x1 90909090
 .text          0x000000000807c118      0x108 ../output/default/pclin-2.6-x86/lib/libcsr_fsal_lib.a(csr_fsal_free_up.o)
                0x000000000807c118                CsrFsalFreeUpstreamMessageContents
 .text          0x000000000807c220      0x1a7 ../output/default/pclin-2.6-x86/lib/libcsr_fsal_lib.a(csr_fsal_free_down.o)
                0x000000000807c220                CsrFsalFreeDownstreamMessageContents
 *fill*         0x000000000807c3c7        0x1 90909090
 .text          0x000000000807c3c8      0x3d3 ../output/default/pclin-2.6-x86/lib/libcsr_fsal_lib.a(csr_fsal_lib.o)
                0x000000000807c3c8                CsrFsalSessionCreateReq_struct
                0x000000000807c3fc                CsrFsalSessionDestroyReq_struct
                0x000000000807c427                CsrFsalFileOpenReq_struct
                0x000000000807c47f                CsrFsalFileCloseReq_struct
                0x000000000807c4aa                CsrFsalFileSeekReq_struct
                0x000000000807c4ee                CsrFsalFileReadReq_struct
                0x000000000807c522                CsrFsalFileWriteReq_struct
                0x000000000807c55f                CsrFsalFileTellReq_struct
                0x000000000807c58a                CsrFsalStatReq_struct
                0x000000000807c5be                CsrFsalRemoveReq_struct
                0x000000000807c5f2                CsrFsalRemoveRecursivelyReq_struct
                0x000000000807c626                CsrFsalRenameReq_struct
                0x000000000807c663                CsrFsalPermissionsSetReq_struct
                0x000000000807c6a9                CsrFsalDirMakeReq_struct
                0x000000000807c6dd                CsrFsalDirChangeReq_struct
                0x000000000807c711                CsrFsalDirFindFirstReq_struct
                0x000000000807c745                CsrFsalDirFindNextReq_struct
                0x000000000807c770                CsrFsalDirFindCloseReq_struct
 *fill*         0x000000000807c79b        0x1 90909090
 .text          0x000000000807c79c      0x605 ../output/default/pclin-2.6-x86/lib/libcsr_fsal_lib.a(csr_fsal_lib_priv.o)
                0x000000000807c79c                CsrFsalSessionCreateCfm_struct
                0x000000000807c7e2                CsrFsalSessionDestroyCfm_struct
                0x000000000807c81f                CsrFsalFileOpenCfmSend_struct
                0x000000000807c86e                CsrFsalFileCloseCfmSend_struct
                0x000000000807c8ab                CsrFsalFileSeekCfmSend_struct
                0x000000000807c8e8                CsrFsalFileReadCfmSend_struct
                0x000000000807c937                CsrFsalFileWriteCfmSend_struct
                0x000000000807c97d                CsrFsalFileTellCfmSend_struct
                0x000000000807c9c3                CsrFsalStatCfmSend_struct
                0x000000000807ca79                CsrFsalRemoveCfmSend_struct
                0x000000000807cab6                CsrFsalRemoveRecursivelyCfmSend_struct
                0x000000000807caf3                CsrFsalRenameCfmSend_struct
                0x000000000807cb30                CsrFsalPermissionsSetCfmSend_struct
                0x000000000807cb6d                CsrFsalDirMakeCfmSend_struct
                0x000000000807cbaa                CsrFsalDirChangeCfmSend_struct
                0x000000000807cbf0                CsrFsalDirFindFirstCfmSend_struct
                0x000000000807ccae                CsrFsalDirFindNextCfmSend_struct
                0x000000000807cd64                CsrFsalDirFindCloseCfmSend_struct
 *fill*         0x000000000807cda1        0x3 90909090
 .text          0x000000000807cda4      0x525 ../output/default/pclin-2.6-x86/lib/libcsr_list.a(csr_list.o)
                0x000000000807cda4                CsrCmnListInit
                0x000000000807cde1                CsrCmnListDeinit
                0x000000000807ce40                CsrCmnListElementGetFirst
                0x000000000807ce57                CsrCmnListElementGetLast
                0x000000000807ce6f                CsrCmnListElementAddFirst
                0x000000000807ceea                CsrCmnListElementAddLast
                0x000000000807cf67                CsrCmnListElementRemove
                0x000000000807cfe9                CsrCmnListGetFromIndex
                0x000000000807d020                CsrCmnListIterate
                0x000000000807d052                CsrCmnListIterateAllowRemove
                0x000000000807d0aa                CsrCmnListSearch
                0x000000000807d16f                CsrCmnListSort