Archive member included because of file (symbol)

/home6/daewon2/Release/glibc/SP/SP_Linux/LP_Linux_Prj/REL/VDLinux.3.x.2012/toolchain/src/arm-mips-src-20121018/build.arm.cortex-a15/obj/glibc_0_final/elf/rtld-libc.a(rtld-check_fds.os)
                              /home6/daewon2/Release/glibc/SP/SP_Linux/LP_Linux_Prj/REL/VDLinux.3.x.2012/toolchain/src/arm-mips-src-20121018/build.arm.cortex-a15/obj/glibc_0_final/elf/dl-allobjs.os (__libc_check_standard_fds)
/home6/daewon2/Release/glibc/SP/SP_Linux/LP_Linux_Prj/REL/VDLinux.3.x.2012/toolchain/src/arm-mips-src-20121018/build.arm.cortex-a15/obj/glibc_0_final/elf/rtld-libc.a(rtld-errno.os)
                              /home6/daewon2/Release/glibc/SP/SP_Linux/LP_Linux_Prj/REL/VDLinux.3.x.2012/toolchain/src/arm-mips-src-20121018/build.arm.cortex-a15/obj/glibc_0_final/elf/dl-allobjs.os (rtld_errno)
/home6/daewon2/Release/glibc/SP/SP_Linux/LP_Linux_Prj/REL/VDLinux.3.x.2012/toolchain/src/arm-mips-src-20121018/build.arm.cortex-a15/obj/glibc_0_final/elf/rtld-libc.a(rtld-closedir.os)
                              /home6/daewon2/Release/glibc/SP/SP_Linux/LP_Linux_Prj/REL/VDLinux.3.x.2012/toolchain/src/arm-mips-src-20121018/build.arm.cortex-a15/obj/glibc_0_final/elf/dl-allobjs.os (__closedir)
/home6/daewon2/Release/glibc/SP/SP_Linux/LP_Linux_Prj/REL/VDLinux.3.x.2012/toolchain/src/arm-mips-src-20121018/build.arm.cortex-a15/obj/glibc_0_final/elf/rtld-libc.a(rtld-readdir.os)
                              /home6/daewon2/Release/glibc/SP/SP_Linux/LP_Linux_Prj/REL/VDLinux.3.x.2012/toolchain/src/arm-mips-src-20121018/build.arm.cortex-a15/obj/glibc_0_final/elf/dl-allobjs.os (__readdir)
/home6/daewon2/Release/glibc/SP/SP_Linux/LP_Linux_Prj/REL/VDLinux.3.x.2012/toolchain/src/arm-mips-src-20121018/build.arm.cortex-a15/obj/glibc_0_final/elf/rtld-libc.a(rtld-rewinddir.os)
                              /home6/daewon2/Release/glibc/SP/SP_Linux/LP_Linux_Prj/REL/VDLinux.3.x.2012/toolchain/src/arm-mips-src-20121018/build.arm.cortex-a15/obj/glibc_0_final/elf/dl-allobjs.os (rewinddir)
/home6/daewon2/Release/glibc/SP/SP_Linux/LP_Linux_Prj/REL/VDLinux.3.x.2012/toolchain/src/arm-mips-src-20121018/build.arm.cortex-a15/obj/glibc_0_final/elf/rtld-libc.a(rtld-getdents.os)
                              /home6/daewon2/Release/glibc/SP/SP_Linux/LP_Linux_Prj/REL/VDLinux.3.x.2012/toolchain/src/arm-mips-src-20121018/build.arm.cortex-a15/obj/glibc_0_final/elf/rtld-libc.a(rtld-readdir.os) (__getdents)
/home6/daewon2/Release/glibc/SP/SP_Linux/LP_Linux_Prj/REL/VDLinux.3.x.2012/toolchain/src/arm-mips-src-20121018/build.arm.cortex-a15/obj/glibc_0_final/elf/rtld-libc.a(rtld-fdopendir.os)
                              /home6/daewon2/Release/glibc/SP/SP_Linux/LP_Linux_Prj/REL/VDLinux.3.x.2012/toolchain/src/arm-mips-src-20121018/build.arm.cortex-a15/obj/glibc_0_final/elf/dl-allobjs.os (__fdopendir)
/home6/daewon2/Release/glibc/SP/SP_Linux/LP_Linux_Prj/REL/VDLinux.3.x.2012/toolchain/src/arm-mips-src-20121018/build.arm.cortex-a15/obj/glibc_0_final/elf/rtld-libc.a(rtld-profil.os)
                              /home6/daewon2/Release/glibc/SP/SP_Linux/LP_Linux_Prj/REL/VDLinux.3.x.2012/toolchain/src/arm-mips-src-20121018/build.arm.cortex-a15/obj/glibc_0_final/elf/dl-allobjs.os (__profil)
/home6/daewon2/Release/glibc/SP/SP_Linux/LP_Linux_Prj/REL/VDLinux.3.x.2012/toolchain/src/arm-mips-src-20121018/build.arm.cortex-a15/obj/glibc_0_final/elf/rtld-libc.a(rtld-prof-freq.os)
                              /home6/daewon2/Release/glibc/SP/SP_Linux/LP_Linux_Prj/REL/VDLinux.3.x.2012/toolchain/src/arm-mips-src-20121018/build.arm.cortex-a15/obj/glibc_0_final/elf/dl-allobjs.os (__profile_frequency)
/home6/daewon2/Release/glibc/SP/SP_Linux/LP_Linux_Prj/REL/VDLinux.3.x.2012/toolchain/src/arm-mips-src-20121018/build.arm.cortex-a15/obj/glibc_0_final/elf/rtld-libc.a(rtld-xstat64.os)
                              /home6/daewon2/Release/glibc/SP/SP_Linux/LP_Linux_Prj/REL/VDLinux.3.x.2012/toolchain/src/arm-mips-src-20121018/build.arm.cortex-a15/obj/glibc_0_final/elf/dl-allobjs.os (__GI___xstat64)
/home6/daewon2/Release/glibc/SP/SP_Linux/LP_Linux_Prj/REL/VDLinux.3.x.2012/toolchain/src/arm-mips-src-20121018/build.arm.cortex-a15/obj/glibc_0_final/elf/rtld-libc.a(rtld-fxstat64.os)
                              /home6/daewon2/Release/glibc/SP/SP_Linux/LP_Linux_Prj/REL/VDLinux.3.x.2012/toolchain/src/arm-mips-src-20121018/build.arm.cortex-a15/obj/glibc_0_final/elf/dl-allobjs.os (__GI___fxstat64)
/home6/daewon2/Release/glibc/SP/SP_Linux/LP_Linux_Prj/REL/VDLinux.3.x.2012/toolchain/src/arm-mips-src-20121018/build.arm.cortex-a15/obj/glibc_0_final/elf/rtld-libc.a(rtld-lxstat64.os)
                              /home6/daewon2/Release/glibc/SP/SP_Linux/LP_Linux_Prj/REL/VDLinux.3.x.2012/toolchain/src/arm-mips-src-20121018/build.arm.cortex-a15/obj/glibc_0_final/elf/dl-allobjs.os (__GI___lxstat64)
[...]
Memory Configuration

Name             Origin             Length             Attributes
*default*        0x0000000000000000 0xffffffffffffffff

Linker script and memory map

START GROUP
LOAD /home6/daewon2/Release/glibc/SP/SP_Linux/LP_Linux_Prj/REL/VDLinux.3.x.2012/toolchain/src/arm-mips-src-20121018/build.arm.cortex-a15/obj/glibc_0_final/elf/dl-allobjs.os
LOAD /home6/daewon2/Release/glibc/SP/SP_Linux/LP_Linux_Prj/REL/VDLinux.3.x.2012/toolchain/src/arm-mips-src-20121018/build.arm.cortex-a15/obj/glibc_0_final/elf/rtld-libc.a
LOAD /home6/daewon2/Release/glibc/SP/SP_Linux/LP_Linux_Prj/REL/VDLinux.3.x.2012/toolchain/src/arm-mips-src-20121018/scripts/arm-v7a15v3r1/lib/gcc/arm-v7a15v3r1-linux-gnueabi/4.6.4/libgcc.a
END GROUP

.interp
 *(.interp)

.note.gnu.build-id
 *(.note.gnu.build-id)

.hash
 *(.hash)

.gnu.hash
 *(.gnu.hash)

.dynsym
 *(.dynsym)

.dynstr
 *(.dynstr)

.gnu.version
 *(.gnu.version)

.gnu.version_d
 *(.gnu.version_d)

.gnu.version_r
 *(.gnu.version_r)

.rel.init
 *(.rel.init)

.rela.init
 *(.rela.init)

.rel.text
 *(.rel.text)

.rela.text
 *(.rela.text)

.rel.fini
 *(.rel.fini)

.rela.fini
 *(.rela.fini)

.rel.rodata
 *(.rel.rodata)

.rela.rodata
 *(.rela.rodata)

.rel.data.rel.ro
 *(.rel.data.rel.ro)

.rela.data.rel.ro
 *(.rela.data.rel.ro)

.rel.data
 *(.rel.data)

.rela.data
 *(.rela.data)

.rel.tdata
 *(.rel.tdata)

.rela.tdata
 *(.rela.tdata)

.rel.tbss
 *(.rel.tbss)

.rela.tbss
 *(.rela.tbss)

.rel.ctors
 *(.rel.ctors)

.rela.ctors
 *(.rela.ctors)

.rel.dtors
 *(.rel.dtors)

.rela.dtors
 *(.rela.dtors)

.rel.got
 *(.rel.got)

.rela.got
 *(.rela.got)

.rel.bss
 *(.rel.bss)

.rela.bss
 *(.rela.bss)

.rel.iplt
 *(.rel.iplt)

.rela.iplt
 *(.rela.iplt)

.rel.plt
 *(.rel.plt)

.rela.plt
 *(.rela.plt)

.init
 *(.init)

.plt
 *(.plt)

.iplt
 *(.iplt)

.text           0x0000000000000000      0xe1c
 *(.text .stub)
 .text          0x0000000000000000      0x254 /home6/daewon2/Release/glibc/SP/SP_Linux/LP_Linux_Prj/REL/VDLinux.3.x.2012/toolchain/src/arm-mips-src-20121018/build.arm.cortex-a15/obj/glibc_0_final/elf/dl-allobjs.os
                0x0000000000000000                _start
                0x0000000000000010                _dl_start_user
                0x00000000000000b0                _dl_runtime_resolve
                0x00000000000000d4                _dl_runtime_profile
                0x00000000000001a0                __aeabi_read_tp
                0x00000000000001b0                _dl_tlsdesc_return
                0x00000000000001b8                _dl_tlsdesc_undefweak
                0x00000000000001cc                _dl_tlsdesc_dynamic
                0x0000000000000220                _dl_tlsdesc_lazy_resolver
                0x0000000000000238                _dl_tlsdesc_resolve_hold
 .text          0x0000000000000254        0x0 /home6/daewon2/Release/glibc/SP/SP_Linux/LP_Linux_Prj/REL/VDLinux.3.x.2012/toolchain/src/arm-mips-src-20121018/build.arm.cortex-a15/obj/glibc_0_final/elf/rtld-libc.a(rtld-check_fds.os)
 .text          0x0000000000000254        0x0 /home6/daewon2/Release/glibc/SP/SP_Linux/LP_Linux_Prj/REL/VDLinux.3.x.2012/toolchain/src/arm-mips-src-20121018/build.arm.cortex-a15/obj/glibc_0_final/elf/rtld-libc.a(rtld-errno.os)
 .text          0x0000000000000254        0x0 /home6/daewon2/Release/glibc/SP/SP_Linux/LP_Linux_Prj/REL/VDLinux.3.x.2012/toolchain/src/arm-mips-src-20121018/build.arm.cortex-a15/obj/glibc_0_final/elf/rtld-libc.a(rtld-closedir.os)
 .text          0x0000000000000254        0x0 /home6/daewon2/Release/glibc/SP/SP_Linux/LP_Linux_Prj/REL/VDLinux.3.x.2012/toolchain/src/arm-mips-src-20121018/build.arm.cortex-a15/obj/glibc_0_final/elf/rtld-libc.a(rtld-readdir.os)
 .text          0x0000000000000254        0x0 /home6/daewon2/Release/glibc/SP/SP_Linux/LP_Linux_Prj/REL/VDLinux.3.x.2012/toolchain/src/arm-mips-src-20121018/build.arm.cortex-a15/obj/glibc_0_final/elf/rtld-libc.a(rtld-rewinddir.os)
 .text          0x0000000000000254        0x0 /home6/daewon2/Release/glibc/SP/SP_Linux/LP_Linux_Prj/REL/VDLinux.3.x.2012/toolchain/src/arm-mips-src-20121018/build.arm.cortex-a15/obj/glibc_0_final/elf/rtld-libc.a(rtld-getdents.os)
 .text          0x0000000000000254        0x0 /home6/daewon2/Release/glibc/SP/SP_Linux/LP_Linux_Prj/REL/VDLinux.3.x.2012/toolchain/src/arm-mips-src-20121018/build.arm.cortex-a15/obj/glibc_0_final/elf/rtld-libc.a(rtld-fdopendir.os)
 .text          0x0000000000000254        0x0 /home6/daewon2/Release/glibc/SP/SP_Linux/LP_Linux_Prj/REL/VDLinux.3.x.2012/toolchain/src/arm-mips-src-20121018/build.arm.cortex-a15/obj/glibc_0_final/elf/rtld-libc.a(rtld-profil.os)
 .text          0x0000000000000254        0x0 /home6/daewon2/Release/glibc/SP/SP_Linux/LP_Linux_Prj/REL/VDLinux.3.x.2012/toolchain/src/arm-mips-src-20121018/build.arm.cortex-a15/obj/glibc_0_final/elf/rtld-libc.a(rtld-prof-freq.os)
 .text          0x0000000000000254        0x0 /home6/daewon2/Release/glibc/SP/SP_Linux/LP_Linux_Prj/REL/VDLinux.3.x.2012/toolchain/src/arm-mips-src-20121018/build.arm.cortex-a15/obj/glibc_0_final/elf/rtld-libc.a(rtld-xstat64.os)
 .text          0x0000000000000254        0x0 /home6/daewon2/Release/glibc/SP/SP_Linux/LP_Linux_Prj/REL/VDLinux.3.x.2012/toolchain/src/arm-mips-src-20121018/build.arm.cortex-a15/obj/glibc_0_final/elf/rtld-libc.a(rtld-fxstat64.os)
 .text          0x0000000000000254        0x0 /home6/daewon2/Release/glibc/SP/SP_Linux/LP_Linux_Prj/REL/VDLinux.3.x.2012/toolchain/src/arm-mips-src-20121018/build.arm.cortex-a15/obj/glibc_0_final/elf/rtld-libc.a(rtld-lxstat64.os)
 *fill*         0x0000000000000254        0xc 00000000
 .text          0x0000000000000260       0x40 /home6/daewon2/Release/glibc/SP/SP_Linux/LP_Linux_Prj/REL/VDLinux.3.x.2012/toolchain/src/arm-mips-src-20121018/build.arm.cortex-a15/obj/glibc_0_final/elf/rtld-libc.a(rtld-open.os)
                0x0000000000000260                __open
                0x0000000000000260                __libc_open
                0x0000000000000260                open
 .text          0x00000000000002a0       0x40 /home6/daewon2/Release/glibc/SP/SP_Linux/LP_Linux_Prj/REL/VDLinux.3.x.2012/toolchain/src/arm-mips-src-20121018/build.arm.cortex-a15/obj/glibc_0_final/elf/rtld-libc.a(rtld-close.os)
                0x00000000000002a0                __libc_close
                0x00000000000002a0                __close
                0x00000000000002a0                close
 .text          0x00000000000002e0       0x40 /home6/daewon2/Release/glibc/SP/SP_Linux/LP_Linux_Prj/REL/VDLinux.3.x.2012/toolchain/src/arm-mips-src-20121018/build.arm.cortex-a15/obj/glibc_0_final/elf/rtld-libc.a(rtld-read.os)
                0x00000000000002e0                __read
                0x00000000000002e0                __libc_read
                0x00000000000002e0                read
 .text          0x0000000000000320       0x40 /home6/daewon2/Release/glibc/SP/SP_Linux/LP_Linux_Prj/REL/VDLinux.3.x.2012/toolchain/src/arm-mips-src-20121018/build.arm.cortex-a15/obj/glibc_0_final/elf/rtld-libc.a(rtld-write.os)
                0x0000000000000320                __write
                0x0000000000000320                write
                0x0000000000000320                __libc_write
 .text          0x0000000000000360       0x40 /home6/daewon2/Release/glibc/SP/SP_Linux/LP_Linux_Prj/REL/VDLinux.3.x.2012/toolchain/src/arm-mips-src-20121018/build.arm.cortex-a15/obj/glibc_0_final/elf/rtld-libc.a(rtld-lseek.os)
                0x0000000000000360                lseek
                0x0000000000000360                __lseek
                0x0000000000000360                __libc_lseek
 .text          0x00000000000003a0       0x40 /home6/daewon2/Release/glibc/SP/SP_Linux/LP_Linux_Prj/REL/VDLinux.3.x.2012/toolchain/src/arm-mips-src-20121018/build.arm.cortex-a15/obj/glibc_0_final/elf/rtld-libc.a(rtld-access.os)
                0x00000000000003a0                access
                0x00000000000003a0                __access
 .text          0x00000000000003e0        0x0 /home6/daewon2/Release/glibc/SP/SP_Linux/LP_Linux_Prj/REL/VDLinux.3.x.2012/toolchain/src/arm-mips-src-20121018/build.arm.cortex-a15/obj/glibc_0_final/elf/rtld-libc.a(rtld-fcntl.os)
 .text          0x00000000000003e0        0x0 /home6/daewon2/Release/glibc/SP/SP_Linux/LP_Linux_Prj/REL/VDLinux.3.x.2012/toolchain/src/arm-mips-src-20121018/build.arm.cortex-a15/obj/glibc_0_final/elf/rtld-libc.a(rtld-getpagesize.os)
 .text          0x00000000000003e0       0x60 /home6/daewon2/Release/glibc/SP/SP_Linux/LP_Linux_Prj/REL/VDLinux.3.x.2012/toolchain/src/arm-mips-src-20121018/build.arm.cortex-a15/obj/glibc_0_final/elf/rtld-libc.a(rtld-mmap.os)
                0x00000000000003e0                __mmap
                0x00000000000003e0                mmap
 .text          0x0000000000000440       0x40 /home6/daewon2/Release/glibc/SP/SP_Linux/LP_Linux_Prj/REL/VDLinux.3.x.2012/toolchain/src/arm-mips-src-20121018/build.arm.cortex-a15/obj/glibc_0_final/elf/rtld-libc.a(rtld-munmap.os)
                0x0000000000000440                munmap
                0x0000000000000440                __munmap
 .text          0x0000000000000480       0x40 /home6/daewon2/Release/glibc/SP/SP_Linux/LP_Linux_Prj/REL/VDLinux.3.x.2012/toolchain/src/arm-mips-src-20121018/build.arm.cortex-a15/obj/glibc_0_final/elf/rtld-libc.a(rtld-mprotect.os)
                0x0000000000000480                __mprotect
                0x0000000000000480                mprotect
 .text          0x00000000000004c0       0x40 /home6/daewon2/Release/glibc/SP/SP_Linux/LP_Linux_Prj/REL/VDLinux.3.x.2012/toolchain/src/arm-mips-src-20121018/build.arm.cortex-a15/obj/glibc_0_final/elf/rtld-libc.a(rtld-uname.os)
                0x00000000000004c0                uname
                0x00000000000004c0                __uname
 .text          0x0000000000000500        0x0 /home6/daewon2/Release/glibc/SP/SP_Linux/LP_Linux_Prj/REL/VDLinux.3.x.2012/toolchain/src/arm-mips-src-20121018/build.arm.cortex-a15/obj/glibc_0_final/elf/rtld-libc.a(rtld-_exit.os)
 .text          0x0000000000000500        0x0 /home6/daewon2/Release/glibc/SP/SP_Linux/LP_Linux_Prj/REL/VDLinux.3.x.2012/toolchain/src/arm-mips-src-20121018/build.arm.cortex-a15/obj/glibc_0_final/elf/rtld-libc.a(rtld-getpid.os)
 .text          0x0000000000000500        0x0 /home6/daewon2/Release/glibc/SP/SP_Linux/LP_Linux_Prj/REL/VDLinux.3.x.2012/toolchain/src/arm-mips-src-20121018/build.arm.cortex-a15/obj/glibc_0_final/elf/rtld-libc.a(rtld-environ.os)
 .text          0x0000000000000500       0x60 /home6/daewon2/Release/glibc/SP/SP_Linux/LP_Linux_Prj/REL/VDLinux.3.x.2012/toolchain/src/arm-mips-src-20121018/build.arm.cortex-a15/obj/glibc_0_final/elf/rtld-libc.a(rtld-setjmp.os)
                0x0000000000000500                __sigsetjmp
                0x0000000000000500                __GI___sigsetjmp
 .text          0x0000000000000560       0x70 /home6/daewon2/Release/glibc/SP/SP_Linux/LP_Linux_Prj/REL/VDLinux.3.x.2012/toolchain/src/arm-mips-src-20121018/build.arm.cortex-a15/obj/glibc_0_final/elf/rtld-libc.a(rtld-__longjmp.os)
                0x0000000000000560                __longjmp
 .text          0x00000000000005d0        0x0 /home6/daewon2/Release/glibc/SP/SP_Linux/LP_Linux_Prj/REL/VDLinux.3.x.2012/toolchain/src/arm-mips-src-20121018/build.arm.cortex-a15/obj/glibc_0_final/elf/rtld-libc.a(rtld-sigaction.os)
 .text          0x00000000000005d0       0x50 /home6/daewon2/Release/glibc/SP/SP_Linux/LP_Linux_Prj/REL/VDLinux.3.x.2012/toolchain/src/arm-mips-src-20121018/build.arm.cortex-a15/obj/glibc_0_final/elf/rtld-libc.a(rtld-sigrestorer.os)
                0x00000000000005e0                __default_sa_restorer_v1
                0x00000000000005f0                __default_sa_restorer_v2
                0x0000000000000600                __default_rt_sa_restorer_v1
                0x0000000000000610                __default_rt_sa_restorer_v2
 .text          0x0000000000000620        0x0 /home6/daewon2/Release/glibc/SP/SP_Linux/LP_Linux_Prj/REL/VDLinux.3.x.2012/toolchain/src/arm-mips-src-20121018/build.arm.cortex-a15/obj/glibc_0_final/elf/rtld-libc.a(rtld-strchr.os)
 .text          0x0000000000000620        0x0 /home6/daewon2/Release/glibc/SP/SP_Linux/LP_Linux_Prj/REL/VDLinux.3.x.2012/toolchain/src/arm-mips-src-20121018/build.arm.cortex-a15/obj/glibc_0_final/elf/rtld-libc.a(rtld-strcmp.os)
 .text          0x0000000000000620        0x0 /home6/daewon2/Release/glibc/SP/SP_Linux/LP_Linux_Prj/REL/VDLinux.3.x.2012/toolchain/src/arm-mips-src-20121018/build.arm.cortex-a15/obj/glibc_0_final/elf/rtld-libc.a(rtld-strcpy.os)
 .text          0x0000000000000620       0x60 /home6/daewon2/Release/glibc/SP/SP_Linux/LP_Linux_Prj/REL/VDLinux.3.x.2012/toolchain/src/arm-mips-src-20121018/build.arm.cortex-a15/obj/glibc_0_final/elf/rtld-libc.a(rtld-strlen.os)
                0x0000000000000620                strlen
 .text          0x0000000000000680        0x0 /home6/daewon2/Release/glibc/SP/SP_Linux/LP_Linux_Prj/REL/VDLinux.3.x.2012/toolchain/src/arm-mips-src-20121018/build.arm.cortex-a15/obj/glibc_0_final/elf/rtld-libc.a(rtld-strnlen.os)
 .text          0x0000000000000680        0x0 /home6/daewon2/Release/glibc/SP/SP_Linux/LP_Linux_Prj/REL/VDLinux.3.x.2012/toolchain/src/arm-mips-src-20121018/build.arm.cortex-a15/obj/glibc_0_final/elf/rtld-libc.a(rtld-memchr.os)
 .text          0x0000000000000680        0x0 /home6/daewon2/Release/glibc/SP/SP_Linux/LP_Linux_Prj/REL/VDLinux.3.x.2012/toolchain/src/arm-mips-src-20121018/build.arm.cortex-a15/obj/glibc_0_final/elf/rtld-libc.a(rtld-memcmp.os)
 .text          0x0000000000000680      0x340 /home6/daewon2/Release/glibc/SP/SP_Linux/LP_Linux_Prj/REL/VDLinux.3.x.2012/toolchain/src/arm-mips-src-20121018/build.arm.cortex-a15/obj/glibc_0_final/elf/rtld-libc.a(rtld-memmove.os)
                0x0000000000000680                memmove
 .text          0x00000000000009c0       0x80 /home6/daewon2/Release/glibc/SP/SP_Linux/LP_Linux_Prj/REL/VDLinux.3.x.2012/toolchain/src/arm-mips-src-20121018/build.arm.cortex-a15/obj/glibc_0_final/elf/rtld-libc.a(rtld-memset.os)
                0x00000000000009c0                memset
 .text          0x0000000000000a40        0x0 /home6/daewon2/Release/glibc/SP/SP_Linux/LP_Linux_Prj/REL/VDLinux.3.x.2012/toolchain/src/arm-mips-src-20121018/build.arm.cortex-a15/obj/glibc_0_final/elf/rtld-libc.a(rtld-mempcpy.os)
 .text          0x0000000000000a40        0x0 /home6/daewon2/Release/glibc/SP/SP_Linux/LP_Linux_Prj/REL/VDLinux.3.x.2012/toolchain/src/arm-mips-src-20121018/build.arm.cortex-a15/obj/glibc_0_final/elf/rtld-libc.a(rtld-stpcpy.os)
 .text          0x0000000000000a40      0x330 /home6/daewon2/Release/glibc/SP/SP_Linux/LP_Linux_Prj/REL/VDLinux.3.x.2012/toolchain/src/arm-mips-src-20121018/build.arm.cortex-a15/obj/glibc_0_final/elf/rtld-libc.a(rtld-memcpy.os)
                0x0000000000000a40                memcpy
 .text          0x0000000000000d70        0x0 /home6/daewon2/Release/glibc/SP/SP_Linux/LP_Linux_Prj/REL/VDLinux.3.x.2012/toolchain/src/arm-mips-src-20121018/build.arm.cortex-a15/obj/glibc_0_final/elf/rtld-libc.a(rtld-wordcopy.os)
 .text          0x0000000000000d70        0x0 /home6/daewon2/Release/glibc/SP/SP_Linux/LP_Linux_Prj/REL/VDLinux.3.x.2012/toolchain/src/arm-mips-src-20121018/build.arm.cortex-a15/obj/glibc_0_final/elf/rtld-libc.a(rtld-rawmemchr.os)
 .text          0x0000000000000d70       0x40 /home6/daewon2/Release/glibc/SP/SP_Linux/LP_Linux_Prj/REL/VDLinux.3.x.2012/toolchain/src/arm-mips-src-20121018/build.arm.cortex-a15/obj/glibc_0_final/elf/rtld-libc.a(rtld-setitimer.os)
                0x0000000000000d70                setitimer
                0x0000000000000d70                __setitimer
 .text          0x0000000000000db0       0x20 /home6/daewon2/Release/glibc/SP/SP_Linux/LP_Linux_Prj/REL/VDLinux.3.x.2012/toolchain/src/arm-mips-src-20121018/build.arm.cortex-a15/obj/glibc_0_final/elf/rtld-libc.a(rtld-sysdep.os)
                0x0000000000000db0                __syscall_error
 .text          0x0000000000000dd0       0x3c /home6/daewon2/Release/glibc/SP/SP_Linux/LP_Linux_Prj/REL/VDLinux.3.x.2012/toolchain/src/arm-mips-src-20121018/scripts/arm-v7a15v3r1/lib/gcc/arm-v7a15v3r1-linux-gnueabi/4.6.4/libgcc.a(_aeabi_uldivmod.o)
                0x0000000000000dd0                __aeabi_uldivmod
 .text          0x0000000000000e0c       0x10 /home6/daewon2/Release/glibc/SP/SP_Linux/LP_Linux_Prj/REL/VDLinux.3.x.2012/toolchain/src/arm-mips-src-20121018/scripts/arm-v7a15v3r1/lib/gcc/arm-v7a15v3r1-linux-gnueabi/4.6.4/libgcc.a(_dvmd_lnx.o)
                0x0000000000000e0c                __aeabi_ldiv0
                0x0000000000000e0c                __aeabi_idiv0
 .text          0x0000000000000e1c        0x0 /home6/daewon2/Release/glibc/SP/SP_Linux/LP_Linux_Prj/REL/VDLinux.3.x.2012/toolchain/src/arm-mips-src-20121018/scripts/arm-v7a15v3r1/lib/gcc/arm-v7a15v3r1-linux-gnueabi/4.6.4/libgcc.a(bpabi.o)
 .text          0x0000000000000e1c        0x0 /home6/daewon2/Release/glibc/SP/SP_Linux/LP_Linux_Prj/REL/VDLinux.3.x.2012/toolchain/src/arm-mips-src-20121018/scripts/arm-v7a15v3r1/lib/gcc/arm-v7a15v3r1-linux-gnueabi/4.6.4/libgcc.a(_divdi3.o)
 .text          0x0000000000000e1c        0x0 /home6/daewon2/Release/glibc/SP/SP_Linux/LP_Linux_Prj/REL/VDLinux.3.x.2012/toolchain/src/arm-mips-src-20121018/scripts/arm-v7a15v3r1/lib/gcc/arm-v7a15v3r1-linux-gnueabi/4.6.4/libgcc.a(_udivdi3.o)
 .text          0x0000000000000e1c        0x0 /home6/daewon2/Release/glibc/SP/SP_Linux/LP_Linux_Prj/REL/VDLinux.3.x.2012/toolchain/src/arm-mips-src-20121018/build.arm.cortex-a15/obj/glibc_0_final/elf/rtld-libc.a(rtld-raise.os)
 *(.gnu.warning)

.text._dl_initial_error_catch_tsd
                0x0000000000000000       0x10
 .text._dl_initial_error_catch_tsd
                0x0000000000000000       0x10 /home6/daewon2/Release/glibc/SP/SP_Linux/LP_Linux_Prj/REL/VDLinux.3.x.2012/toolchain/src/arm-mips-src-20121018/build.arm.cortex-a15/obj/glibc_0_final/elf/dl-allobjs.os
                0x0000000000000000                _dl_initial_error_catch_tsd

.text.rtld_lock_default_lock_recursive
                0x0000000000000000       0x10
 .text.rtld_lock_default_lock_recursive
                0x0000000000000000       0x10 /home6/daewon2/Release/glibc/SP/SP_Linux/LP_Linux_Prj/REL/VDLinux.3.x.2012/toolchain/src/arm-mips-src-20121018/build.arm.cortex-a15/obj/glibc_0_final/elf/dl-allobjs.os

.text.rtld_lock_default_unlock_recursive
                0x0000000000000000       0x10
 .text.rtld_lock_default_unlock_recursive
                0x0000000000000000       0x10 /home6/daewon2/Release/glibc/SP/SP_Linux/LP_Linux_Prj/REL/VDLinux.3.x.2012/toolchain/src/arm-mips-src-20121018/build.arm.cortex-a15/obj/glibc_0_final/elf/dl-allobjs.os

.text.lookup_doit
                0x0000000000000000       0x68
 .text.lookup_doit
                0x0000000000000000       0x68 /home6/daewon2/Release/glibc/SP/SP_Linux/LP_Linux_Prj/REL/VDLinux.3.x.2012/toolchain/src/arm-mips-src-20121018/build.arm.cortex-a15/obj/glibc_0_final/elf/dl-allobjs.os

.text.dlmopen_doit
                0x0000000000000000       0x7c
 .text.dlmopen_doit
                0x0000000000000000       0x7c /home6/daewon2/Release/glibc/SP/SP_Linux/LP_Linux_Prj/REL/VDLinux.3.x.2012/toolchain/src/arm-mips-src-20121018/build.arm.cortex-a15/obj/glibc_0_final/elf/dl-allobjs.os

.text.unlikely.do_preload
                0x0000000000000000       0xa0
 .text.unlikely.do_preload
                0x0000000000000000       0xa0 /home6/daewon2/Release/glibc/SP/SP_Linux/LP_Linux_Prj/REL/VDLinux.3.x.2012/toolchain/src/arm-mips-src-20121018/build.arm.cortex-a15/obj/glibc_0_final/elf/dl-allobjs.os

.text.print_unresolved
                0x0000000000000000       0x50
 .text.print_unresolved
                0x0000000000000000       0x50 /home6/daewon2/Release/glibc/SP/SP_Linux/LP_Linux_Prj/REL/VDLinux.3.x.2012/toolchain/src/arm-mips-src-20121018/build.arm.cortex-a15/obj/glibc_0_final/elf/dl-allobjs.os

.text.print_missing_version
                0x0000000000000000       0x5c
 .text.print_missing_version
                0x0000000000000000       0x5c /home6/daewon2/Release/glibc/SP/SP_Linux/LP_Linux_Prj/REL/VDLinux.3.x.2012/toolchain/src/arm-mips-src-20121018/build.arm.cortex-a15/obj/glibc_0_final/elf/dl-allobjs.os

.text.security_init
                0x0000000000000000       0xdc
 .text.security_init
                0x0000000000000000       0xdc /home6/daewon2/Release/glibc/SP/SP_Linux/LP_Linux_Prj/REL/VDLinux.3.x.2012/toolchain/src/arm-mips-src-20121018/build.arm.cortex-a15/obj/glibc_0_final/elf/dl-allobjs.os

.text.map_doit  0x0000000000000000       0x3c
 .text.map_doit
                0x0000000000000000       0x3c /home6/daewon2/Release/glibc/SP/SP_Linux/LP_Linux_Prj/REL/VDLinux.3.x.2012/toolchain/src/arm-mips-src-20121018/build.arm.cortex-a15/obj/glibc_0_final/elf/dl-allobjs.os

.text.process_dl_audit
                0x0000000000000000       0xac
 .text.process_dl_audit
                0x0000000000000000       0xac /home6/daewon2/Release/glibc/SP/SP_Linux/LP_Linux_Prj/REL/VDLinux.3.x.2012/toolchain/src/arm-mips-src-20121018/build.arm.cortex-a15/obj/glibc_0_final/elf/dl-allobjs.os

.text.relocate_doit
                0x0000000000000000       0x14
 .text.relocate_doit
                0x0000000000000000       0x14 /home6/daewon2/Release/glibc/SP/SP_Linux/LP_Linux_Prj/REL/VDLinux.3.x.2012/toolchain/src/arm-mips-src-20121018/build.arm.cortex-a15/obj/glibc_0_final/elf/dl-allobjs.os

.text.process_dl_debug
                0x0000000000000000      0x26c
 .text.process_dl_debug
                0x0000000000000000      0x26c /home6/daewon2/Release/glibc/SP/SP_Linux/LP_Linux_Prj/REL/VDLinux.3.x.2012/toolchain/src/arm-mips-src-20121018/build.arm.cortex-a15/obj/glibc_0_final/elf/dl-allobjs.os

.text.process_envvars
                0x0000000000000000      0x834
 .text.process_envvars
                0x0000000000000000      0x834 /home6/daewon2/Release/glibc/SP/SP_Linux/LP_Linux_Prj/REL/VDLinux.3.x.2012/toolchain/src/arm-mips-src-20121018/build.arm.cortex-a15/obj/glibc_0_final/elf/dl-allobjs.os

.text.unlikely.print_statistics.isra.3
                0x0000000000000000       0xd8
 .text.unlikely.print_statistics.isra.3
                0x0000000000000000       0xd8 /home6/daewon2/Release/glibc/SP/SP_Linux/LP_Linux_Prj/REL/VDLinux.3.x.2012/toolchain/src/arm-mips-src-20121018/build.arm.cortex-a15/obj/glibc_0_final/elf/dl-allobjs.os

.text._dl_start_final
                0x0000000000000000       0xfc
 .text._dl_start_final
                0x0000000000000000       0xfc /home6/daewon2/Release/glibc/SP/SP_Linux/LP_Linux_Prj/REL/VDLinux.3.x.2012/toolchain/src/arm-mips-src-20121018/build.arm.cortex-a15/obj/glibc_0_final/elf/dl-allobjs.os

.text.unlikely.init_tls.part.6
                0x0000000000000000      0x178
 .text.unlikely.init_tls.part.6
                0x0000000000000000      0x178 /home6/daewon2/Release/glibc/SP/SP_Linux/LP_Linux_Prj/REL/VDLinux.3.x.2012/toolchain/src/arm-mips-src-20121018/build.arm.cortex-a15/obj/glibc_0_final/elf/dl-allobjs.os

.text.dl_main   0x0000000000000000     0x329c
 .text.dl_main  0x0000000000000000     0x329c /home6/daewon2/Release/glibc/SP/SP_Linux/LP_Linux_Prj/REL/VDLinux.3.x.2012/toolchain/src/arm-mips-src-20121018/build.arm.cortex-a15/obj/glibc_0_final/elf/dl-allobjs.os

.text.version_check_doit
                0x0000000000000000       0x44
 .text.version_check_doit
                0x0000000000000000       0x44 /home6/daewon2/Release/glibc/SP/SP_Linux/LP_Linux_Prj/REL/VDLinux.3.x.2012/toolchain/src/arm-mips-src-20121018/build.arm.cortex-a15/obj/glibc_0_final/elf/dl-allobjs.os

.text._dl_start
                0x0000000000000000      0x78c
 .text._dl_start
                0x0000000000000000      0x78c /home6/daewon2/Release/glibc/SP/SP_Linux/LP_Linux_Prj/REL/VDLinux.3.x.2012/toolchain/src/arm-mips-src-20121018/build.arm.cortex-a15/obj/glibc_0_final/elf/dl-allobjs.os

.text.is_dst    0x0000000000000000      0x100
 .text.is_dst   0x0000000000000000      0x100 /home6/daewon2/Release/glibc/SP/SP_Linux/LP_Linux_Prj/REL/VDLinux.3.x.2012/toolchain/src/arm-mips-src-20121018/build.arm.cortex-a15/obj/glibc_0_final/elf/dl-allobjs.os

.text.local_strdup
                0x0000000000000000       0x30
 .text.local_strdup
                0x0000000000000000       0x30 /home6/daewon2/Release/glibc/SP/SP_Linux/LP_Linux_Prj/REL/VDLinux.3.x.2012/toolchain/src/arm-mips-src-20121018/build.arm.cortex-a15/obj/glibc_0_final/elf/dl-allobjs.os

.text.fillin_rpath
                0x0000000000000000      0x32c
 .text.fillin_rpath
                0x0000000000000000      0x32c /home6/daewon2/Release/glibc/SP/SP_Linux/LP_Linux_Prj/REL/VDLinux.3.x.2012/toolchain/src/arm-mips-src-20121018/build.arm.cortex-a15/obj/glibc_0_final/elf/dl-allobjs.os

.text.add_name_to_object
                0x0000000000000000       0xcc
 .text.add_name_to_object
                0x0000000000000000       0xcc /home6/daewon2/Release/glibc/SP/SP_Linux/LP_Linux_Prj/REL/VDLinux.3.x.2012/toolchain/src/arm-mips-src-20121018/build.arm.cortex-a15/obj/glibc_0_final/elf/dl-allobjs.os

.text.unlikely.is_trusted_path_normalize
                0x0000000000000000      0x15c
 .text.unlikely.is_trusted_path_normalize
                0x0000000000000000      0x15c /home6/daewon2/Release/glibc/SP/SP_Linux/LP_Linux_Prj/REL/VDLinux.3.x.2012/toolchain/src/arm-mips-src-20121018/build.arm.cortex-a15/obj/glibc_0_final/elf/dl-allobjs.os

.text.unlikely.print_search_path
                0x0000000000000000      0x1b4
 .text.unlikely.print_search_path
                0x0000000000000000      0x1b4 /home6/daewon2/Release/glibc/SP/SP_Linux/LP_Linux_Prj/REL/VDLinux.3.x.2012/toolchain/src/arm-mips-src-20121018/build.arm.cortex-a15/obj/glibc_0_final/elf/dl-allobjs.os

.text.lose      0x0000000000000000       0x64
 .text.lose     0x0000000000000000       0x64 /home6/daewon2/Release/glibc/SP/SP_Linux/LP_Linux_Prj/REL/VDLinux.3.x.2012/toolchain/src/arm-mips-src-20121018/build.arm.cortex-a15/obj/glibc_0_final/elf/dl-allobjs.os

.text.open_verify
                0x0000000000000000      0x5d8
 .text.open_verify
                0x0000000000000000      0x5d8 /home6/daewon2/Release/glibc/SP/SP_Linux/LP_Linux_Prj/REL/VDLinux.3.x.2012/toolchain/src/arm-mips-src-20121018/build.arm.cortex-a15/obj/glibc_0_final/elf/dl-allobjs.os

.text.open_path
                0x0000000000000000      0x3ec
 .text.open_path
                0x0000000000000000      0x3ec /home6/daewon2/Release/glibc/SP/SP_Linux/LP_Linux_Prj/REL/VDLinux.3.x.2012/toolchain/src/arm-mips-src-20121018/build.arm.cortex-a15/obj/glibc_0_final/elf/dl-allobjs.os

.text._dl_map_object_from_fd
                0x0000000000000000     0x1280
 .text._dl_map_object_from_fd
                0x0000000000000000     0x1280 /home6/daewon2/Release/glibc/SP/SP_Linux/LP_Linux_Prj/REL/VDLinux.3.x.2012/toolchain/src/arm-mips-src-20121018/build.arm.cortex-a15/obj/glibc_0_final/elf/dl-allobjs.os

.text.add_path.8779.constprop.1
                0x0000000000000000       0xd8
 .text.add_path.8779.constprop.1
                0x0000000000000000       0xd8 /home6/daewon2/Release/glibc/SP/SP_Linux/LP_Linux_Prj/REL/VDLinux.3.x.2012/toolchain/src/arm-mips-src-20121018/build.arm.cortex-a15/obj/glibc_0_final/elf/dl-allobjs.os

.text._dl_dst_count
                0x0000000000000000       0xd8
 .text._dl_dst_count
                0x0000000000000000       0xd8 /home6/daewon2/Release/glibc/SP/SP_Linux/LP_Linux_Prj/REL/VDLinux.3.x.2012/toolchain/src/arm-mips-src-20121018/build.arm.cortex-a15/obj/glibc_0_final/elf/dl-allobjs.os
                0x0000000000000000                _dl_dst_count

.text._dl_dst_substitute
                0x0000000000000000      0x2bc
 .text._dl_dst_substitute
                0x0000000000000000      0x2bc /home6/daewon2/Release/glibc/SP/SP_Linux/LP_Linux_Prj/REL/VDLinux.3.x.2012/toolchain/src/arm-mips-src-20121018/build.arm.cortex-a15/obj/glibc_0_final/elf/dl-allobjs.os
                0x0000000000000000                _dl_dst_substitute

.text.expand_dynamic_string_token
                0x0000000000000000      0x128
 .text.expand_dynamic_string_token
                0x0000000000000000      0x128 /home6/daewon2/Release/glibc/SP/SP_Linux/LP_Linux_Prj/REL/VDLinux.3.x.2012/toolchain/src/arm-mips-src-20121018/build.arm.cortex-a15/obj/glibc_0_final/elf/dl-allobjs.os

.text.decompose_rpath
                0x0000000000000000      0x1b0
 .text.decompose_rpath
                0x0000000000000000      0x1b0 /home6/daewon2/Release/glibc/SP/SP_Linux/LP_Linux_Prj/REL/VDLinux.3.x.2012/toolchain/src/arm-mips-src-20121018/build.arm.cortex-a15/obj/glibc_0_final/elf/dl-allobjs.os

.text.cache_rpath
                0x0000000000000000       0x6c
 .text.cache_rpath
                0x0000000000000000       0x6c /home6/daewon2/Release/glibc/SP/SP_Linux/LP_Linux_Prj/REL/VDLinux.3.x.2012/toolchain/src/arm-mips-src-20121018/build.arm.cortex-a15/obj/glibc_0_final/elf/dl-allobjs.os

.text._dl_init_paths
                0x0000000000000000      0x510
 .text._dl_init_paths
                0x0000000000000000      0x510 /home6/daewon2/Release/glibc/SP/SP_Linux/LP_Linux_Prj/REL/VDLinux.3.x.2012/toolchain/src/arm-mips-src-20121018/build.arm.cortex-a15/obj/glibc_0_final/elf/dl-allobjs.os
                0x0000000000000000                _dl_init_paths

.text._dl_map_object
                0x0000000000000000      0x96c
 .text._dl_map_object
                0x0000000000000000      0x96c /home6/daewon2/Release/glibc/SP/SP_Linux/LP_Linux_Prj/REL/VDLinux.3.x.2012/toolchain/src/arm-mips-src-20121018/build.arm.cortex-a15/obj/glibc_0_final/elf/dl-allobjs.os
                0x0000000000000000                _dl_map_object

.text._dl_rtld_di_serinfo
                0x0000000000000000      0x1b8
 .text._dl_rtld_di_serinfo
                0x0000000000000000      0x1b8 /home6/daewon2/Release/glibc/SP/SP_Linux/LP_Linux_Prj/REL/VDLinux.3.x.2012/toolchain/src/arm-mips-src-20121018/build.arm.cortex-a15/obj/glibc_0_final/elf/dl-allobjs.os
                0x0000000000000000                _dl_rtld_di_serinfo

.text._dl_cache_libcmp
                0x0000000000000000      0x118
 .text._dl_cache_libcmp
                0x0000000000000000      0x118 /home6/daewon2/Release/glibc/SP/SP_Linux/LP_Linux_Prj/REL/VDLinux.3.x.2012/toolchain/src/arm-mips-src-20121018/build.arm.cortex-a15/obj/glibc_0_final/elf/dl-allobjs.os
                0x0000000000000000                _dl_cache_libcmp

.text._dl_load_cache_lookup
                0x0000000000000000      0x6cc
 .text._dl_load_cache_lookup
                0x0000000000000000      0x6cc /home6/daewon2/Release/glibc/SP/SP_Linux/LP_Linux_Prj/REL/VDLinux.3.x.2012/toolchain/src/arm-mips-src-20121018/build.arm.cortex-a15/obj/glibc_0_final/elf/dl-allobjs.os
                0x0000000000000000                _dl_load_cache_lookup

.text._dl_unload_cache
                0x0000000000000000       0x34
 .text._dl_unload_cache
                0x0000000000000000       0x34 /home6/daewon2/Release/glibc/SP/SP_Linux/LP_Linux_Prj/REL/VDLinux.3.x.2012/toolchain/src/arm-mips-src-20121018/build.arm.cortex-a15/obj/glibc_0_final/elf/dl-allobjs.os
                0x0000000000000000                _dl_unload_cache

.text.enter.8587
                0x0000000000000000       0x64
 .text.enter.8587
                0x0000000000000000       0x64 /home6/daewon2/Release/glibc/SP/SP_Linux/LP_Linux_Prj/REL/VDLinux.3.x.2012/toolchain/src/arm-mips-src-20121018/build.arm.cortex-a15/obj/glibc_0_final/elf/dl-allobjs.os

.text.check_match.8539
                0x0000000000000000      0x1cc
 .text.check_match.8539
                0x0000000000000000      0x1cc /home6/daewon2/Release/glibc/SP/SP_Linux/LP_Linux_Prj/REL/VDLinux.3.x.2012/toolchain/src/arm-mips-src-20121018/build.arm.cortex-a15/obj/glibc_0_final/elf/dl-allobjs.os

.text.do_lookup_x
                0x0000000000000000      0x71c
 .text.do_lookup_x
                0x0000000000000000      0x71c /home6/daewon2/Release/glibc/SP/SP_Linux/LP_Linux_Prj/REL/VDLinux.3.x.2012/toolchain/src/arm-mips-src-20121018/build.arm.cortex-a15/obj/glibc_0_final/elf/dl-allobjs.os

.text._dl_lookup_symbol_x
                0x0000000000000000     0x10b0
 .text._dl_lookup_symbol_x
                0x0000000000000000     0x10b0 /home6/daewon2/Release/glibc/SP/SP_Linux/LP_Linux_Prj/REL/VDLinux.3.x.2012/toolchain/src/arm-mips-src-20121018/build.arm.cortex-a15/obj/glibc_0_final/elf/dl-allobjs.os
                0x0000000000000000                _dl_lookup_symbol_x

.text._dl_setup_hash
                0x0000000000000000       0xb0
 .text._dl_setup_hash
                0x0000000000000000       0xb0 /home6/daewon2/Release/glibc/SP/SP_Linux/LP_Linux_Prj/REL/VDLinux.3.x.2012/toolchain/src/arm-mips-src-20121018/build.arm.cortex-a15/obj/glibc_0_final/elf/dl-allobjs.os
                0x0000000000000000                _dl_setup_hash

.text._dl_add_to_namespace_list
                0x0000000000000000       0xb8
 .text._dl_add_to_namespace_list
                0x0000000000000000       0xb8 /home6/daewon2/Release/glibc/SP/SP_Linux/LP_Linux_Prj/REL/VDLinux.3.x.2012/toolchain/src/arm-mips-src-20121018/build.arm.cortex-a15/obj/glibc_0_final/elf/dl-allobjs.os
                0x0000000000000000                _dl_add_to_namespace_list

.text._dl_new_object
                0x0000000000000000      0x2a0
 .text._dl_new_object
                0x0000000000000000      0x2a0 /home6/daewon2/Release/glibc/SP/SP_Linux/LP_Linux_Prj/REL/VDLinux.3.x.2012/toolchain/src/arm-mips-src-20121018/build.arm.cortex-a15/obj/glibc_0_final/elf/dl-allobjs.os
                0x0000000000000000                _dl_new_object

.text.fix_bad_pc24.8238.isra.2
                0x0000000000000000       0xec
 .text.fix_bad_pc24.8238.isra.2
                0x0000000000000000       0xec /home6/daewon2/Release/glibc/SP/SP_Linux/LP_Linux_Prj/REL/VDLinux.3.x.2012/toolchain/src/arm-mips-src-20121018/build.arm.cortex-a15/obj/glibc_0_final/elf/dl-allobjs.os

.text._dl_try_allocate_static_tls
                0x0000000000000000       0xec
 .text._dl_try_allocate_static_tls
                0x0000000000000000       0xec /home6/daewon2/Release/glibc/SP/SP_Linux/LP_Linux_Prj/REL/VDLinux.3.x.2012/toolchain/src/arm-mips-src-20121018/build.arm.cortex-a15/obj/glibc_0_final/elf/dl-allobjs.os
                0x0000000000000000                _dl_try_allocate_static_tls

.text._dl_allocate_static_tls
                0x0000000000000000       0x3c
 .text._dl_allocate_static_tls
                0x0000000000000000       0x3c /home6/daewon2/Release/glibc/SP/SP_Linux/LP_Linux_Prj/REL/VDLinux.3.x.2012/toolchain/src/arm-mips-src-20121018/build.arm.cortex-a15/obj/glibc_0_final/elf/dl-allobjs.os
                0x0000000000000000                _dl_allocate_static_tls

.text._dl_nothread_init_static_tls
                0x0000000000000000       0x88
 .text._dl_nothread_init_static_tls
                0x0000000000000000       0x88 /home6/daewon2/Release/glibc/SP/SP_Linux/LP_Linux_Prj/REL/VDLinux.3.x.2012/toolchain/src/arm-mips-src-20121018/build.arm.cortex-a15/obj/glibc_0_final/elf/dl-allobjs.os
                0x0000000000000000                _dl_nothread_init_static_tls

.text._dl_protect_relro
                0x0000000000000000       0x7c
 .text._dl_protect_relro
                0x0000000000000000       0x7c /home6/daewon2/Release/glibc/SP/SP_Linux/LP_Linux_Prj/REL/VDLinux.3.x.2012/toolchain/src/arm-mips-src-20121018/build.arm.cortex-a15/obj/glibc_0_final/elf/dl-allobjs.os
                0x0000000000000000                _dl_protect_relro

.text._dl_reloc_bad_type
                0x0000000000000000       0x68
 .text._dl_reloc_bad_type
                0x0000000000000000       0x68 /home6/daewon2/Release/glibc/SP/SP_Linux/LP_Linux_Prj/REL/VDLinux.3.x.2012/toolchain/src/arm-mips-src-20121018/build.arm.cortex-a15/obj/glibc_0_final/elf/dl-allobjs.os
                0x0000000000000000                _dl_reloc_bad_type

.text._dl_relocate_object
                0x0000000000000000     0x1c18
 .text._dl_relocate_object
                0x0000000000000000     0x1c18 /home6/daewon2/Release/glibc/SP/SP_Linux/LP_Linux_Prj/REL/VDLinux.3.x.2012/toolchain/src/arm-mips-src-20121018/build.arm.cortex-a15/obj/glibc_0_final/elf/dl-allobjs.os
                0x0000000000000000                _dl_relocate_object

.text._dl_build_local_scope
                0x0000000000000000       0x7c
 .text._dl_build_local_scope
                0x0000000000000000       0x7c /home6/daewon2/Release/glibc/SP/SP_Linux/LP_Linux_Prj/REL/VDLinux.3.x.2012/toolchain/src/arm-mips-src-20121018/build.arm.cortex-a15/obj/glibc_0_final/elf/dl-allobjs.os

.text.openaux   0x0000000000000000       0x48
 .text.openaux  0x0000000000000000       0x48 /home6/daewon2/Release/glibc/SP/SP_Linux/LP_Linux_Prj/REL/VDLinux.3.x.2012/toolchain/src/arm-mips-src-20121018/build.arm.cortex-a15/obj/glibc_0_final/elf/dl-allobjs.os

.text._dl_map_object_deps
                0x0000000000000000     0x1118
 .text._dl_map_object_deps
                0x0000000000000000     0x1118 /home6/daewon2/Release/glibc/SP/SP_Linux/LP_Linux_Prj/REL/VDLinux.3.x.2012/toolchain/src/arm-mips-src-20121018/build.arm.cortex-a15/obj/glibc_0_final/elf/dl-allobjs.os
                0x0000000000000000                _dl_map_object_deps

.text._dl_fixup
                0x0000000000000000      0x1e0
 .text._dl_fixup
                0x0000000000000000      0x1e0 /home6/daewon2/Release/glibc/SP/SP_Linux/LP_Linux_Prj/REL/VDLinux.3.x.2012/toolchain/src/arm-mips-src-20121018/build.arm.cortex-a15/obj/glibc_0_final/elf/dl-allobjs.os
                0x0000000000000000                _dl_fixup

.text._dl_profile_fixup
                0x0000000000000000      0x578
 .text._dl_profile_fixup
                0x0000000000000000      0x578 /home6/daewon2/Release/glibc/SP/SP_Linux/LP_Linux_Prj/REL/VDLinux.3.x.2012/toolchain/src/arm-mips-src-20121018/build.arm.cortex-a15/obj/glibc_0_final/elf/dl-allobjs.os
                0x0000000000000000                _dl_profile_fixup

.text._dl_call_pltexit
                0x0000000000000000       0xf4
 .text._dl_call_pltexit
                0x0000000000000000       0xf4 /home6/daewon2/Release/glibc/SP/SP_Linux/LP_Linux_Prj/REL/VDLinux.3.x.2012/toolchain/src/arm-mips-src-20121018/build.arm.cortex-a15/obj/glibc_0_final/elf/dl-allobjs.os
                0x0000000000000000                _dl_call_pltexit

.text._dl_signal_error
                0x0000000000000000      0x1e4
 .text._dl_signal_error
                0x0000000000000000      0x1e4 /home6/daewon2/Release/glibc/SP/SP_Linux/LP_Linux_Prj/REL/VDLinux.3.x.2012/toolchain/src/arm-mips-src-20121018/build.arm.cortex-a15/obj/glibc_0_final/elf/dl-allobjs.os
                0x0000000000000000                _dl_signal_error

.text._dl_signal_cerror
                0x0000000000000000       0xc4
 .text._dl_signal_cerror
                0x0000000000000000       0xc4 /home6/daewon2/Release/glibc/SP/SP_Linux/LP_Linux_Prj/REL/VDLinux.3.x.2012/toolchain/src/arm-mips-src-20121018/build.arm.cortex-a15/obj/glibc_0_final/elf/dl-allobjs.os
                0x0000000000000000                _dl_signal_cerror

.text._dl_catch_error
                0x0000000000000000       0xd8
 .text._dl_catch_error
                0x0000000000000000       0xd8 /home6/daewon2/Release/glibc/SP/SP_Linux/LP_Linux_Prj/REL/VDLinux.3.x.2012/toolchain/src/arm-mips-src-20121018/build.arm.cortex-a15/obj/glibc_0_final/elf/dl-allobjs.os
                0x0000000000000000                _dl_catch_error

.text._dl_receive_error
                0x0000000000000000       0x5c
 .text._dl_receive_error
                0x0000000000000000       0x5c /home6/daewon2/Release/glibc/SP/SP_Linux/LP_Linux_Prj/REL/VDLinux.3.x.2012/toolchain/src/arm-mips-src-20121018/build.arm.cortex-a15/obj/glibc_0_final/elf/dl-allobjs.os
                0x0000000000000000                _dl_receive_error

.text.call_init
                0x0000000000000000      0x12c
 .text.call_init
                0x0000000000000000      0x12c /home6/daewon2/Release/glibc/SP/SP_Linux/LP_Linux_Prj/REL/VDLinux.3.x.2012/toolchain/src/arm-mips-src-20121018/build.arm.cortex-a15/obj/glibc_0_final/elf/dl-allobjs.os

.text._dl_init  0x0000000000000000      0x118
 .text._dl_init
                0x0000000000000000      0x118 /home6/daewon2/Release/glibc/SP/SP_Linux/LP_Linux_Prj/REL/VDLinux.3.x.2012/toolchain/src/arm-mips-src-20121018/build.arm.cortex-a15/obj/glibc_0_final/elf/dl-allobjs.os
                0x0000000000000000                _dl_init_internal
                0x0000000000000000                _dl_init

.text._dl_sort_fini
                0x0000000000000000      0x1f0
 .text._dl_sort_fini
                0x0000000000000000      0x1f0 /home6/daewon2/Release/glibc/SP/SP_Linux/LP_Linux_Prj/REL/VDLinux.3.x.2012/toolchain/src/arm-mips-src-20121018/build.arm.cortex-a15/obj/glibc_0_final/elf/dl-allobjs.os
                0x0000000000000000                _dl_sort_fini

.text._dl_fini  0x0000000000000000      0x538
 .text._dl_fini
                0x0000000000000000      0x538 /home6/daewon2/Release/glibc/SP/SP_Linux/LP_Linux_Prj/REL/VDLinux.3.x.2012/toolchain/src/arm-mips-src-20121018/build.arm.cortex-a15/obj/glibc_0_final/elf/dl-allobjs.os
                0x0000000000000000                _dl_fini

.text.__GI__dl_debug_state
                0x0000000000000000        0x4
 .text.__GI__dl_debug_state
                0x0000000000000000        0x4 /home6/daewon2/Release/glibc/SP/SP_Linux/LP_Linux_Prj/REL/VDLinux.3.x.2012/toolchain/src/arm-mips-src-20121018/build.arm.cortex-a15/obj/glibc_0_final/elf/dl-allobjs.os
                0x0000000000000000                _dl_debug_state
                0x0000000000000000                __GI__dl_debug_state

.text._dl_debug_initialize
                0x0000000000000000       0xc0
 .text._dl_debug_initialize
                0x0000000000000000       0xc0 /home6/daewon2/Release/glibc/SP/SP_Linux/LP_Linux_Prj/REL/VDLinux.3.x.2012/toolchain/src/arm-mips-src-20121018/build.arm.cortex-a15/obj/glibc_0_final/elf/dl-allobjs.os
                0x0000000000000000                _dl_debug_initialize

.text._dl_debug_vdprintf
                0x0000000000000000      0x3e8
 .text._dl_debug_vdprintf
                0x0000000000000000      0x3e8 /home6/daewon2/Release/glibc/SP/SP_Linux/LP_Linux_Prj/REL/VDLinux.3.x.2012/toolchain/src/arm-mips-src-20121018/build.arm.cortex-a15/obj/glibc_0_final/elf/dl-allobjs.os

.text._dl_sysdep_read_whole_file
                0x0000000000000000       0x88
 .text._dl_sysdep_read_whole_file
                0x0000000000000000       0x88 /home6/daewon2/Release/glibc/SP/SP_Linux/LP_Linux_Prj/REL/VDLinux.3.x.2012/toolchain/src/arm-mips-src-20121018/build.arm.cortex-a15/obj/glibc_0_final/elf/dl-allobjs.os
                0x0000000000000000                _dl_sysdep_read_whole_file

.text._dl_debug_printf
                0x0000000000000000       0x44
 .text._dl_debug_printf
                0x0000000000000000       0x44 /home6/daewon2/Release/glibc/SP/SP_Linux/LP_Linux_Prj/REL/VDLinux.3.x.2012/toolchain/src/arm-mips-src-20121018/build.arm.cortex-a15/obj/glibc_0_final/elf/dl-allobjs.os
                0x0000000000000000                _dl_debug_printf

.text._dl_debug_printf_c
                0x0000000000000000       0x44
 .text._dl_debug_printf_c
                0x0000000000000000       0x44 /home6/daewon2/Release/glibc/SP/SP_Linux/LP_Linux_Prj/REL/VDLinux.3.x.2012/toolchain/src/arm-mips-src-20121018/build.arm.cortex-a15/obj/glibc_0_final/elf/dl-allobjs.os
                0x0000000000000000                _dl_debug_printf_c

.text._dl_dprintf
                0x0000000000000000       0x34
 .text._dl_dprintf
                0x0000000000000000       0x34 /home6/daewon2/Release/glibc/SP/SP_Linux/LP_Linux_Prj/REL/VDLinux.3.x.2012/toolchain/src/arm-mips-src-20121018/build.arm.cortex-a15/obj/glibc_0_final/elf/dl-allobjs.os
                0x0000000000000000                _dl_dprintf

.text._dl_name_match_p
                0x0000000000000000       0x60
 .text._dl_name_match_p
                0x0000000000000000       0x60 /home6/daewon2/Release/glibc/SP/SP_Linux/LP_Linux_Prj/REL/VDLinux.3.x.2012/toolchain/src/arm-mips-src-20121018/build.arm.cortex-a15/obj/glibc_0_final/elf/dl-allobjs.os
                0x0000000000000000                _dl_name_match_p

.text._dl_higher_prime_number
                0x0000000000000000       0x80
 .text._dl_higher_prime_number
                0x0000000000000000       0x80 /home6/daewon2/Release/glibc/SP/SP_Linux/LP_Linux_Prj/REL/VDLinux.3.x.2012/toolchain/src/arm-mips-src-20121018/build.arm.cortex-a15/obj/glibc_0_final/elf/dl-allobjs.os
                0x0000000000000000                _dl_higher_prime_number

.text.match_symbol
                0x0000000000000000      0x3b8
 .text.match_symbol
                0x0000000000000000      0x3b8 /home6/daewon2/Release/glibc/SP/SP_Linux/LP_Linux_Prj/REL/VDLinux.3.x.2012/toolchain/src/arm-mips-src-20121018/build.arm.cortex-a15/obj/glibc_0_final/elf/dl-allobjs.os

.text._dl_check_map_versions
                0x0000000000000000      0x438
 .text._dl_check_map_versions
                0x0000000000000000      0x438 /home6/daewon2/Release/glibc/SP/SP_Linux/LP_Linux_Prj/REL/VDLinux.3.x.2012/toolchain/src/arm-mips-src-20121018/build.arm.cortex-a15/obj/glibc_0_final/elf/dl-allobjs.os
                0x0000000000000000                _dl_check_map_versions

.text._dl_check_all_versions
                0x0000000000000000       0x78
 .text._dl_check_all_versions
                0x0000000000000000       0x78 /home6/daewon2/Release/glibc/SP/SP_Linux/LP_Linux_Prj/REL/VDLinux.3.x.2012/toolchain/src/arm-mips-src-20121018/build.arm.cortex-a15/obj/glibc_0_final/elf/dl-allobjs.os
                0x0000000000000000                _dl_check_all_versions

.text._dl_start_profile
                0x0000000000000000      0x690
 .text._dl_start_profile
                0x0000000000000000      0x690 /home6/daewon2/Release/glibc/SP/SP_Linux/LP_Linux_Prj/REL/VDLinux.3.x.2012/toolchain/src/arm-mips-src-20121018/build.arm.cortex-a15/obj/glibc_0_final/elf/dl-allobjs.os
                0x0000000000000000                _dl_start_profile

.text._dl_mcount
                0x0000000000000000      0x420
 .text._dl_mcount
                0x0000000000000000      0x420 /home6/daewon2/Release/glibc/SP/SP_Linux/LP_Linux_Prj/REL/VDLinux.3.x.2012/toolchain/src/arm-mips-src-20121018/build.arm.cortex-a15/obj/glibc_0_final/elf/dl-allobjs.os
                0x0000000000000000                _dl_mcount_internal
                0x0000000000000000                _dl_mcount

.text._dl_resolve_conflicts
                0x0000000000000000      0x328
 .text._dl_resolve_conflicts
                0x0000000000000000      0x328 /home6/daewon2/Release/glibc/SP/SP_Linux/LP_Linux_Prj/REL/VDLinux.3.x.2012/toolchain/src/arm-mips-src-20121018/build.arm.cortex-a15/obj/glibc_0_final/elf/dl-allobjs.os
                0x0000000000000000                _dl_resolve_conflicts

.text.unlikely.oom
                0x0000000000000000       0x20
 .text.unlikely.oom
                0x0000000000000000       0x20 /home6/daewon2/Release/glibc/SP/SP_Linux/LP_Linux_Prj/REL/VDLinux.3.x.2012/toolchain/src/arm-mips-src-20121018/build.arm.cortex-a15/obj/glibc_0_final/elf/dl-allobjs.os

.text.unlikely.tls_get_addr_tail
                0x0000000000000000      0x10c
 .text.unlikely.tls_get_addr_tail
                0x0000000000000000      0x10c /home6/daewon2/Release/glibc/SP/SP_Linux/LP_Linux_Prj/REL/VDLinux.3.x.2012/toolchain/src/arm-mips-src-20121018/build.arm.cortex-a15/obj/glibc_0_final/elf/dl-allobjs.os

.text.allocate_dtv
                0x0000000000000000       0x40
 .text.allocate_dtv
                0x0000000000000000       0x40 /home6/daewon2/Release/glibc/SP/SP_Linux/LP_Linux_Prj/REL/VDLinux.3.x.2012/toolchain/src/arm-mips-src-20121018/build.arm.cortex-a15/obj/glibc_0_final/elf/dl-allobjs.os

.text._dl_next_tls_modid
                0x0000000000000000      0x120
 .text._dl_next_tls_modid
                0x0000000000000000      0x120 /home6/daewon2/Release/glibc/SP/SP_Linux/LP_Linux_Prj/REL/VDLinux.3.x.2012/toolchain/src/arm-mips-src-20121018/build.arm.cortex-a15/obj/glibc_0_final/elf/dl-allobjs.os
                0x0000000000000000                _dl_next_tls_modid

.text._dl_determine_tlsoffset
                0x0000000000000000      0x1e8
 .text._dl_determine_tlsoffset
                0x0000000000000000      0x1e8 /home6/daewon2/Release/glibc/SP/SP_Linux/LP_Linux_Prj/REL/VDLinux.3.x.2012/toolchain/src/arm-mips-src-20121018/build.arm.cortex-a15/obj/glibc_0_final/elf/dl-allobjs.os
                0x0000000000000000                _dl_determine_tlsoffset

.text.__GI__dl_tls_setup
                0x0000000000000000       0xc0
 .text.__GI__dl_tls_setup
                0x0000000000000000       0xc0 /home6/daewon2/Release/glibc/SP/SP_Linux/LP_Linux_Prj/REL/VDLinux.3.x.2012/toolchain/src/arm-mips-src-20121018/build.arm.cortex-a15/obj/glibc_0_final/elf/dl-allobjs.os
                0x0000000000000000                __GI__dl_tls_setup
                0x0000000000000000                _dl_tls_setup

.text._dl_get_tls_static_info
                0x0000000000000000       0x20
 .text._dl_get_tls_static_info
                0x0000000000000000       0x20 /home6/daewon2/Release/glibc/SP/SP_Linux/LP_Linux_Prj/REL/VDLinux.3.x.2012/toolchain/src/arm-mips-src-20121018/build.arm.cortex-a15/obj/glibc_0_final/elf/dl-allobjs.os
                0x0000000000000000                _dl_get_tls_static_info

.text._dl_allocate_tls_storage
                0x0000000000000000       0x84
 .text._dl_allocate_tls_storage
                0x0000000000000000       0x84 /home6/daewon2/Release/glibc/SP/SP_Linux/LP_Linux_Prj/REL/VDLinux.3.x.2012/toolchain/src/arm-mips-src-20121018/build.arm.cortex-a15/obj/glibc_0_final/elf/dl-allobjs.os
                0x0000000000000000                _dl_allocate_tls_storage

.text.__GI__dl_allocate_tls_init
                0x0000000000000000      0x1f0
 .text.__GI__dl_allocate_tls_init
                0x0000000000000000      0x1f0 /home6/daewon2/Release/glibc/SP/SP_Linux/LP_Linux_Prj/REL/VDLinux.3.x.2012/toolchain/src/arm-mips-src-20121018/build.arm.cortex-a15/obj/glibc_0_final/elf/dl-allobjs.os
                0x0000000000000000                __GI__dl_allocate_tls_init
                0x0000000000000000                _dl_allocate_tls_init

.text.__GI__dl_allocate_tls
                0x0000000000000000       0x20
 .text.__GI__dl_allocate_tls
                0x0000000000000000       0x20 /home6/daewon2/Release/glibc/SP/SP_Linux/LP_Linux_Prj/REL/VDLinux.3.x.2012/toolchain/src/arm-mips-src-20121018/build.arm.cortex-a15/obj/glibc_0_final/elf/dl-allobjs.os
                0x0000000000000000                __GI__dl_allocate_tls
                0x0000000000000000                _dl_allocate_tls

.text.__GI__dl_deallocate_tls
                0x0000000000000000       0xa8
 .text.__GI__dl_deallocate_tls
                0x0000000000000000       0xa8 /home6/daewon2/Release/glibc/SP/SP_Linux/LP_Linux_Prj/REL/VDLinux.3.x.2012/toolchain/src/arm-mips-src-20121018/build.arm.cortex-a15/obj/glibc_0_final/elf/dl-allobjs.os
                0x0000000000000000                _dl_deallocate_tls
                0x0000000000000000                __GI__dl_deallocate_tls

.text._dl_update_slotinfo
                0x0000000000000000      0x2d4
 .text._dl_update_slotinfo
                0x0000000000000000      0x2d4 /home6/daewon2/Release/glibc/SP/SP_Linux/LP_Linux_Prj/REL/VDLinux.3.x.2012/toolchain/src/arm-mips-src-20121018/build.arm.cortex-a15/obj/glibc_0_final/elf/dl-allobjs.os
                0x0000000000000000                _dl_update_slotinfo

.text.__tls_get_addr
                0x0000000000000000       0x6c
 .text.__tls_get_addr
                0x0000000000000000       0x6c /home6/daewon2/Release/glibc/SP/SP_Linux/LP_Linux_Prj/REL/VDLinux.3.x.2012/toolchain/src/arm-mips-src-20121018/build.arm.cortex-a15/obj/glibc_0_final/elf/dl-allobjs.os
                0x0000000000000000                __tls_get_addr

.text._dl_tls_get_addr_soft
                0x0000000000000000       0x94
 .text._dl_tls_get_addr_soft
                0x0000000000000000       0x94 /home6/daewon2/Release/glibc/SP/SP_Linux/LP_Linux_Prj/REL/VDLinux.3.x.2012/toolchain/src/arm-mips-src-20121018/build.arm.cortex-a15/obj/glibc_0_final/elf/dl-allobjs.os
                0x0000000000000000                _dl_tls_get_addr_soft

.text._dl_add_to_slotinfo
                0x0000000000000000      0x110
 .text._dl_add_to_slotinfo
                0x0000000000000000      0x110 /home6/daewon2/Release/glibc/SP/SP_Linux/LP_Linux_Prj/REL/VDLinux.3.x.2012/toolchain/src/arm-mips-src-20121018/build.arm.cortex-a15/obj/glibc_0_final/elf/dl-allobjs.os
                0x0000000000000000                _dl_add_to_slotinfo

.text._dl_get_origin
                0x0000000000000000      0x1b8
 .text._dl_get_origin
                0x0000000000000000      0x1b8 /home6/daewon2/Release/glibc/SP/SP_Linux/LP_Linux_Prj/REL/VDLinux.3.x.2012/toolchain/src/arm-mips-src-20121018/build.arm.cortex-a15/obj/glibc_0_final/elf/dl-allobjs.os
                0x0000000000000000                _dl_get_origin

.text._dl_scope_free
                0x0000000000000000       0xe8
 .text._dl_scope_free
                0x0000000000000000       0xe8 /home6/daewon2/Release/glibc/SP/SP_Linux/LP_Linux_Prj/REL/VDLinux.3.x.2012/toolchain/src/arm-mips-src-20121018/build.arm.cortex-a15/obj/glibc_0_final/elf/dl-allobjs.os
                0x0000000000000000                _dl_scope_free

.text.__GI__dl_make_stack_executable
                0x0000000000000000       0xb4
 .text.__GI__dl_make_stack_executable
                0x0000000000000000       0xb4 /home6/daewon2/Release/glibc/SP/SP_Linux/LP_Linux_Prj/REL/VDLinux.3.x.2012/toolchain/src/arm-mips-src-20121018/build.arm.cortex-a15/obj/glibc_0_final/elf/dl-allobjs.os
                0x0000000000000000                _dl_make_stack_executable
                0x0000000000000000                __GI__dl_make_stack_executable

.text._dl_check_caller
                0x0000000000000000      0x26c
 .text._dl_check_caller
                0x0000000000000000      0x26c /home6/daewon2/Release/glibc/SP/SP_Linux/LP_Linux_Prj/REL/VDLinux.3.x.2012/toolchain/src/arm-mips-src-20121018/build.arm.cortex-a15/obj/glibc_0_final/elf/dl-allobjs.os
                0x0000000000000000                _dl_check_caller

.text.add_to_global
                0x0000000000000000      0x1b0
 .text.add_to_global
                0x0000000000000000      0x1b0 /home6/daewon2/Release/glibc/SP/SP_Linux/LP_Linux_Prj/REL/VDLinux.3.x.2012/toolchain/src/arm-mips-src-20121018/build.arm.cortex-a15/obj/glibc_0_final/elf/dl-allobjs.os

.text._dl_open  0x0000000000000000      0x3b0
 .text._dl_open
                0x0000000000000000      0x3b0 /home6/daewon2/Release/glibc/SP/SP_Linux/LP_Linux_Prj/REL/VDLinux.3.x.2012/toolchain/src/arm-mips-src-20121018/build.arm.cortex-a15/obj/glibc_0_final/elf/dl-allobjs.os
                0x0000000000000000                _dl_open

.text._dl_addr_inside_object
                0x0000000000000000       0x68
 .text._dl_addr_inside_object
                0x0000000000000000       0x68 /home6/daewon2/Release/glibc/SP/SP_Linux/LP_Linux_Prj/REL/VDLinux.3.x.2012/toolchain/src/arm-mips-src-20121018/build.arm.cortex-a15/obj/glibc_0_final/elf/dl-allobjs.os
                0x0000000000000000                _dl_addr_inside_object

.text.dl_open_worker
                0x0000000000000000      0x898
 .text.dl_open_worker
                0x0000000000000000      0x898 /home6/daewon2/Release/glibc/SP/SP_Linux/LP_Linux_Prj/REL/VDLinux.3.x.2012/toolchain/src/arm-mips-src-20121018/build.arm.cortex-a15/obj/glibc_0_final/elf/dl-allobjs.os

.text.remove_slotinfo
                0x0000000000000000      0x178
 .text.remove_slotinfo
                0x0000000000000000      0x178 /home6/daewon2/Release/glibc/SP/SP_Linux/LP_Linux_Prj/REL/VDLinux.3.x.2012/toolchain/src/arm-mips-src-20121018/build.arm.cortex-a15/obj/glibc_0_final/elf/dl-allobjs.os

.text._dl_close_worker
                0x0000000000000000      0xfd8
 .text._dl_close_worker
                0x0000000000000000      0xfd8 /home6/daewon2/Release/glibc/SP/SP_Linux/LP_Linux_Prj/REL/VDLinux.3.x.2012/toolchain/src/arm-mips-src-20121018/build.arm.cortex-a15/obj/glibc_0_final/elf/dl-allobjs.os
                0x0000000000000000                _dl_close_worker

.text._dl_close
                0x0000000000000000       0xc4
 .text._dl_close
                0x0000000000000000       0xc4 /home6/daewon2/Release/glibc/SP/SP_Linux/LP_Linux_Prj/REL/VDLinux.3.x.2012/toolchain/src/arm-mips-src-20121018/build.arm.cortex-a15/obj/glibc_0_final/elf/dl-allobjs.os
                0x0000000000000000                _dl_close

.text._dl_sysdep_start
                0x0000000000000000      0x3b8
 .text._dl_sysdep_start
                0x0000000000000000      0x3b8 /home6/daewon2/Release/glibc/SP/SP_Linux/LP_Linux_Prj/REL/VDLinux.3.x.2012/toolchain/src/arm-mips-src-20121018/build.arm.cortex-a15/obj/glibc_0_final/elf/dl-allobjs.os
                0x0000000000000000                _dl_sysdep_start

.text._dl_sysdep_start_cleanup
                0x0000000000000000        0x4
 .text._dl_sysdep_start_cleanup
                0x0000000000000000        0x4 /home6/daewon2/Release/glibc/SP/SP_Linux/LP_Linux_Prj/REL/VDLinux.3.x.2012/toolchain/src/arm-mips-src-20121018/build.arm.cortex-a15/obj/glibc_0_final/elf/dl-allobjs.os
                0x0000000000000000                _dl_sysdep_start_cleanup

.text._dl_show_auxv
                0x0000000000000000      0x230
 .text._dl_show_auxv
                0x0000000000000000      0x230 /home6/daewon2/Release/glibc/SP/SP_Linux/LP_Linux_Prj/REL/VDLinux.3.x.2012/toolchain/src/arm-mips-src-20121018/build.arm.cortex-a15/obj/glibc_0_final/elf/dl-allobjs.os
                0x0000000000000000                _dl_show_auxv

.text._dl_important_hwcaps
                0x0000000000000000      0x80c
 .text._dl_important_hwcaps
                0x0000000000000000      0x80c /home6/daewon2/Release/glibc/SP/SP_Linux/LP_Linux_Prj/REL/VDLinux.3.x.2012/toolchain/src/arm-mips-src-20121018/build.arm.cortex-a15/obj/glibc_0_final/elf/dl-allobjs.os
                0x0000000000000000                _dl_important_hwcaps

.text._dl_discover_osversion
                0x0000000000000000      0x1f0
 .text._dl_discover_osversion
                0x0000000000000000      0x1f0 /home6/daewon2/Release/glibc/SP/SP_Linux/LP_Linux_Prj/REL/VDLinux.3.x.2012/toolchain/src/arm-mips-src-20121018/build.arm.cortex-a15/obj/glibc_0_final/elf/dl-allobjs.os
                0x0000000000000000                _dl_discover_osversion

.text._dl_next_ld_env_entry
                0x0000000000000000       0x58
 .text._dl_next_ld_env_entry
                0x0000000000000000       0x58 /home6/daewon2/Release/glibc/SP/SP_Linux/LP_Linux_Prj/REL/VDLinux.3.x.2012/toolchain/src/arm-mips-src-20121018/build.arm.cortex-a15/obj/glibc_0_final/elf/dl-allobjs.os
                0x0000000000000000                _dl_next_ld_env_entry

.text.unsetenv  0x0000000000000000       0x98
 .text.unsetenv
                0x0000000000000000       0x98 /home6/daewon2/Release/glibc/SP/SP_Linux/LP_Linux_Prj/REL/VDLinux.3.x.2012/toolchain/src/arm-mips-src-20121018/build.arm.cortex-a15/obj/glibc_0_final/elf/dl-allobjs.os
                0x0000000000000000                unsetenv

.text.__libc_memalign
                0x0000000000000000      0x150
 .text.__libc_memalign
                0x0000000000000000      0x150 /home6/daewon2/Release/glibc/SP/SP_Linux/LP_Linux_Prj/REL/VDLinux.3.x.2012/toolchain/src/arm-mips-src-20121018/build.arm.cortex-a15/obj/glibc_0_final/elf/dl-allobjs.os
                0x0000000000000000                __libc_memalign

.text.malloc    0x0000000000000000        0xc
 .text.malloc   0x0000000000000000        0xc /home6/daewon2/Release/glibc/SP/SP_Linux/LP_Linux_Prj/REL/VDLinux.3.x.2012/toolchain/src/arm-mips-src-20121018/build.arm.cortex-a15/obj/glibc_0_final/elf/dl-allobjs.os
                0x0000000000000000                malloc

.text.calloc    0x0000000000000000       0x40
 .text.calloc   0x0000000000000000       0x40 /home6/daewon2/Release/glibc/SP/SP_Linux/LP_Linux_Prj/REL/VDLinux.3.x.2012/toolchain/src/arm-mips-src-20121018/build.arm.cortex-a15/obj/glibc_0_final/elf/dl-allobjs.os
                0x0000000000000000                calloc

.text.free      0x0000000000000000       0x38
 .text.free     0x0000000000000000       0x38 /home6/daewon2/Release/glibc/SP/SP_Linux/LP_Linux_Prj/REL/VDLinux.3.x.2012/toolchain/src/arm-mips-src-20121018/build.arm.cortex-a15/obj/glibc_0_final/elf/dl-allobjs.os
                0x0000000000000000                free

.text.__sigjmp_save
                0x0000000000000000       0x14
 .text.__sigjmp_save
                0x0000000000000000       0x14 /home6/daewon2/Release/glibc/SP/SP_Linux/LP_Linux_Prj/REL/VDLinux.3.x.2012/toolchain/src/arm-mips-src-20121018/build.arm.cortex-a15/obj/glibc_0_final/elf/dl-allobjs.os
                0x0000000000000000                __sigjmp_save

.text.__GI___assert_fail
                0x0000000000000000       0x60
 .text.__GI___assert_fail
                0x0000000000000000       0x60 /home6/daewon2/Release/glibc/SP/SP_Linux/LP_Linux_Prj/REL/VDLinux.3.x.2012/toolchain/src/arm-mips-src-20121018/build.arm.cortex-a15/obj/glibc_0_final/elf/dl-allobjs.os
                0x0000000000000000                __GI___assert_fail
                0x0000000000000000                __assert_fail

.text.realloc   0x0000000000000000       0x84
 .text.realloc  0x0000000000000000       0x84 /home6/daewon2/Release/glibc/SP/SP_Linux/LP_Linux_Prj/REL/VDLinux.3.x.2012/toolchain/src/arm-mips-src-20121018/build.arm.cortex-a15/obj/glibc_0_final/elf/dl-allobjs.os
                0x0000000000000000                realloc

.text.__strtoul_internal
                0x0000000000000000      0x190
 .text.__strtoul_internal
                0x0000000000000000      0x190 /home6/daewon2/Release/glibc/SP/SP_Linux/LP_Linux_Prj/REL/VDLinux.3.x.2012/toolchain/src/arm-mips-src-20121018/build.arm.cortex-a15/obj/glibc_0_final/elf/dl-allobjs.os
                0x0000000000000000                __strtoul_internal

.text._itoa     0x0000000000000000       0xa8
 .text._itoa    0x0000000000000000       0xa8 /home6/daewon2/Release/glibc/SP/SP_Linux/LP_Linux_Prj/REL/VDLinux.3.x.2012/toolchain/src/arm-mips-src-20121018/build.arm.cortex-a15/obj/glibc_0_final/elf/dl-allobjs.os
                0x0000000000000000                _itoa

.text.__strerror_r
                0x0000000000000000      0x118
 .text.__strerror_r
                0x0000000000000000      0x118 /home6/daewon2/Release/glibc/SP/SP_Linux/LP_Linux_Prj/REL/VDLinux.3.x.2012/toolchain/src/arm-mips-src-20121018/build.arm.cortex-a15/obj/glibc_0_final/elf/dl-allobjs.os
                0x0000000000000000                __strerror_r

.text.__GI___assert_perror_fail
                0x0000000000000000       0x70
 .text.__GI___assert_perror_fail
                0x0000000000000000       0x70 /home6/daewon2/Release/glibc/SP/SP_Linux/LP_Linux_Prj/REL/VDLinux.3.x.2012/toolchain/src/arm-mips-src-20121018/build.arm.cortex-a15/obj/glibc_0_final/elf/dl-allobjs.os
                0x0000000000000000                __GI___assert_perror_fail
                0x0000000000000000                __assert_perror_fail

.text.__strsep  0x0000000000000000       0xa8
 .text.__strsep
                0x0000000000000000       0xa8 /home6/daewon2/Release/glibc/SP/SP_Linux/LP_Linux_Prj/REL/VDLinux.3.x.2012/toolchain/src/arm-mips-src-20121018/build.arm.cortex-a15/obj/glibc_0_final/elf/dl-allobjs.os
                0x0000000000000000                __strsep
                0x0000000000000000                strsep
                0x0000000000000000                __strsep_g

.text.__GI___chk_fail
                0x0000000000000000        0xc
 .text.__GI___chk_fail
                0x0000000000000000        0xc /home6/daewon2/Release/glibc/SP/SP_Linux/LP_Linux_Prj/REL/VDLinux.3.x.2012/toolchain/src/arm-mips-src-20121018/build.arm.cortex-a15/obj/glibc_0_final/elf/dl-allobjs.os
                0x0000000000000000                __GI___chk_fail
                0x0000000000000000                __chk_fail

.text.__brk     0x0000000000000000       0x88
 .text.__brk    0x0000000000000000       0x88 /home6/daewon2/Release/glibc/SP/SP_Linux/LP_Linux_Prj/REL/VDLinux.3.x.2012/toolchain/src/arm-mips-src-20121018/build.arm.cortex-a15/obj/glibc_0_final/elf/dl-allobjs.os
                0x0000000000000000                __brk
                0x0000000000000000                brk

.text.__sbrk    0x0000000000000000       0x9c
 .text.__sbrk   0x0000000000000000       0x9c /home6/daewon2/Release/glibc/SP/SP_Linux/LP_Linux_Prj/REL/VDLinux.3.x.2012/toolchain/src/arm-mips-src-20121018/build.arm.cortex-a15/obj/glibc_0_final/elf/dl-allobjs.os
                0x0000000000000000                sbrk
                0x0000000000000000                __sbrk

.text.generic_getcwd
                0x0000000000000000      0x5fc
 .text.generic_getcwd
                0x0000000000000000      0x5fc /home6/daewon2/Release/glibc/SP/SP_Linux/LP_Linux_Prj/REL/VDLinux.3.x.2012/toolchain/src/arm-mips-src-20121018/build.arm.cortex-a15/obj/glibc_0_final/elf/dl-allobjs.os

.text.__getcwd  0x0000000000000000       0xb4
 .text.__getcwd
                0x0000000000000000       0xb4 /home6/daewon2/Release/glibc/SP/SP_Linux/LP_Linux_Prj/REL/VDLinux.3.x.2012/toolchain/src/arm-mips-src-20121018/build.arm.cortex-a15/obj/glibc_0_final/elf/dl-allobjs.os
                0x0000000000000000                __getcwd
                0x0000000000000000                getcwd

.text.openat64  0x0000000000000000       0x7c
 .text.openat64
                0x0000000000000000       0x7c /home6/daewon2/Release/glibc/SP/SP_Linux/LP_Linux_Prj/REL/VDLinux.3.x.2012/toolchain/src/arm-mips-src-20121018/build.arm.cortex-a15/obj/glibc_0_final/elf/dl-allobjs.os
                0x0000000000000000                openat64

.text.__alloc_dir
                0x0000000000000000       0xcc
 .text.__alloc_dir
                0x0000000000000000       0xcc /home6/daewon2/Release/glibc/SP/SP_Linux/LP_Linux_Prj/REL/VDLinux.3.x.2012/toolchain/src/arm-mips-src-20121018/build.arm.cortex-a15/obj/glibc_0_final/elf/dl-allobjs.os
                0x0000000000000000                __alloc_dir

.text.__opendir
                0x0000000000000000       0x88
 .text.__opendir
                0x0000000000000000       0x88 /home6/daewon2/Release/glibc/SP/SP_Linux/LP_Linux_Prj/REL/VDLinux.3.x.2012/toolchain/src/arm-mips-src-20121018/build.arm.cortex-a15/obj/glibc_0_final/elf/dl-allobjs.os
                0x0000000000000000                __opendir
                0x0000000000000000                opendir

.text.__fxstatat64
                0x0000000000000000       0x70
 .text.__fxstatat64
                0x0000000000000000       0x70 /home6/daewon2/Release/glibc/SP/SP_Linux/LP_Linux_Prj/REL/VDLinux.3.x.2012/toolchain/src/arm-mips-src-20121018/build.arm.cortex-a15/obj/glibc_0_final/elf/dl-allobjs.os
                0x0000000000000000                __fxstatat64

.text.__aeabi_unwind_cpp_pr0
                0x0000000000000000        0x4
 .text.__aeabi_unwind_cpp_pr0
                0x0000000000000000        0x4 /home6/daewon2/Release/glibc/SP/SP_Linux/LP_Linux_Prj/REL/VDLinux.3.x.2012/toolchain/src/arm-mips-src-20121018/build.arm.cortex-a15/obj/glibc_0_final/elf/dl-allobjs.os
                0x0000000000000000                __aeabi_unwind_cpp_pr0

.text.__aeabi_unwind_cpp_pr1
                0x0000000000000000        0x4
 .text.__aeabi_unwind_cpp_pr1
                0x0000000000000000        0x4 /home6/daewon2/Release/glibc/SP/SP_Linux/LP_Linux_Prj/REL/VDLinux.3.x.2012/toolchain/src/arm-mips-src-20121018/build.arm.cortex-a15/obj/glibc_0_final/elf/dl-allobjs.os
                0x0000000000000000                __aeabi_unwind_cpp_pr1

.text.__aeabi_unwind_cpp_pr2
                0x0000000000000000        0x4
 .text.__aeabi_unwind_cpp_pr2
                0x0000000000000000        0x4 /home6/daewon2/Release/glibc/SP/SP_Linux/LP_Linux_Prj/REL/VDLinux.3.x.2012/toolchain/src/arm-mips-src-20121018/build.arm.cortex-a15/obj/glibc_0_final/elf/dl-allobjs.os
                0x0000000000000000                __aeabi_unwind_cpp_pr2

.text._dl_make_tlsdesc_dynamic
                0x0000000000000000      0x308
 .text._dl_make_tlsdesc_dynamic
                0x0000000000000000      0x308 /home6/daewon2/Release/glibc/SP/SP_Linux/LP_Linux_Prj/REL/VDLinux.3.x.2012/toolchain/src/arm-mips-src-20121018/build.arm.cortex-a15/obj/glibc_0_final/elf/dl-allobjs.os
                0x0000000000000000                _dl_make_tlsdesc_dynamic

.text._dl_tlsdesc_lazy_resolver_fixup
                0x0000000000000000      0x1d8
 .text._dl_tlsdesc_lazy_resolver_fixup
                0x0000000000000000      0x1d8 /home6/daewon2/Release/glibc/SP/SP_Linux/LP_Linux_Prj/REL/VDLinux.3.x.2012/toolchain/src/arm-mips-src-20121018/build.arm.cortex-a15/obj/glibc_0_final/elf/dl-allobjs.os
                0x0000000000000000                _dl_tlsdesc_lazy_resolver_fixup

.text._dl_tlsdesc_resolve_hold_fixup
                0x0000000000000000       0x40
 .text._dl_tlsdesc_resolve_hold_fixup
                0x0000000000000000       0x40 /home6/daewon2/Release/glibc/SP/SP_Linux/LP_Linux_Prj/REL/VDLinux.3.x.2012/toolchain/src/arm-mips-src-20121018/build.arm.cortex-a15/obj/glibc_0_final/elf/dl-allobjs.os
                0x0000000000000000                _dl_tlsdesc_resolve_hold_fixup

.text._dl_unmap
                0x0000000000000000       0x70
 .text._dl_unmap
                0x0000000000000000       0x70 /home6/daewon2/Release/glibc/SP/SP_Linux/LP_Linux_Prj/REL/VDLinux.3.x.2012/toolchain/src/arm-mips-src-20121018/build.arm.cortex-a15/obj/glibc_0_final/elf/dl-allobjs.os
                0x0000000000000000                _dl_unmap

.text.check_one_fd
                0x0000000000000000       0xf0
 .text.check_one_fd
                0x0000000000000000       0xf0 /home6/daewon2/Release/glibc/SP/SP_Linux/LP_Linux_Prj/REL/VDLinux.3.x.2012/toolchain/src/arm-mips-src-20121018/build.arm.cortex-a15/obj/glibc_0_final/elf/rtld-libc.a(rtld-check_fds.os)

.text.__libc_check_standard_fds
                0x0000000000000000       0x2c
 .text.__libc_check_standard_fds
                0x0000000000000000       0x2c /home6/daewon2/Release/glibc/SP/SP_Linux/LP_Linux_Prj/REL/VDLinux.3.x.2012/toolchain/src/arm-mips-src-20121018/build.arm.cortex-a15/obj/glibc_0_final/elf/rtld-libc.a(rtld-check_fds.os)
                0x0000000000000000                __libc_check_standard_fds

.text.__closedir
                0x0000000000000000       0x60
 .text.__closedir
                0x0000000000000000       0x60 /home6/daewon2/Release/glibc/SP/SP_Linux/LP_Linux_Prj/REL/VDLinux.3.x.2012/toolchain/src/arm-mips-src-20121018/build.arm.cortex-a15/obj/glibc_0_final/elf/rtld-libc.a(rtld-closedir.os)
                0x0000000000000000                __closedir
                0x0000000000000000                closedir

.text.__readdir
                0x0000000000000000       0xc0
 .text.__readdir
                0x0000000000000000       0xc0 /home6/daewon2/Release/glibc/SP/SP_Linux/LP_Linux_Prj/REL/VDLinux.3.x.2012/toolchain/src/arm-mips-src-20121018/build.arm.cortex-a15/obj/glibc_0_final/elf/rtld-libc.a(rtld-readdir.os)
                0x0000000000000000                readdir
                0x0000000000000000                __readdir

.text.rewinddir
                0x0000000000000000       0x2c
 .text.rewinddir
                0x0000000000000000       0x2c /home6/daewon2/Release/glibc/SP/SP_Linux/LP_Linux_Prj/REL/VDLinux.3.x.2012/toolchain/src/arm-mips-src-20121018/build.arm.cortex-a15/obj/glibc_0_final/elf/rtld-libc.a(rtld-rewinddir.os)
                0x0000000000000000                rewinddir

.text.__getdents
                0x0000000000000000       0x88
 .text.__getdents
                0x0000000000000000       0x88 /home6/daewon2/Release/glibc/SP/SP_Linux/LP_Linux_Prj/REL/VDLinux.3.x.2012/toolchain/src/arm-mips-src-20121018/build.arm.cortex-a15/obj/glibc_0_final/elf/rtld-libc.a(rtld-getdents.os)
                0x0000000000000000                __getdents

.text.__fdopendir
                0x0000000000000000       0xb0
 .text.__fdopendir
                0x0000000000000000       0xb0 /home6/daewon2/Release/glibc/SP/SP_Linux/LP_Linux_Prj/REL/VDLinux.3.x.2012/toolchain/src/arm-mips-src-20121018/build.arm.cortex-a15/obj/glibc_0_final/elf/rtld-libc.a(rtld-fdopendir.os)
                0x0000000000000000                fdopendir
                0x0000000000000000                __fdopendir

.text.profil_counter
                0x0000000000000000       0x4c
 .text.profil_counter
                0x0000000000000000       0x4c /home6/daewon2/Release/glibc/SP/SP_Linux/LP_Linux_Prj/REL/VDLinux.3.x.2012/toolchain/src/arm-mips-src-20121018/build.arm.cortex-a15/obj/glibc_0_final/elf/rtld-libc.a(rtld-profil.os)

.text.__profil  0x0000000000000000       0xb4
 .text.__profil
                0x0000000000000000       0xb4 /home6/daewon2/Release/glibc/SP/SP_Linux/LP_Linux_Prj/REL/VDLinux.3.x.2012/toolchain/src/arm-mips-src-20121018/build.arm.cortex-a15/obj/glibc_0_final/elf/rtld-libc.a(rtld-profil.os)
                0x0000000000000000                __profil
                0x0000000000000000                profil

.text.__profile_frequency
                0x0000000000000000       0x14
 .text.__profile_frequency
                0x0000000000000000       0x14 /home6/daewon2/Release/glibc/SP/SP_Linux/LP_Linux_Prj/REL/VDLinux.3.x.2012/toolchain/src/arm-mips-src-20121018/build.arm.cortex-a15/obj/glibc_0_final/elf/rtld-libc.a(rtld-prof-freq.os)
                0x0000000000000000                __profile_frequency

.text.___xstat64
                0x0000000000000000       0x40
 .text.___xstat64
                0x0000000000000000       0x40 /home6/daewon2/Release/glibc/SP/SP_Linux/LP_Linux_Prj/REL/VDLinux.3.x.2012/toolchain/src/arm-mips-src-20121018/build.arm.cortex-a15/obj/glibc_0_final/elf/rtld-libc.a(rtld-xstat64.os)
                0x0000000000000000                ___xstat64
                0x0000000000000000                __xstat64
                0x0000000000000000                __GI___xstat64

.text.___fxstat64
                0x0000000000000000       0x40
 .text.___fxstat64
                0x0000000000000000       0x40 /home6/daewon2/Release/glibc/SP/SP_Linux/LP_Linux_Prj/REL/VDLinux.3.x.2012/toolchain/src/arm-mips-src-20121018/build.arm.cortex-a15/obj/glibc_0_final/elf/rtld-libc.a(rtld-fxstat64.os)
                0x0000000000000000                ___fxstat64
                0x0000000000000000                __GI___fxstat64
                0x0000000000000000                __fxstat64

.text.___lxstat64
                0x0000000000000000       0x40
 .text.___lxstat64
                0x0000000000000000       0x40 /home6/daewon2/Release/glibc/SP/SP_Linux/LP_Linux_Prj/REL/VDLinux.3.x.2012/toolchain/src/arm-mips-src-20121018/build.arm.cortex-a15/obj/glibc_0_final/elf/rtld-libc.a(rtld-lxstat64.os)
                0x0000000000000000                ___lxstat64
                0x0000000000000000                __lxstat64
                0x0000000000000000                __GI___lxstat64

.text.__libc_fcntl
                0x0000000000000000       0x58
 .text.__libc_fcntl
                0x0000000000000000       0x58 /home6/daewon2/Release/glibc/SP/SP_Linux/LP_Linux_Prj/REL/VDLinux.3.x.2012/toolchain/src/arm-mips-src-20121018/build.arm.cortex-a15/obj/glibc_0_final/elf/rtld-libc.a(rtld-fcntl.os)
                0x0000000000000000                __libc_fcntl
                0x0000000000000000                __fcntl
                0x0000000000000000                fcntl

.text.__getpagesize
                0x0000000000000000       0x1c
 .text.__getpagesize
                0x0000000000000000       0x1c /home6/daewon2/Release/glibc/SP/SP_Linux/LP_Linux_Prj/REL/VDLinux.3.x.2012/toolchain/src/arm-mips-src-20121018/build.arm.cortex-a15/obj/glibc_0_final/elf/rtld-libc.a(rtld-getpagesize.os)
                0x0000000000000000                getpagesize
                0x0000000000000000                __getpagesize

.text._exit     0x0000000000000000       0x58
 .text._exit    0x0000000000000000       0x58 /home6/daewon2/Release/glibc/SP/SP_Linux/LP_Linux_Prj/REL/VDLinux.3.x.2012/toolchain/src/arm-mips-src-20121018/build.arm.cortex-a15/obj/glibc_0_final/elf/rtld-libc.a(rtld-_exit.os)
                0x0000000000000000                _Exit
                0x0000000000000000                _exit

.text.__getpid  0x0000000000000000       0x14
 .text.__getpid
                0x0000000000000000       0x14 /home6/daewon2/Release/glibc/SP/SP_Linux/LP_Linux_Prj/REL/VDLinux.3.x.2012/toolchain/src/arm-mips-src-20121018/build.arm.cortex-a15/obj/glibc_0_final/elf/rtld-libc.a(rtld-getpid.os)
                0x0000000000000000                __getpid
                0x0000000000000000                getpid

.text.__libc_sigaction
                0x0000000000000000      0x190
 .text.__libc_sigaction
                0x0000000000000000      0x190 /home6/daewon2/Release/glibc/SP/SP_Linux/LP_Linux_Prj/REL/VDLinux.3.x.2012/toolchain/src/arm-mips-src-20121018/build.arm.cortex-a15/obj/glibc_0_final/elf/rtld-libc.a(rtld-sigaction.os)
                0x0000000000000000                __libc_sigaction

.text.__sigaction
                0x0000000000000000       0x2c
 .text.__sigaction
                0x0000000000000000       0x2c /home6/daewon2/Release/glibc/SP/SP_Linux/LP_Linux_Prj/REL/VDLinux.3.x.2012/toolchain/src/arm-mips-src-20121018/build.arm.cortex-a15/obj/glibc_0_final/elf/rtld-libc.a(rtld-sigaction.os)
                0x0000000000000000                sigaction
                0x0000000000000000                __sigaction

.text.strchr    0x0000000000000000      0x13c
 .text.strchr   0x0000000000000000      0x13c /home6/daewon2/Release/glibc/SP/SP_Linux/LP_Linux_Prj/REL/VDLinux.3.x.2012/toolchain/src/arm-mips-src-20121018/build.arm.cortex-a15/obj/glibc_0_final/elf/rtld-libc.a(rtld-strchr.os)
                0x0000000000000000                index
                0x0000000000000000                strchr

.text.strcmp    0x0000000000000000       0x28
 .text.strcmp   0x0000000000000000       0x28 /home6/daewon2/Release/glibc/SP/SP_Linux/LP_Linux_Prj/REL/VDLinux.3.x.2012/toolchain/src/arm-mips-src-20121018/build.arm.cortex-a15/obj/glibc_0_final/elf/rtld-libc.a(rtld-strcmp.os)
                0x0000000000000000                strcmp

.text.strcpy    0x0000000000000000       0x1c
 .text.strcpy   0x0000000000000000       0x1c /home6/daewon2/Release/glibc/SP/SP_Linux/LP_Linux_Prj/REL/VDLinux.3.x.2012/toolchain/src/arm-mips-src-20121018/build.arm.cortex-a15/obj/glibc_0_final/elf/rtld-libc.a(rtld-strcpy.os)
                0x0000000000000000                strcpy

.text.__strnlen
                0x0000000000000000       0xfc
 .text.__strnlen
                0x0000000000000000       0xfc /home6/daewon2/Release/glibc/SP/SP_Linux/LP_Linux_Prj/REL/VDLinux.3.x.2012/toolchain/src/arm-mips-src-20121018/build.arm.cortex-a15/obj/glibc_0_final/elf/rtld-libc.a(rtld-strnlen.os)
                0x0000000000000000                __strnlen
                0x0000000000000000                strnlen

.text.__memchr  0x0000000000000000      0x144
 .text.__memchr
                0x0000000000000000      0x144 /home6/daewon2/Release/glibc/SP/SP_Linux/LP_Linux_Prj/REL/VDLinux.3.x.2012/toolchain/src/arm-mips-src-20121018/build.arm.cortex-a15/obj/glibc_0_final/elf/rtld-libc.a(rtld-memchr.os)
                0x0000000000000000                memchr
                0x0000000000000000                __memchr

.text.memcmp    0x0000000000000000      0x46c
 .text.memcmp   0x0000000000000000      0x46c /home6/daewon2/Release/glibc/SP/SP_Linux/LP_Linux_Prj/REL/VDLinux.3.x.2012/toolchain/src/arm-mips-src-20121018/build.arm.cortex-a15/obj/glibc_0_final/elf/rtld-libc.a(rtld-memcmp.os)
                0x0000000000000000                bcmp
                0x0000000000000000                memcmp

.text.__mempcpy
                0x0000000000000000       0xac
 .text.__mempcpy
                0x0000000000000000       0xac /home6/daewon2/Release/glibc/SP/SP_Linux/LP_Linux_Prj/REL/VDLinux.3.x.2012/toolchain/src/arm-mips-src-20121018/build.arm.cortex-a15/obj/glibc_0_final/elf/rtld-libc.a(rtld-mempcpy.os)
                0x0000000000000000                mempcpy
                0x0000000000000000                __mempcpy

.text.__stpcpy  0x0000000000000000       0x24
 .text.__stpcpy
                0x0000000000000000       0x24 /home6/daewon2/Release/glibc/SP/SP_Linux/LP_Linux_Prj/REL/VDLinux.3.x.2012/toolchain/src/arm-mips-src-20121018/build.arm.cortex-a15/obj/glibc_0_final/elf/rtld-libc.a(rtld-stpcpy.os)
                0x0000000000000000                stpcpy
                0x0000000000000000                __stpcpy

.text._wordcopy_fwd_aligned
                0x0000000000000000      0x114
 .text._wordcopy_fwd_aligned
                0x0000000000000000      0x114 /home6/daewon2/Release/glibc/SP/SP_Linux/LP_Linux_Prj/REL/VDLinux.3.x.2012/toolchain/src/arm-mips-src-20121018/build.arm.cortex-a15/obj/glibc_0_final/elf/rtld-libc.a(rtld-wordcopy.os)
                0x0000000000000000                _wordcopy_fwd_aligned

.text._wordcopy_fwd_dest_aligned
                0x0000000000000000       0xec
 .text._wordcopy_fwd_dest_aligned
                0x0000000000000000       0xec /home6/daewon2/Release/glibc/SP/SP_Linux/LP_Linux_Prj/REL/VDLinux.3.x.2012/toolchain/src/arm-mips-src-20121018/build.arm.cortex-a15/obj/glibc_0_final/elf/rtld-libc.a(rtld-wordcopy.os)
                0x0000000000000000                _wordcopy_fwd_dest_aligned

.text._wordcopy_bwd_aligned
                0x0000000000000000      0x134
 .text._wordcopy_bwd_aligned
                0x0000000000000000      0x134 /home6/daewon2/Release/glibc/SP/SP_Linux/LP_Linux_Prj/REL/VDLinux.3.x.2012/toolchain/src/arm-mips-src-20121018/build.arm.cortex-a15/obj/glibc_0_final/elf/rtld-libc.a(rtld-wordcopy.os)
                0x0000000000000000                _wordcopy_bwd_aligned

.text._wordcopy_bwd_dest_aligned
                0x0000000000000000      0x100
 .text._wordcopy_bwd_dest_aligned
                0x0000000000000000      0x100 /home6/daewon2/Release/glibc/SP/SP_Linux/LP_Linux_Prj/REL/VDLinux.3.x.2012/toolchain/src/arm-mips-src-20121018/build.arm.cortex-a15/obj/glibc_0_final/elf/rtld-libc.a(rtld-wordcopy.os)
                0x0000000000000000                _wordcopy_bwd_dest_aligned

.text.__rawmemchr
                0x0000000000000000       0xdc
 .text.__rawmemchr
                0x0000000000000000       0xdc /home6/daewon2/Release/glibc/SP/SP_Linux/LP_Linux_Prj/REL/VDLinux.3.x.2012/toolchain/src/arm-mips-src-20121018/build.arm.cortex-a15/obj/glibc_0_final/elf/rtld-libc.a(rtld-rawmemchr.os)
                0x0000000000000000                __rawmemchr
                0x0000000000000000                rawmemchr

.text.__gnu_ldivmod_helper
                0x0000000000000000       0x3c
 .text.__gnu_ldivmod_helper
                0x0000000000000000       0x3c /home6/daewon2/Release/glibc/SP/SP_Linux/LP_Linux_Prj/REL/VDLinux.3.x.2012/toolchain/src/arm-mips-src-20121018/scripts/arm-v7a15v3r1/lib/gcc/arm-v7a15v3r1-linux-gnueabi/4.6.4/libgcc.a(bpabi.o)
                0x0000000000000000                __gnu_ldivmod_helper

.text.__gnu_uldivmod_helper
                0x0000000000000000       0x3c
 .text.__gnu_uldivmod_helper
                0x0000000000000000       0x3c /home6/daewon2/Release/glibc/SP/SP_Linux/LP_Linux_Prj/REL/VDLinux.3.x.2012/toolchain/src/arm-mips-src-20121018/scripts/arm-v7a15v3r1/lib/gcc/arm-v7a15v3r1-linux-gnueabi/4.6.4/libgcc.a(bpabi.o)
                0x0000000000000000                __gnu_uldivmod_helper

.text.__divdi3  0x0000000000000000      0x3b4
 .text.__divdi3
                0x0000000000000000      0x3b4 /home6/daewon2/Release/glibc/SP/SP_Linux/LP_Linux_Prj/REL/VDLinux.3.x.2012/toolchain/src/arm-mips-src-20121018/scripts/arm-v7a15v3r1/lib/gcc/arm-v7a15v3r1-linux-gnueabi/4.6.4/libgcc.a(_divdi3.o)
                0x0000000000000000                __divdi3

.text.__udivdi3
                0x0000000000000000      0x370
 .text.__udivdi3
                0x0000000000000000      0x370 /home6/daewon2/Release/glibc/SP/SP_Linux/LP_Linux_Prj/REL/VDLinux.3.x.2012/toolchain/src/arm-mips-src-20121018/scripts/arm-v7a15v3r1/lib/gcc/arm-v7a15v3r1-linux-gnueabi/4.6.4/libgcc.a(_udivdi3.o)
                0x0000000000000000                __udivdi3

.text.raise     0x0000000000000000       0xac
 .text.raise    0x0000000000000000       0xac /home6/daewon2/Release/glibc/SP/SP_Linux/LP_Linux_Prj/REL/VDLinux.3.x.2012/toolchain/src/arm-mips-src-20121018/build.arm.cortex-a15/obj/glibc_0_final/elf/rtld-libc.a(rtld-raise.os)
                0x0000000000000000                gsignal
                0x0000000000000000                raise

.fini
 *(.fini)

.rodata         0x0000000000000000      0x790
 *(.rodata)
 .rodata        0x0000000000000000      0x790 /home6/daewon2/Release/glibc/SP/SP_Linux/LP_Linux_Prj/REL/VDLinux.3.x.2012/toolchain/src/arm-mips-src-20121018/build.arm.cortex-a15/obj/glibc_0_final/elf/dl-allobjs.os
                0x0000000000000780                _itoa_lower_digits_internal

.ARM.extab.text._dl_initial_error_catch_tsd
                0x0000000000000000        0x0
 .ARM.extab.text._dl_initial_error_catch_tsd
                0x0000000000000000        0x0 /home6/daewon2/Release/glibc/SP/SP_Linux/LP_Linux_Prj/REL/VDLinux.3.x.2012/toolchain/src/arm-mips-src-20121018/build.arm.cortex-a15/obj/glibc_0_final/elf/dl-allobjs.os

.ARM.exidx.text._dl_initial_error_catch_tsd
                0x0000000000000000        0x8
 .ARM.exidx.text._dl_initial_error_catch_tsd
                0x0000000000000000        0x8 /home6/daewon2/Release/glibc/SP/SP_Linux/LP_Linux_Prj/REL/VDLinux.3.x.2012/toolchain/src/arm-mips-src-20121018/build.arm.cortex-a15/obj/glibc_0_final/elf/dl-allobjs.os

.ARM.extab.text.rtld_lock_default_lock_recursive
                0x0000000000000000        0x0
 .ARM.extab.text.rtld_lock_default_lock_recursive
                0x0000000000000000        0x0 /home6/daewon2/Release/glibc/SP/SP_Linux/LP_Linux_Prj/REL/VDLinux.3.x.2012/toolchain/src/arm-mips-src-20121018/build.arm.cortex-a15/obj/glibc_0_final/elf/dl-allobjs.os

.ARM.exidx.text.rtld_lock_default_lock_recursive
                0x0000000000000000        0x8
 .ARM.exidx.text.rtld_lock_default_lock_recursive
                0x0000000000000000        0x8 /home6/daewon2/Release/glibc/SP/SP_Linux/LP_Linux_Prj/REL/VDLinux.3.x.2012/toolchain/src/arm-mips-src-20121018/build.arm.cortex-a15/obj/glibc_0_final/elf/dl-allobjs.os

.ARM.extab.text.rtld_lock_default_unlock_recursive
                0x0000000000000000        0x0
 .ARM.extab.text.rtld_lock_default_unlock_recursive
                0x0000000000000000        0x0 /home6/daewon2/Release/glibc/SP/SP_Linux/LP_Linux_Prj/REL/VDLinux.3.x.2012/toolchain/src/arm-mips-src-20121018/build.arm.cortex-a15/obj/glibc_0_final/elf/dl-allobjs.os

.ARM.exidx.text.rtld_lock_default_unlock_recursive
                0x0000000000000000        0x8
 .ARM.exidx.text.rtld_lock_default_unlock_recursive
                0x0000000000000000        0x8 /home6/daewon2/Release/glibc/SP/SP_Linux/LP_Linux_Prj/REL/VDLinux.3.x.2012/toolchain/src/arm-mips-src-20121018/build.arm.cortex-a15/obj/glibc_0_final/elf/dl-allobjs.os

.ARM.extab.text.lookup_doit
                0x0000000000000000        0x0
 .ARM.extab.text.lookup_doit
                0x0000000000000000        0x0 /home6/daewon2/Release/glibc/SP/SP_Linux/LP_Linux_Prj/REL/VDLinux.3.x.2012/toolchain/src/arm-mips-src-20121018/build.arm.cortex-a15/obj/glibc_0_final/elf/dl-allobjs.os

.ARM.exidx.text.lookup_doit
                0x0000000000000000        0x8
 .ARM.exidx.text.lookup_doit
                0x0000000000000000        0x8 /home6/daewon2/Release/glibc/SP/SP_Linux/LP_Linux_Prj/REL/VDLinux.3.x.2012/toolchain/src/arm-mips-src-20121018/build.arm.cortex-a15/obj/glibc_0_final/elf/dl-allobjs.os

.ARM.extab.text.dlmopen_doit
                0x0000000000000000        0x0
 .ARM.extab.text.dlmopen_doit
                0x0000000000000000        0x0 /home6/daewon2/Release/glibc/SP/SP_Linux/LP_Linux_Prj/REL/VDLinux.3.x.2012/toolchain/src/arm-mips-src-20121018/build.arm.cortex-a15/obj/glibc_0_final/elf/dl-allobjs.os

.ARM.exidx.text.dlmopen_doit
                0x0000000000000000        0x8
 .ARM.exidx.text.dlmopen_doit
                0x0000000000000000        0x8 /home6/daewon2/Release/glibc/SP/SP_Linux/LP_Linux_Prj/REL/VDLinux.3.x.2012/toolchain/src/arm-mips-src-20121018/build.arm.cortex-a15/obj/glibc_0_final/elf/dl-allobjs.os

.ARM.extab.text.unlikely.do_preload
                0x0000000000000000        0x0
 .ARM.extab.text.unlikely.do_preload
                0x0000000000000000        0x0 /home6/daewon2/Release/glibc/SP/SP_Linux/LP_Linux_Prj/REL/VDLinux.3.x.2012/toolchain/src/arm-mips-src-20121018/build.arm.cortex-a15/obj/glibc_0_final/elf/dl-allobjs.os

.ARM.exidx.text.unlikely.do_preload
                0x0000000000000000        0x8
 .ARM.exidx.text.unlikely.do_preload
                0x0000000000000000        0x8 /home6/daewon2/Release/glibc/SP/SP_Linux/LP_Linux_Prj/REL/VDLinux.3.x.2012/toolchain/src/arm-mips-src-20121018/build.arm.cortex-a15/obj/glibc_0_final/elf/dl-allobjs.os

.ARM.extab.text.print_unresolved
                0x0000000000000000        0x0
 .ARM.extab.text.print_unresolved
                0x0000000000000000        0x0 /home6/daewon2/Release/glibc/SP/SP_Linux/LP_Linux_Prj/REL/VDLinux.3.x.2012/toolchain/src/arm-mips-src-20121018/build.arm.cortex-a15/obj/glibc_0_final/elf/dl-allobjs.os

.ARM.exidx.text.print_unresolved
                0x0000000000000000        0x8
 .ARM.exidx.text.print_unresolved
                0x0000000000000000        0x8 /home6/daewon2/Release/glibc/SP/SP_Linux/LP_Linux_Prj/REL/VDLinux.3.x.2012/toolchain/src/arm-mips-src-20121018/build.arm.cortex-a15/obj/glibc_0_final/elf/dl-allobjs.os

.ARM.extab.text.print_missing_version
                0x0000000000000000        0x0
 .ARM.extab.text.print_missing_version
                0x0000000000000000        0x0 /home6/daewon2/Release/glibc/SP/SP_Linux/LP_Linux_Prj/REL/VDLinux.3.x.2012/toolchain/src/arm-mips-src-20121018/build.arm.cortex-a15/obj/glibc_0_final/elf/dl-allobjs.os

.ARM.exidx.text.print_missing_version
                0x0000000000000000        0x8
 .ARM.exidx.text.print_missing_version
                0x0000000000000000        0x8 /home6/daewon2/Release/glibc/SP/SP_Linux/LP_Linux_Prj/REL/VDLinux.3.x.2012/toolchain/src/arm-mips-src-20121018/build.arm.cortex-a15/obj/glibc_0_final/elf/dl-allobjs.os

.ARM.extab.text.security_init
                0x0000000000000000        0x0
 .ARM.extab.text.security_init
                0x0000000000000000        0x0 /home6/daewon2/Release/glibc/SP/SP_Linux/LP_Linux_Prj/REL/VDLinux.3.x.2012/toolchain/src/arm-mips-src-20121018/build.arm.cortex-a15/obj/glibc_0_final/elf/dl-allobjs.os

.ARM.exidx.text.security_init
                0x0000000000000000        0x8
 .ARM.exidx.text.security_init
                0x0000000000000000        0x8 /home6/daewon2/Release/glibc/SP/SP_Linux/LP_Linux_Prj/REL/VDLinux.3.x.2012/toolchain/src/arm-mips-src-20121018/build.arm.cortex-a15/obj/glibc_0_final/elf/dl-allobjs.os

.ARM.extab.text.map_doit
                0x0000000000000000        0x0
 .ARM.extab.text.map_doit
                0x0000000000000000        0x0 /home6/daewon2/Release/glibc/SP/SP_Linux/LP_Linux_Prj/REL/VDLinux.3.x.2012/toolchain/src/arm-mips-src-20121018/build.arm.cortex-a15/obj/glibc_0_final/elf/dl-allobjs.os

.ARM.exidx.text.map_doit
                0x0000000000000000        0x8
 .ARM.exidx.text.map_doit
                0x0000000000000000        0x8 /home6/daewon2/Release/glibc/SP/SP_Linux/LP_Linux_Prj/REL/VDLinux.3.x.2012/toolchain/src/arm-mips-src-20121018/build.arm.cortex-a15/obj/glibc_0_final/elf/dl-allobjs.os

.ARM.extab.text.process_dl_audit
                0x0000000000000000        0x0
 .ARM.extab.text.process_dl_audit
                0x0000000000000000        0x0 /home6/daewon2/Release/glibc/SP/SP_Linux/LP_Linux_Prj/REL/VDLinux.3.x.2012/toolchain/src/arm-mips-src-20121018/build.arm.cortex-a15/obj/glibc_0_final/elf/dl-allobjs.os

.ARM.exidx.text.process_dl_audit
                0x0000000000000000        0x8
 .ARM.exidx.text.process_dl_audit
                0x0000000000000000        0x8 /home6/daewon2/Release/glibc/SP/SP_Linux/LP_Linux_Prj/REL/VDLinux.3.x.2012/toolchain/src/arm-mips-src-20121018/build.arm.cortex-a15/obj/glibc_0_final/elf/dl-allobjs.os

.ARM.extab.text.relocate_doit
                0x0000000000000000        0x0
 .ARM.extab.text.relocate_doit
                0x0000000000000000        0x0 /home6/daewon2/Release/glibc/SP/SP_Linux/LP_Linux_Prj/REL/VDLinux.3.x.2012/toolchain/src/arm-mips-src-20121018/build.arm.cortex-a15/obj/glibc_0_final/elf/dl-allobjs.os

.ARM.exidx.text.relocate_doit
                0x0000000000000000        0x8
 .ARM.exidx.text.relocate_doit
                0x0000000000000000        0x8 /home6/daewon2/Release/glibc/SP/SP_Linux/LP_Linux_Prj/REL/VDLinux.3.x.2012/toolchain/src/arm-mips-src-20121018/build.arm.cortex-a15/obj/glibc_0_final/elf/dl-allobjs.os

.ARM.extab.text.process_dl_debug
                0x0000000000000000        0x0
 .ARM.extab.text.process_dl_debug
                0x0000000000000000        0x0 /home6/daewon2/Release/glibc/SP/SP_Linux/LP_Linux_Prj/REL/VDLinux.3.x.2012/toolchain/src/arm-mips-src-20121018/build.arm.cortex-a15/obj/glibc_0_final/elf/dl-allobjs.os

.ARM.exidx.text.process_dl_debug
                0x0000000000000000        0x8
 .ARM.exidx.text.process_dl_debug
                0x0000000000000000        0x8 /home6/daewon2/Release/glibc/SP/SP_Linux/LP_Linux_Prj/REL/VDLinux.3.x.2012/toolchain/src/arm-mips-src-20121018/build.arm.cortex-a15/obj/glibc_0_final/elf/dl-allobjs.os

.ARM.extab.text.process_envvars
                0x0000000000000000        0x0
 .ARM.extab.text.process_envvars
                0x0000000000000000        0x0 /home6/daewon2/Release/glibc/SP/SP_Linux/LP_Linux_Prj/REL/VDLinux.3.x.2012/toolchain/src/arm-mips-src-20121018/build.arm.cortex-a15/obj/glibc_0_final/elf/dl-allobjs.os

.ARM.exidx.text.process_envvars
                0x0000000000000000        0x8
 .ARM.exidx.text.process_envvars
                0x0000000000000000        0x8 /home6/daewon2/Release/glibc/SP/SP_Linux/LP_Linux_Prj/REL/VDLinux.3.x.2012/toolchain/src/arm-mips-src-20121018/build.arm.cortex-a15/obj/glibc_0_final/elf/dl-allobjs.os

.ARM.extab.text.unlikely.print_statistics.isra.3
                0x0000000000000000        0x0
 .ARM.extab.text.unlikely.print_statistics.isra.3