Archive member included because of file (symbol)

/home6/daewon2/Release/glibc/SP/SP_Linux/LP_Linux_Prj/REL/VDLinux.3.x.2012/toolchain/src/arm-mips-src-20121018/build.arm.cortex-a15/obj/glibc_0_final/libc_pic.a(check_fds.os)
                              /home6/daewon2/Release/glibc/SP/SP_Linux/LP_Linux_Prj/REL/VDLinux.3.x.2012/toolchain/src/arm-mips-src-20121018/build.arm.cortex-a15/obj/glibc_0_final/elf/dl-allobjs.os (__libc_check_standard_fds)
/home6/daewon2/Release/glibc/SP/SP_Linux/LP_Linux_Prj/REL/VDLinux.3.x.2012/toolchain/src/arm-mips-src-20121018/build.arm.cortex-a15/obj/glibc_0_final/libc_pic.a(errno.os)
                              /home6/daewon2/Release/glibc/SP/SP_Linux/LP_Linux_Prj/REL/VDLinux.3.x.2012/toolchain/src/arm-mips-src-20121018/build.arm.cortex-a15/obj/glibc_0_final/libc_pic.a(check_fds.os) (__libc_errno)
/home6/daewon2/Release/glibc/SP/SP_Linux/LP_Linux_Prj/REL/VDLinux.3.x.2012/toolchain/src/arm-mips-src-20121018/build.arm.cortex-a15/obj/glibc_0_final/libc_pic.a(divdi3.os)
                              /home6/daewon2/Release/glibc/SP/SP_Linux/LP_Linux_Prj/REL/VDLinux.3.x.2012/toolchain/src/arm-mips-src-20121018/build.arm.cortex-a15/obj/glibc_0_final/libc_pic.a(check_fds.os) (__divdi3_internal)
/home6/daewon2/Release/glibc/SP/SP_Linux/LP_Linux_Prj/REL/VDLinux.3.x.2012/toolchain/src/arm-mips-src-20121018/build.arm.cortex-a15/obj/glibc_0_final/libc_pic.a(setjmp.os)
                              /home6/daewon2/Release/glibc/SP/SP_Linux/LP_Linux_Prj/REL/VDLinux.3.x.2012/toolchain/src/arm-mips-src-20121018/build.arm.cortex-a15/obj/glibc_0_final/elf/dl-allobjs.os (__sigsetjmp)
/home6/daewon2/Release/glibc/SP/SP_Linux/LP_Linux_Prj/REL/VDLinux.3.x.2012/toolchain/src/arm-mips-src-20121018/build.arm.cortex-a15/obj/glibc_0_final/libc_pic.a(__longjmp.os)
                              /home6/daewon2/Release/glibc/SP/SP_Linux/LP_Linux_Prj/REL/VDLinux.3.x.2012/toolchain/src/arm-mips-src-20121018/build.arm.cortex-a15/obj/glibc_0_final/elf/dl-allobjs.os (__longjmp)
/home6/daewon2/Release/glibc/SP/SP_Linux/LP_Linux_Prj/REL/VDLinux.3.x.2012/toolchain/src/arm-mips-src-20121018/build.arm.cortex-a15/obj/glibc_0_final/libc_pic.a(strchr.os)
                              /home6/daewon2/Release/glibc/SP/SP_Linux/LP_Linux_Prj/REL/VDLinux.3.x.2012/toolchain/src/arm-mips-src-20121018/build.arm.cortex-a15/obj/glibc_0_final/elf/dl-allobjs.os (strchr)
/home6/daewon2/Release/glibc/SP/SP_Linux/LP_Linux_Prj/REL/VDLinux.3.x.2012/toolchain/src/arm-mips-src-20121018/build.arm.cortex-a15/obj/glibc_0_final/libc_pic.a(strcmp.os)
                              /home6/daewon2/Release/glibc/SP/SP_Linux/LP_Linux_Prj/REL/VDLinux.3.x.2012/toolchain/src/arm-mips-src-20121018/build.arm.cortex-a15/obj/glibc_0_final/elf/dl-allobjs.os (strcmp)
/home6/daewon2/Release/glibc/SP/SP_Linux/LP_Linux_Prj/REL/VDLinux.3.x.2012/toolchain/src/arm-mips-src-20121018/build.arm.cortex-a15/obj/glibc_0_final/libc_pic.a(strcpy.os)
                              /home6/daewon2/Release/glibc/SP/SP_Linux/LP_Linux_Prj/REL/VDLinux.3.x.2012/toolchain/src/arm-mips-src-20121018/build.arm.cortex-a15/obj/glibc_0_final/elf/dl-allobjs.os (strcpy)
/home6/daewon2/Release/glibc/SP/SP_Linux/LP_Linux_Prj/REL/VDLinux.3.x.2012/toolchain/src/arm-mips-src-20121018/build.arm.cortex-a15/obj/glibc_0_final/libc_pic.a(strlen.os)
                              /home6/daewon2/Release/glibc/SP/SP_Linux/LP_Linux_Prj/REL/VDLinux.3.x.2012/toolchain/src/arm-mips-src-20121018/build.arm.cortex-a15/obj/glibc_0_final/elf/dl-allobjs.os (strlen)
/home6/daewon2/Release/glibc/SP/SP_Linux/LP_Linux_Prj/REL/VDLinux.3.x.2012/toolchain/src/arm-mips-src-20121018/build.arm.cortex-a15/obj/glibc_0_final/libc_pic.a(strnlen.os)
                              /home6/daewon2/Release/glibc/SP/SP_Linux/LP_Linux_Prj/REL/VDLinux.3.x.2012/toolchain/src/arm-mips-src-20121018/build.arm.cortex-a15/obj/glibc_0_final/elf/dl-allobjs.os (strnlen)
/home6/daewon2/Release/glibc/SP/SP_Linux/LP_Linux_Prj/REL/VDLinux.3.x.2012/toolchain/src/arm-mips-src-20121018/build.arm.cortex-a15/obj/glibc_0_final/libc_pic.a(memchr.os)
                              /home6/daewon2/Release/glibc/SP/SP_Linux/LP_Linux_Prj/REL/VDLinux.3.x.2012/toolchain/src/arm-mips-src-20121018/build.arm.cortex-a15/obj/glibc_0_final/elf/dl-allobjs.os (memchr)
/home6/daewon2/Release/glibc/SP/SP_Linux/LP_Linux_Prj/REL/VDLinux.3.x.2012/toolchain/src/arm-mips-src-20121018/build.arm.cortex-a15/obj/glibc_0_final/libc_pic.a(memcmp.os)
                              /home6/daewon2/Release/glibc/SP/SP_Linux/LP_Linux_Prj/REL/VDLinux.3.x.2012/toolchain/src/arm-mips-src-20121018/build.arm.cortex-a15/obj/glibc_0_final/elf/dl-allobjs.os (memcmp)
/home6/daewon2/Release/glibc/SP/SP_Linux/LP_Linux_Prj/REL/VDLinux.3.x.2012/toolchain/src/arm-mips-src-20121018/build.arm.cortex-a15/obj/glibc_0_final/libc_pic.a(memmove.os)
[...]
Memory Configuration

Name             Origin             Length             Attributes
*default*        0x0000000000000000 0xffffffffffffffff

Linker script and memory map

START GROUP
LOAD /home6/daewon2/Release/glibc/SP/SP_Linux/LP_Linux_Prj/REL/VDLinux.3.x.2012/toolchain/src/arm-mips-src-20121018/build.arm.cortex-a15/obj/glibc_0_final/elf/dl-allobjs.os
LOAD /home6/daewon2/Release/glibc/SP/SP_Linux/LP_Linux_Prj/REL/VDLinux.3.x.2012/toolchain/src/arm-mips-src-20121018/build.arm.cortex-a15/obj/glibc_0_final/libc_pic.a
LOAD /home6/daewon2/Release/glibc/SP/SP_Linux/LP_Linux_Prj/REL/VDLinux.3.x.2012/toolchain/src/arm-mips-src-20121018/scripts/arm-v7a15v3r1/lib/gcc/arm-v7a15v3r1-linux-gnueabi/4.6.4/libgcc.a
END GROUP

.interp
 *(.interp)

.note.gnu.build-id
 *(.note.gnu.build-id)

.hash
 *(.hash)

.gnu.hash
 *(.gnu.hash)

.dynsym
 *(.dynsym)

.dynstr
 *(.dynstr)

.gnu.version
 *(.gnu.version)

.gnu.version_d
 *(.gnu.version_d)

.gnu.version_r
 *(.gnu.version_r)

.rel.init
 *(.rel.init)

.rela.init
 *(.rela.init)

.rel.text
 *(.rel.text)

.rela.text
 *(.rela.text)

.rel.fini
 *(.rel.fini)

.rela.fini
 *(.rela.fini)

.rel.rodata
 *(.rel.rodata)

.rela.rodata
 *(.rela.rodata)

.rel.data.rel.ro
 *(.rel.data.rel.ro)

.rela.data.rel.ro
 *(.rela.data.rel.ro)

.rel.data
 *(.rel.data)

.rela.data
 *(.rela.data)

.rel.tdata
 *(.rel.tdata)

.rela.tdata
 *(.rela.tdata)

.rel.tbss
 *(.rel.tbss)

.rela.tbss
 *(.rela.tbss)

.rel.ctors
 *(.rel.ctors)

.rela.ctors
 *(.rela.ctors)

.rel.dtors
 *(.rel.dtors)

.rela.dtors
 *(.rela.dtors)

.rel.got
 *(.rel.got)

.rela.got
 *(.rela.got)

.rel.bss
 *(.rel.bss)

.rela.bss
 *(.rela.bss)

.rel.iplt
 *(.rel.iplt)

.rela.iplt
 *(.rela.iplt)

.rel.plt
 *(.rel.plt)

.rela.plt
 *(.rela.plt)

.init
 *(.init)

.plt
 *(.plt)

.iplt
 *(.iplt)

.text           0x0000000000000000      0xe9c
 *(.text .stub)
 .text          0x0000000000000000      0x254 /home6/daewon2/Release/glibc/SP/SP_Linux/LP_Linux_Prj/REL/VDLinux.3.x.2012/toolchain/src/arm-mips-src-20121018/build.arm.cortex-a15/obj/glibc_0_final/elf/dl-allobjs.os
                0x0000000000000000                _start
                0x0000000000000010                _dl_start_user
                0x00000000000000b0                _dl_runtime_resolve
                0x00000000000000d4                _dl_runtime_profile
                0x00000000000001a0                __aeabi_read_tp
                0x00000000000001b0                _dl_tlsdesc_return
                0x00000000000001b8                _dl_tlsdesc_undefweak
                0x00000000000001cc                _dl_tlsdesc_dynamic
                0x0000000000000220                _dl_tlsdesc_lazy_resolver
                0x0000000000000238                _dl_tlsdesc_resolve_hold
 .text          0x0000000000000254        0x0 /home6/daewon2/Release/glibc/SP/SP_Linux/LP_Linux_Prj/REL/VDLinux.3.x.2012/toolchain/src/arm-mips-src-20121018/build.arm.cortex-a15/obj/glibc_0_final/libc_pic.a(check_fds.os)
 .text          0x0000000000000254        0x0 /home6/daewon2/Release/glibc/SP/SP_Linux/LP_Linux_Prj/REL/VDLinux.3.x.2012/toolchain/src/arm-mips-src-20121018/build.arm.cortex-a15/obj/glibc_0_final/libc_pic.a(errno.os)
 .text          0x0000000000000254        0x0 /home6/daewon2/Release/glibc/SP/SP_Linux/LP_Linux_Prj/REL/VDLinux.3.x.2012/toolchain/src/arm-mips-src-20121018/build.arm.cortex-a15/obj/glibc_0_final/libc_pic.a(divdi3.os)
 *fill*         0x0000000000000254        0xc 00000000
 .text          0x0000000000000260       0x60 /home6/daewon2/Release/glibc/SP/SP_Linux/LP_Linux_Prj/REL/VDLinux.3.x.2012/toolchain/src/arm-mips-src-20121018/build.arm.cortex-a15/obj/glibc_0_final/libc_pic.a(setjmp.os)
                0x0000000000000260                __sigsetjmp
                0x0000000000000260                __GI___sigsetjmp
 .text          0x00000000000002c0       0x70 /home6/daewon2/Release/glibc/SP/SP_Linux/LP_Linux_Prj/REL/VDLinux.3.x.2012/toolchain/src/arm-mips-src-20121018/build.arm.cortex-a15/obj/glibc_0_final/libc_pic.a(__longjmp.os)
                0x00000000000002c0                __longjmp
 .text          0x0000000000000330        0x0 /home6/daewon2/Release/glibc/SP/SP_Linux/LP_Linux_Prj/REL/VDLinux.3.x.2012/toolchain/src/arm-mips-src-20121018/build.arm.cortex-a15/obj/glibc_0_final/libc_pic.a(strchr.os)
 .text          0x0000000000000330        0x0 /home6/daewon2/Release/glibc/SP/SP_Linux/LP_Linux_Prj/REL/VDLinux.3.x.2012/toolchain/src/arm-mips-src-20121018/build.arm.cortex-a15/obj/glibc_0_final/libc_pic.a(strcmp.os)
 .text          0x0000000000000330        0x0 /home6/daewon2/Release/glibc/SP/SP_Linux/LP_Linux_Prj/REL/VDLinux.3.x.2012/toolchain/src/arm-mips-src-20121018/build.arm.cortex-a15/obj/glibc_0_final/libc_pic.a(strcpy.os)
 .text          0x0000000000000330       0x60 /home6/daewon2/Release/glibc/SP/SP_Linux/LP_Linux_Prj/REL/VDLinux.3.x.2012/toolchain/src/arm-mips-src-20121018/build.arm.cortex-a15/obj/glibc_0_final/libc_pic.a(strlen.os)
                0x0000000000000330                strlen
                0x0000000000000330                __GI_strlen
 .text          0x0000000000000390        0x0 /home6/daewon2/Release/glibc/SP/SP_Linux/LP_Linux_Prj/REL/VDLinux.3.x.2012/toolchain/src/arm-mips-src-20121018/build.arm.cortex-a15/obj/glibc_0_final/libc_pic.a(strnlen.os)
 .text          0x0000000000000390        0x0 /home6/daewon2/Release/glibc/SP/SP_Linux/LP_Linux_Prj/REL/VDLinux.3.x.2012/toolchain/src/arm-mips-src-20121018/build.arm.cortex-a15/obj/glibc_0_final/libc_pic.a(memchr.os)
 .text          0x0000000000000390        0x0 /home6/daewon2/Release/glibc/SP/SP_Linux/LP_Linux_Prj/REL/VDLinux.3.x.2012/toolchain/src/arm-mips-src-20121018/build.arm.cortex-a15/obj/glibc_0_final/libc_pic.a(memcmp.os)
 .text          0x0000000000000390      0x340 /home6/daewon2/Release/glibc/SP/SP_Linux/LP_Linux_Prj/REL/VDLinux.3.x.2012/toolchain/src/arm-mips-src-20121018/build.arm.cortex-a15/obj/glibc_0_final/libc_pic.a(memmove.os)
                0x0000000000000390                memmove
                0x0000000000000390                __GI_memmove
 .text          0x00000000000006d0       0x80 /home6/daewon2/Release/glibc/SP/SP_Linux/LP_Linux_Prj/REL/VDLinux.3.x.2012/toolchain/src/arm-mips-src-20121018/build.arm.cortex-a15/obj/glibc_0_final/libc_pic.a(memset.os)
                0x00000000000006d0                __GI_memset
                0x00000000000006d0                memset
 .text          0x0000000000000750        0x0 /home6/daewon2/Release/glibc/SP/SP_Linux/LP_Linux_Prj/REL/VDLinux.3.x.2012/toolchain/src/arm-mips-src-20121018/build.arm.cortex-a15/obj/glibc_0_final/libc_pic.a(mempcpy.os)
 .text          0x0000000000000750        0x0 /home6/daewon2/Release/glibc/SP/SP_Linux/LP_Linux_Prj/REL/VDLinux.3.x.2012/toolchain/src/arm-mips-src-20121018/build.arm.cortex-a15/obj/glibc_0_final/libc_pic.a(stpcpy.os)
 .text          0x0000000000000750      0x330 /home6/daewon2/Release/glibc/SP/SP_Linux/LP_Linux_Prj/REL/VDLinux.3.x.2012/toolchain/src/arm-mips-src-20121018/build.arm.cortex-a15/obj/glibc_0_final/libc_pic.a(memcpy.os)
                0x0000000000000750                memcpy
                0x0000000000000750                __GI_memcpy
 .text          0x0000000000000a80        0x0 /home6/daewon2/Release/glibc/SP/SP_Linux/LP_Linux_Prj/REL/VDLinux.3.x.2012/toolchain/src/arm-mips-src-20121018/build.arm.cortex-a15/obj/glibc_0_final/libc_pic.a(wordcopy.os)
 .text          0x0000000000000a80        0x0 /home6/daewon2/Release/glibc/SP/SP_Linux/LP_Linux_Prj/REL/VDLinux.3.x.2012/toolchain/src/arm-mips-src-20121018/build.arm.cortex-a15/obj/glibc_0_final/libc_pic.a(rawmemchr.os)
 .text          0x0000000000000a80        0x0 /home6/daewon2/Release/glibc/SP/SP_Linux/LP_Linux_Prj/REL/VDLinux.3.x.2012/toolchain/src/arm-mips-src-20121018/build.arm.cortex-a15/obj/glibc_0_final/libc_pic.a(closedir.os)
 .text          0x0000000000000a80        0x0 /home6/daewon2/Release/glibc/SP/SP_Linux/LP_Linux_Prj/REL/VDLinux.3.x.2012/toolchain/src/arm-mips-src-20121018/build.arm.cortex-a15/obj/glibc_0_final/libc_pic.a(readdir.os)
 .text          0x0000000000000a80        0x0 /home6/daewon2/Release/glibc/SP/SP_Linux/LP_Linux_Prj/REL/VDLinux.3.x.2012/toolchain/src/arm-mips-src-20121018/build.arm.cortex-a15/obj/glibc_0_final/libc_pic.a(rewinddir.os)
 .text          0x0000000000000a80        0x0 /home6/daewon2/Release/glibc/SP/SP_Linux/LP_Linux_Prj/REL/VDLinux.3.x.2012/toolchain/src/arm-mips-src-20121018/build.arm.cortex-a15/obj/glibc_0_final/libc_pic.a(getdents.os)
 .text          0x0000000000000a80        0x0 /home6/daewon2/Release/glibc/SP/SP_Linux/LP_Linux_Prj/REL/VDLinux.3.x.2012/toolchain/src/arm-mips-src-20121018/build.arm.cortex-a15/obj/glibc_0_final/libc_pic.a(fdopendir.os)
 .text          0x0000000000000a80       0x20 /home6/daewon2/Release/glibc/SP/SP_Linux/LP_Linux_Prj/REL/VDLinux.3.x.2012/toolchain/src/arm-mips-src-20121018/build.arm.cortex-a15/obj/glibc_0_final/libc_pic.a(uname.os)
                0x0000000000000a80                uname
                0x0000000000000a80                __GI_uname
                0x0000000000000a80                __uname
                0x0000000000000a80                __GI___uname
 .text          0x0000000000000aa0        0x0 /home6/daewon2/Release/glibc/SP/SP_Linux/LP_Linux_Prj/REL/VDLinux.3.x.2012/toolchain/src/arm-mips-src-20121018/build.arm.cortex-a15/obj/glibc_0_final/libc_pic.a(_exit.os)
 .text          0x0000000000000aa0        0x0 /home6/daewon2/Release/glibc/SP/SP_Linux/LP_Linux_Prj/REL/VDLinux.3.x.2012/toolchain/src/arm-mips-src-20121018/build.arm.cortex-a15/obj/glibc_0_final/libc_pic.a(getpid.os)
 .text          0x0000000000000aa0        0x0 /home6/daewon2/Release/glibc/SP/SP_Linux/LP_Linux_Prj/REL/VDLinux.3.x.2012/toolchain/src/arm-mips-src-20121018/build.arm.cortex-a15/obj/glibc_0_final/libc_pic.a(environ.os)
 .text          0x0000000000000aa0        0x0 /home6/daewon2/Release/glibc/SP/SP_Linux/LP_Linux_Prj/REL/VDLinux.3.x.2012/toolchain/src/arm-mips-src-20121018/build.arm.cortex-a15/obj/glibc_0_final/libc_pic.a(xstat64.os)
 .text          0x0000000000000aa0        0x0 /home6/daewon2/Release/glibc/SP/SP_Linux/LP_Linux_Prj/REL/VDLinux.3.x.2012/toolchain/src/arm-mips-src-20121018/build.arm.cortex-a15/obj/glibc_0_final/libc_pic.a(fxstat64.os)
 .text          0x0000000000000aa0        0x0 /home6/daewon2/Release/glibc/SP/SP_Linux/LP_Linux_Prj/REL/VDLinux.3.x.2012/toolchain/src/arm-mips-src-20121018/build.arm.cortex-a15/obj/glibc_0_final/libc_pic.a(lxstat64.os)
 .text          0x0000000000000aa0       0x90 /home6/daewon2/Release/glibc/SP/SP_Linux/LP_Linux_Prj/REL/VDLinux.3.x.2012/toolchain/src/arm-mips-src-20121018/build.arm.cortex-a15/obj/glibc_0_final/libc_pic.a(open.os)
                0x0000000000000aa4                __open_nocancel
                0x0000000000000ac0                __open
                0x0000000000000ac0                __GI_open
                0x0000000000000ac0                __GI___open
                0x0000000000000ac0                __libc_open
                0x0000000000000ac0                __GI___libc_open
                0x0000000000000ac0                open
 .text          0x0000000000000b30       0x90 /home6/daewon2/Release/glibc/SP/SP_Linux/LP_Linux_Prj/REL/VDLinux.3.x.2012/toolchain/src/arm-mips-src-20121018/build.arm.cortex-a15/obj/glibc_0_final/libc_pic.a(close.os)
                0x0000000000000b34                __close_nocancel
                0x0000000000000b50                __GI_close
                0x0000000000000b50                __GI___libc_close
                0x0000000000000b50                __libc_close
                0x0000000000000b50                __close
                0x0000000000000b50                __GI___close
                0x0000000000000b50                close
 .text          0x0000000000000bc0       0x90 /home6/daewon2/Release/glibc/SP/SP_Linux/LP_Linux_Prj/REL/VDLinux.3.x.2012/toolchain/src/arm-mips-src-20121018/build.arm.cortex-a15/obj/glibc_0_final/libc_pic.a(read.os)
                0x0000000000000bc4                __read_nocancel
                0x0000000000000be0                __read
                0x0000000000000be0                __GI_read
                0x0000000000000be0                __libc_read
                0x0000000000000be0                __GI___read
                0x0000000000000be0                read
                0x0000000000000be0                __GI___libc_read
 .text          0x0000000000000c50       0x90 /home6/daewon2/Release/glibc/SP/SP_Linux/LP_Linux_Prj/REL/VDLinux.3.x.2012/toolchain/src/arm-mips-src-20121018/build.arm.cortex-a15/obj/glibc_0_final/libc_pic.a(write.os)
                0x0000000000000c54                __write_nocancel
                0x0000000000000c70                __write
                0x0000000000000c70                __GI_write
                0x0000000000000c70                write
                0x0000000000000c70                __GI___libc_write
                0x0000000000000c70                __GI___write
                0x0000000000000c70                __libc_write
 .text          0x0000000000000ce0       0x20 /home6/daewon2/Release/glibc/SP/SP_Linux/LP_Linux_Prj/REL/VDLinux.3.x.2012/toolchain/src/arm-mips-src-20121018/build.arm.cortex-a15/obj/glibc_0_final/libc_pic.a(lseek.os)
                0x0000000000000ce0                __GI___lseek
                0x0000000000000ce0                lseek
                0x0000000000000ce0                __GI___libc_lseek
                0x0000000000000ce0                __lseek
                0x0000000000000ce0                __libc_lseek
                0x0000000000000ce0                __GI_lseek
 .text          0x0000000000000d00       0x20 /home6/daewon2/Release/glibc/SP/SP_Linux/LP_Linux_Prj/REL/VDLinux.3.x.2012/toolchain/src/arm-mips-src-20121018/build.arm.cortex-a15/obj/glibc_0_final/libc_pic.a(access.os)
                0x0000000000000d00                __GI_access
                0x0000000000000d00                __GI___access
                0x0000000000000d00                access
                0x0000000000000d00                __access
 .text          0x0000000000000d20        0x0 /home6/daewon2/Release/glibc/SP/SP_Linux/LP_Linux_Prj/REL/VDLinux.3.x.2012/toolchain/src/arm-mips-src-20121018/build.arm.cortex-a15/obj/glibc_0_final/libc_pic.a(fcntl.os)
 .text          0x0000000000000d20        0x0 /home6/daewon2/Release/glibc/SP/SP_Linux/LP_Linux_Prj/REL/VDLinux.3.x.2012/toolchain/src/arm-mips-src-20121018/build.arm.cortex-a15/obj/glibc_0_final/libc_pic.a(getpagesize.os)
 .text          0x0000000000000d20       0x50 /home6/daewon2/Release/glibc/SP/SP_Linux/LP_Linux_Prj/REL/VDLinux.3.x.2012/toolchain/src/arm-mips-src-20121018/build.arm.cortex-a15/obj/glibc_0_final/libc_pic.a(mmap.os)
                0x0000000000000d20                __mmap
                0x0000000000000d20                mmap
 .text          0x0000000000000d70       0x20 /home6/daewon2/Release/glibc/SP/SP_Linux/LP_Linux_Prj/REL/VDLinux.3.x.2012/toolchain/src/arm-mips-src-20121018/build.arm.cortex-a15/obj/glibc_0_final/libc_pic.a(munmap.os)
                0x0000000000000d70                munmap
                0x0000000000000d70                __GI___munmap
                0x0000000000000d70                __GI_munmap
                0x0000000000000d70                __munmap
 .text          0x0000000000000d90       0x20 /home6/daewon2/Release/glibc/SP/SP_Linux/LP_Linux_Prj/REL/VDLinux.3.x.2012/toolchain/src/arm-mips-src-20121018/build.arm.cortex-a15/obj/glibc_0_final/libc_pic.a(mprotect.os)
                0x0000000000000d90                __mprotect
                0x0000000000000d90                __GI___mprotect
                0x0000000000000d90                __GI_mprotect
                0x0000000000000d90                mprotect
 .text          0x0000000000000db0        0x0 /home6/daewon2/Release/glibc/SP/SP_Linux/LP_Linux_Prj/REL/VDLinux.3.x.2012/toolchain/src/arm-mips-src-20121018/build.arm.cortex-a15/obj/glibc_0_final/libc_pic.a(profil.os)
 .text          0x0000000000000db0        0x0 /home6/daewon2/Release/glibc/SP/SP_Linux/LP_Linux_Prj/REL/VDLinux.3.x.2012/toolchain/src/arm-mips-src-20121018/build.arm.cortex-a15/obj/glibc_0_final/libc_pic.a(prof-freq.os)
 .text          0x0000000000000db0        0x0 /home6/daewon2/Release/glibc/SP/SP_Linux/LP_Linux_Prj/REL/VDLinux.3.x.2012/toolchain/src/arm-mips-src-20121018/build.arm.cortex-a15/obj/glibc_0_final/libc_pic.a(libc-lowlevellock.os)
 .text          0x0000000000000db0        0x0 /home6/daewon2/Release/glibc/SP/SP_Linux/LP_Linux_Prj/REL/VDLinux.3.x.2012/toolchain/src/arm-mips-src-20121018/build.arm.cortex-a15/obj/glibc_0_final/libc_pic.a(libc-cancellation.os)
 .text          0x0000000000000db0        0x0 /home6/daewon2/Release/glibc/SP/SP_Linux/LP_Linux_Prj/REL/VDLinux.3.x.2012/toolchain/src/arm-mips-src-20121018/build.arm.cortex-a15/obj/glibc_0_final/libc_pic.a(libc_multiple_threads.os)
 .text          0x0000000000000db0       0x30 /home6/daewon2/Release/glibc/SP/SP_Linux/LP_Linux_Prj/REL/VDLinux.3.x.2012/toolchain/src/arm-mips-src-20121018/build.arm.cortex-a15/obj/glibc_0_final/libc_pic.a(sysdep.os)
                0x0000000000000db0                __syscall_error
 .text          0x0000000000000de0        0x0 /home6/daewon2/Release/glibc/SP/SP_Linux/LP_Linux_Prj/REL/VDLinux.3.x.2012/toolchain/src/arm-mips-src-20121018/build.arm.cortex-a15/obj/glibc_0_final/libc_pic.a(sigaction.os)
 .text          0x0000000000000de0       0x50 /home6/daewon2/Release/glibc/SP/SP_Linux/LP_Linux_Prj/REL/VDLinux.3.x.2012/toolchain/src/arm-mips-src-20121018/build.arm.cortex-a15/obj/glibc_0_final/libc_pic.a(sigrestorer.os)
                0x0000000000000df0                __default_sa_restorer_v1
                0x0000000000000e00                __default_sa_restorer_v2
                0x0000000000000e10                __default_rt_sa_restorer_v1
                0x0000000000000e20                __default_rt_sa_restorer_v2
 .text          0x0000000000000e30       0x20 /home6/daewon2/Release/glibc/SP/SP_Linux/LP_Linux_Prj/REL/VDLinux.3.x.2012/toolchain/src/arm-mips-src-20121018/build.arm.cortex-a15/obj/glibc_0_final/libc_pic.a(setitimer.os)
                0x0000000000000e30                setitimer
                0x0000000000000e30                __setitimer
                0x0000000000000e30                __GI_setitimer
                0x0000000000000e30                __GI___setitimer
 .text          0x0000000000000e50        0x0 /home6/daewon2/Release/glibc/SP/SP_Linux/LP_Linux_Prj/REL/VDLinux.3.x.2012/toolchain/src/arm-mips-src-20121018/build.arm.cortex-a15/obj/glibc_0_final/libc_pic.a(forward.os)
 .text          0x0000000000000e50        0x0 /home6/daewon2/Release/glibc/SP/SP_Linux/LP_Linux_Prj/REL/VDLinux.3.x.2012/toolchain/src/arm-mips-src-20121018/build.arm.cortex-a15/obj/glibc_0_final/libc_pic.a(exit.os)
 .text          0x0000000000000e50        0x0 /home6/daewon2/Release/glibc/SP/SP_Linux/LP_Linux_Prj/REL/VDLinux.3.x.2012/toolchain/src/arm-mips-src-20121018/build.arm.cortex-a15/obj/glibc_0_final/libc_pic.a(cxa_atexit.os)
 .text          0x0000000000000e50       0x3c /home6/daewon2/Release/glibc/SP/SP_Linux/LP_Linux_Prj/REL/VDLinux.3.x.2012/toolchain/src/arm-mips-src-20121018/scripts/arm-v7a15v3r1/lib/gcc/arm-v7a15v3r1-linux-gnueabi/4.6.4/libgcc.a(_aeabi_uldivmod.o)
                0x0000000000000e50                __aeabi_uldivmod
 .text          0x0000000000000e8c       0x10 /home6/daewon2/Release/glibc/SP/SP_Linux/LP_Linux_Prj/REL/VDLinux.3.x.2012/toolchain/src/arm-mips-src-20121018/scripts/arm-v7a15v3r1/lib/gcc/arm-v7a15v3r1-linux-gnueabi/4.6.4/libgcc.a(_dvmd_lnx.o)
                0x0000000000000e8c                __aeabi_ldiv0
                0x0000000000000e8c                __aeabi_idiv0
 .text          0x0000000000000e9c        0x0 /home6/daewon2/Release/glibc/SP/SP_Linux/LP_Linux_Prj/REL/VDLinux.3.x.2012/toolchain/src/arm-mips-src-20121018/scripts/arm-v7a15v3r1/lib/gcc/arm-v7a15v3r1-linux-gnueabi/4.6.4/libgcc.a(bpabi.o)
 .text          0x0000000000000e9c        0x0 /home6/daewon2/Release/glibc/SP/SP_Linux/LP_Linux_Prj/REL/VDLinux.3.x.2012/toolchain/src/arm-mips-src-20121018/build.arm.cortex-a15/obj/glibc_0_final/libc_pic.a(raise.os)
 *(.gnu.warning)

.text._dl_initial_error_catch_tsd
                0x0000000000000000       0x10
 .text._dl_initial_error_catch_tsd
                0x0000000000000000       0x10 /home6/daewon2/Release/glibc/SP/SP_Linux/LP_Linux_Prj/REL/VDLinux.3.x.2012/toolchain/src/arm-mips-src-20121018/build.arm.cortex-a15/obj/glibc_0_final/elf/dl-allobjs.os
                0x0000000000000000                _dl_initial_error_catch_tsd

.text.rtld_lock_default_lock_recursive
                0x0000000000000000       0x10
 .text.rtld_lock_default_lock_recursive
                0x0000000000000000       0x10 /home6/daewon2/Release/glibc/SP/SP_Linux/LP_Linux_Prj/REL/VDLinux.3.x.2012/toolchain/src/arm-mips-src-20121018/build.arm.cortex-a15/obj/glibc_0_final/elf/dl-allobjs.os

.text.rtld_lock_default_unlock_recursive
                0x0000000000000000       0x10
 .text.rtld_lock_default_unlock_recursive
                0x0000000000000000       0x10 /home6/daewon2/Release/glibc/SP/SP_Linux/LP_Linux_Prj/REL/VDLinux.3.x.2012/toolchain/src/arm-mips-src-20121018/build.arm.cortex-a15/obj/glibc_0_final/elf/dl-allobjs.os

.text.lookup_doit
                0x0000000000000000       0x68
 .text.lookup_doit
                0x0000000000000000       0x68 /home6/daewon2/Release/glibc/SP/SP_Linux/LP_Linux_Prj/REL/VDLinux.3.x.2012/toolchain/src/arm-mips-src-20121018/build.arm.cortex-a15/obj/glibc_0_final/elf/dl-allobjs.os

.text.dlmopen_doit
                0x0000000000000000       0x7c
 .text.dlmopen_doit
                0x0000000000000000       0x7c /home6/daewon2/Release/glibc/SP/SP_Linux/LP_Linux_Prj/REL/VDLinux.3.x.2012/toolchain/src/arm-mips-src-20121018/build.arm.cortex-a15/obj/glibc_0_final/elf/dl-allobjs.os

.text.unlikely.do_preload
                0x0000000000000000       0xa0
 .text.unlikely.do_preload
                0x0000000000000000       0xa0 /home6/daewon2/Release/glibc/SP/SP_Linux/LP_Linux_Prj/REL/VDLinux.3.x.2012/toolchain/src/arm-mips-src-20121018/build.arm.cortex-a15/obj/glibc_0_final/elf/dl-allobjs.os

.text.print_unresolved
                0x0000000000000000       0x50
 .text.print_unresolved
                0x0000000000000000       0x50 /home6/daewon2/Release/glibc/SP/SP_Linux/LP_Linux_Prj/REL/VDLinux.3.x.2012/toolchain/src/arm-mips-src-20121018/build.arm.cortex-a15/obj/glibc_0_final/elf/dl-allobjs.os

.text.print_missing_version
                0x0000000000000000       0x5c
 .text.print_missing_version
                0x0000000000000000       0x5c /home6/daewon2/Release/glibc/SP/SP_Linux/LP_Linux_Prj/REL/VDLinux.3.x.2012/toolchain/src/arm-mips-src-20121018/build.arm.cortex-a15/obj/glibc_0_final/elf/dl-allobjs.os

.text.security_init
                0x0000000000000000       0xdc
 .text.security_init
                0x0000000000000000       0xdc /home6/daewon2/Release/glibc/SP/SP_Linux/LP_Linux_Prj/REL/VDLinux.3.x.2012/toolchain/src/arm-mips-src-20121018/build.arm.cortex-a15/obj/glibc_0_final/elf/dl-allobjs.os

.text.map_doit  0x0000000000000000       0x3c
 .text.map_doit
                0x0000000000000000       0x3c /home6/daewon2/Release/glibc/SP/SP_Linux/LP_Linux_Prj/REL/VDLinux.3.x.2012/toolchain/src/arm-mips-src-20121018/build.arm.cortex-a15/obj/glibc_0_final/elf/dl-allobjs.os

.text.process_dl_audit
                0x0000000000000000       0xac
 .text.process_dl_audit
                0x0000000000000000       0xac /home6/daewon2/Release/glibc/SP/SP_Linux/LP_Linux_Prj/REL/VDLinux.3.x.2012/toolchain/src/arm-mips-src-20121018/build.arm.cortex-a15/obj/glibc_0_final/elf/dl-allobjs.os

.text.relocate_doit
                0x0000000000000000       0x14
 .text.relocate_doit
                0x0000000000000000       0x14 /home6/daewon2/Release/glibc/SP/SP_Linux/LP_Linux_Prj/REL/VDLinux.3.x.2012/toolchain/src/arm-mips-src-20121018/build.arm.cortex-a15/obj/glibc_0_final/elf/dl-allobjs.os

.text.process_dl_debug
                0x0000000000000000      0x26c
 .text.process_dl_debug
                0x0000000000000000      0x26c /home6/daewon2/Release/glibc/SP/SP_Linux/LP_Linux_Prj/REL/VDLinux.3.x.2012/toolchain/src/arm-mips-src-20121018/build.arm.cortex-a15/obj/glibc_0_final/elf/dl-allobjs.os

.text.process_envvars
                0x0000000000000000      0x834
 .text.process_envvars
                0x0000000000000000      0x834 /home6/daewon2/Release/glibc/SP/SP_Linux/LP_Linux_Prj/REL/VDLinux.3.x.2012/toolchain/src/arm-mips-src-20121018/build.arm.cortex-a15/obj/glibc_0_final/elf/dl-allobjs.os

.text.unlikely.print_statistics.isra.3
                0x0000000000000000       0xd8
 .text.unlikely.print_statistics.isra.3
                0x0000000000000000       0xd8 /home6/daewon2/Release/glibc/SP/SP_Linux/LP_Linux_Prj/REL/VDLinux.3.x.2012/toolchain/src/arm-mips-src-20121018/build.arm.cortex-a15/obj/glibc_0_final/elf/dl-allobjs.os

.text._dl_start_final
                0x0000000000000000       0xfc
 .text._dl_start_final
                0x0000000000000000       0xfc /home6/daewon2/Release/glibc/SP/SP_Linux/LP_Linux_Prj/REL/VDLinux.3.x.2012/toolchain/src/arm-mips-src-20121018/build.arm.cortex-a15/obj/glibc_0_final/elf/dl-allobjs.os

.text.unlikely.init_tls.part.6
                0x0000000000000000      0x178
 .text.unlikely.init_tls.part.6
                0x0000000000000000      0x178 /home6/daewon2/Release/glibc/SP/SP_Linux/LP_Linux_Prj/REL/VDLinux.3.x.2012/toolchain/src/arm-mips-src-20121018/build.arm.cortex-a15/obj/glibc_0_final/elf/dl-allobjs.os

.text.dl_main   0x0000000000000000     0x329c
 .text.dl_main  0x0000000000000000     0x329c /home6/daewon2/Release/glibc/SP/SP_Linux/LP_Linux_Prj/REL/VDLinux.3.x.2012/toolchain/src/arm-mips-src-20121018/build.arm.cortex-a15/obj/glibc_0_final/elf/dl-allobjs.os

.text.version_check_doit
                0x0000000000000000       0x44
 .text.version_check_doit
                0x0000000000000000       0x44 /home6/daewon2/Release/glibc/SP/SP_Linux/LP_Linux_Prj/REL/VDLinux.3.x.2012/toolchain/src/arm-mips-src-20121018/build.arm.cortex-a15/obj/glibc_0_final/elf/dl-allobjs.os

.text._dl_start
                0x0000000000000000      0x78c
 .text._dl_start
                0x0000000000000000      0x78c /home6/daewon2/Release/glibc/SP/SP_Linux/LP_Linux_Prj/REL/VDLinux.3.x.2012/toolchain/src/arm-mips-src-20121018/build.arm.cortex-a15/obj/glibc_0_final/elf/dl-allobjs.os

.text.is_dst    0x0000000000000000      0x100
 .text.is_dst   0x0000000000000000      0x100 /home6/daewon2/Release/glibc/SP/SP_Linux/LP_Linux_Prj/REL/VDLinux.3.x.2012/toolchain/src/arm-mips-src-20121018/build.arm.cortex-a15/obj/glibc_0_final/elf/dl-allobjs.os

.text.local_strdup
                0x0000000000000000       0x30
 .text.local_strdup
                0x0000000000000000       0x30 /home6/daewon2/Release/glibc/SP/SP_Linux/LP_Linux_Prj/REL/VDLinux.3.x.2012/toolchain/src/arm-mips-src-20121018/build.arm.cortex-a15/obj/glibc_0_final/elf/dl-allobjs.os

.text.fillin_rpath
                0x0000000000000000      0x32c
 .text.fillin_rpath
                0x0000000000000000      0x32c /home6/daewon2/Release/glibc/SP/SP_Linux/LP_Linux_Prj/REL/VDLinux.3.x.2012/toolchain/src/arm-mips-src-20121018/build.arm.cortex-a15/obj/glibc_0_final/elf/dl-allobjs.os

.text.add_name_to_object
                0x0000000000000000       0xcc
 .text.add_name_to_object
                0x0000000000000000       0xcc /home6/daewon2/Release/glibc/SP/SP_Linux/LP_Linux_Prj/REL/VDLinux.3.x.2012/toolchain/src/arm-mips-src-20121018/build.arm.cortex-a15/obj/glibc_0_final/elf/dl-allobjs.os

.text.unlikely.is_trusted_path_normalize
                0x0000000000000000      0x15c
 .text.unlikely.is_trusted_path_normalize
                0x0000000000000000      0x15c /home6/daewon2/Release/glibc/SP/SP_Linux/LP_Linux_Prj/REL/VDLinux.3.x.2012/toolchain/src/arm-mips-src-20121018/build.arm.cortex-a15/obj/glibc_0_final/elf/dl-allobjs.os

.text.unlikely.print_search_path
                0x0000000000000000      0x1b4
 .text.unlikely.print_search_path
                0x0000000000000000      0x1b4 /home6/daewon2/Release/glibc/SP/SP_Linux/LP_Linux_Prj/REL/VDLinux.3.x.2012/toolchain/src/arm-mips-src-20121018/build.arm.cortex-a15/obj/glibc_0_final/elf/dl-allobjs.os

.text.lose      0x0000000000000000       0x64
 .text.lose     0x0000000000000000       0x64 /home6/daewon2/Release/glibc/SP/SP_Linux/LP_Linux_Prj/REL/VDLinux.3.x.2012/toolchain/src/arm-mips-src-20121018/build.arm.cortex-a15/obj/glibc_0_final/elf/dl-allobjs.os

.text.open_verify
                0x0000000000000000      0x5d8
 .text.open_verify
                0x0000000000000000      0x5d8 /home6/daewon2/Release/glibc/SP/SP_Linux/LP_Linux_Prj/REL/VDLinux.3.x.2012/toolchain/src/arm-mips-src-20121018/build.arm.cortex-a15/obj/glibc_0_final/elf/dl-allobjs.os

.text.open_path
                0x0000000000000000      0x3ec
 .text.open_path
                0x0000000000000000      0x3ec /home6/daewon2/Release/glibc/SP/SP_Linux/LP_Linux_Prj/REL/VDLinux.3.x.2012/toolchain/src/arm-mips-src-20121018/build.arm.cortex-a15/obj/glibc_0_final/elf/dl-allobjs.os

.text._dl_map_object_from_fd
                0x0000000000000000     0x1280
 .text._dl_map_object_from_fd
                0x0000000000000000     0x1280 /home6/daewon2/Release/glibc/SP/SP_Linux/LP_Linux_Prj/REL/VDLinux.3.x.2012/toolchain/src/arm-mips-src-20121018/build.arm.cortex-a15/obj/glibc_0_final/elf/dl-allobjs.os

.text.add_path.8779.constprop.1
                0x0000000000000000       0xd8
 .text.add_path.8779.constprop.1
                0x0000000000000000       0xd8 /home6/daewon2/Release/glibc/SP/SP_Linux/LP_Linux_Prj/REL/VDLinux.3.x.2012/toolchain/src/arm-mips-src-20121018/build.arm.cortex-a15/obj/glibc_0_final/elf/dl-allobjs.os

.text._dl_dst_count
                0x0000000000000000       0xd8
 .text._dl_dst_count
                0x0000000000000000       0xd8 /home6/daewon2/Release/glibc/SP/SP_Linux/LP_Linux_Prj/REL/VDLinux.3.x.2012/toolchain/src/arm-mips-src-20121018/build.arm.cortex-a15/obj/glibc_0_final/elf/dl-allobjs.os
                0x0000000000000000                _dl_dst_count

.text._dl_dst_substitute
                0x0000000000000000      0x2bc
 .text._dl_dst_substitute
                0x0000000000000000      0x2bc /home6/daewon2/Release/glibc/SP/SP_Linux/LP_Linux_Prj/REL/VDLinux.3.x.2012/toolchain/src/arm-mips-src-20121018/build.arm.cortex-a15/obj/glibc_0_final/elf/dl-allobjs.os
                0x0000000000000000                _dl_dst_substitute

.text.expand_dynamic_string_token
                0x0000000000000000      0x128
 .text.expand_dynamic_string_token
                0x0000000000000000      0x128 /home6/daewon2/Release/glibc/SP/SP_Linux/LP_Linux_Prj/REL/VDLinux.3.x.2012/toolchain/src/arm-mips-src-20121018/build.arm.cortex-a15/obj/glibc_0_final/elf/dl-allobjs.os

.text.decompose_rpath
                0x0000000000000000      0x1b0
 .text.decompose_rpath
                0x0000000000000000      0x1b0 /home6/daewon2/Release/glibc/SP/SP_Linux/LP_Linux_Prj/REL/VDLinux.3.x.2012/toolchain/src/arm-mips-src-20121018/build.arm.cortex-a15/obj/glibc_0_final/elf/dl-allobjs.os

.text.cache_rpath
                0x0000000000000000       0x6c
 .text.cache_rpath
                0x0000000000000000       0x6c /home6/daewon2/Release/glibc/SP/SP_Linux/LP_Linux_Prj/REL/VDLinux.3.x.2012/toolchain/src/arm-mips-src-20121018/build.arm.cortex-a15/obj/glibc_0_final/elf/dl-allobjs.os

.text._dl_init_paths
                0x0000000000000000      0x510
 .text._dl_init_paths
                0x0000000000000000      0x510 /home6/daewon2/Release/glibc/SP/SP_Linux/LP_Linux_Prj/REL/VDLinux.3.x.2012/toolchain/src/arm-mips-src-20121018/build.arm.cortex-a15/obj/glibc_0_final/elf/dl-allobjs.os
                0x0000000000000000                _dl_init_paths

.text._dl_map_object
                0x0000000000000000      0x96c
 .text._dl_map_object
                0x0000000000000000      0x96c /home6/daewon2/Release/glibc/SP/SP_Linux/LP_Linux_Prj/REL/VDLinux.3.x.2012/toolchain/src/arm-mips-src-20121018/build.arm.cortex-a15/obj/glibc_0_final/elf/dl-allobjs.os
                0x0000000000000000                _dl_map_object

.text._dl_rtld_di_serinfo
                0x0000000000000000      0x1b8
 .text._dl_rtld_di_serinfo
                0x0000000000000000      0x1b8 /home6/daewon2/Release/glibc/SP/SP_Linux/LP_Linux_Prj/REL/VDLinux.3.x.2012/toolchain/src/arm-mips-src-20121018/build.arm.cortex-a15/obj/glibc_0_final/elf/dl-allobjs.os
                0x0000000000000000                _dl_rtld_di_serinfo

.text._dl_cache_libcmp
                0x0000000000000000      0x118
 .text._dl_cache_libcmp
                0x0000000000000000      0x118 /home6/daewon2/Release/glibc/SP/SP_Linux/LP_Linux_Prj/REL/VDLinux.3.x.2012/toolchain/src/arm-mips-src-20121018/build.arm.cortex-a15/obj/glibc_0_final/elf/dl-allobjs.os
                0x0000000000000000                _dl_cache_libcmp

.text._dl_load_cache_lookup
                0x0000000000000000      0x6cc
 .text._dl_load_cache_lookup
                0x0000000000000000      0x6cc /home6/daewon2/Release/glibc/SP/SP_Linux/LP_Linux_Prj/REL/VDLinux.3.x.2012/toolchain/src/arm-mips-src-20121018/build.arm.cortex-a15/obj/glibc_0_final/elf/dl-allobjs.os
                0x0000000000000000                _dl_load_cache_lookup

.text._dl_unload_cache
                0x0000000000000000       0x34
 .text._dl_unload_cache
                0x0000000000000000       0x34 /home6/daewon2/Release/glibc/SP/SP_Linux/LP_Linux_Prj/REL/VDLinux.3.x.2012/toolchain/src/arm-mips-src-20121018/build.arm.cortex-a15/obj/glibc_0_final/elf/dl-allobjs.os
                0x0000000000000000                _dl_unload_cache

.text.enter.8587
                0x0000000000000000       0x64
 .text.enter.8587
                0x0000000000000000       0x64 /home6/daewon2/Release/glibc/SP/SP_Linux/LP_Linux_Prj/REL/VDLinux.3.x.2012/toolchain/src/arm-mips-src-20121018/build.arm.cortex-a15/obj/glibc_0_final/elf/dl-allobjs.os

.text.check_match.8539
                0x0000000000000000      0x1cc
 .text.check_match.8539
                0x0000000000000000      0x1cc /home6/daewon2/Release/glibc/SP/SP_Linux/LP_Linux_Prj/REL/VDLinux.3.x.2012/toolchain/src/arm-mips-src-20121018/build.arm.cortex-a15/obj/glibc_0_final/elf/dl-allobjs.os

.text.do_lookup_x
                0x0000000000000000      0x71c
 .text.do_lookup_x
                0x0000000000000000      0x71c /home6/daewon2/Release/glibc/SP/SP_Linux/LP_Linux_Prj/REL/VDLinux.3.x.2012/toolchain/src/arm-mips-src-20121018/build.arm.cortex-a15/obj/glibc_0_final/elf/dl-allobjs.os

.text._dl_lookup_symbol_x
                0x0000000000000000     0x10b0
 .text._dl_lookup_symbol_x
                0x0000000000000000     0x10b0 /home6/daewon2/Release/glibc/SP/SP_Linux/LP_Linux_Prj/REL/VDLinux.3.x.2012/toolchain/src/arm-mips-src-20121018/build.arm.cortex-a15/obj/glibc_0_final/elf/dl-allobjs.os
                0x0000000000000000                _dl_lookup_symbol_x

.text._dl_setup_hash
                0x0000000000000000       0xb0
 .text._dl_setup_hash
                0x0000000000000000       0xb0 /home6/daewon2/Release/glibc/SP/SP_Linux/LP_Linux_Prj/REL/VDLinux.3.x.2012/toolchain/src/arm-mips-src-20121018/build.arm.cortex-a15/obj/glibc_0_final/elf/dl-allobjs.os
                0x0000000000000000                _dl_setup_hash

.text._dl_add_to_namespace_list
                0x0000000000000000       0xb8
 .text._dl_add_to_namespace_list
                0x0000000000000000       0xb8 /home6/daewon2/Release/glibc/SP/SP_Linux/LP_Linux_Prj/REL/VDLinux.3.x.2012/toolchain/src/arm-mips-src-20121018/build.arm.cortex-a15/obj/glibc_0_final/elf/dl-allobjs.os
                0x0000000000000000                _dl_add_to_namespace_list

.text._dl_new_object
                0x0000000000000000      0x2a0
 .text._dl_new_object
                0x0000000000000000      0x2a0 /home6/daewon2/Release/glibc/SP/SP_Linux/LP_Linux_Prj/REL/VDLinux.3.x.2012/toolchain/src/arm-mips-src-20121018/build.arm.cortex-a15/obj/glibc_0_final/elf/dl-allobjs.os
                0x0000000000000000                _dl_new_object

.text.fix_bad_pc24.8238.isra.2
                0x0000000000000000       0xec
 .text.fix_bad_pc24.8238.isra.2
                0x0000000000000000       0xec /home6/daewon2/Release/glibc/SP/SP_Linux/LP_Linux_Prj/REL/VDLinux.3.x.2012/toolchain/src/arm-mips-src-20121018/build.arm.cortex-a15/obj/glibc_0_final/elf/dl-allobjs.os

.text._dl_try_allocate_static_tls
                0x0000000000000000       0xec
 .text._dl_try_allocate_static_tls
                0x0000000000000000       0xec /home6/daewon2/Release/glibc/SP/SP_Linux/LP_Linux_Prj/REL/VDLinux.3.x.2012/toolchain/src/arm-mips-src-20121018/build.arm.cortex-a15/obj/glibc_0_final/elf/dl-allobjs.os
                0x0000000000000000                _dl_try_allocate_static_tls

.text._dl_allocate_static_tls
                0x0000000000000000       0x3c
 .text._dl_allocate_static_tls
                0x0000000000000000       0x3c /home6/daewon2/Release/glibc/SP/SP_Linux/LP_Linux_Prj/REL/VDLinux.3.x.2012/toolchain/src/arm-mips-src-20121018/build.arm.cortex-a15/obj/glibc_0_final/elf/dl-allobjs.os
                0x0000000000000000                _dl_allocate_static_tls

.text._dl_nothread_init_static_tls
                0x0000000000000000       0x88
 .text._dl_nothread_init_static_tls
                0x0000000000000000       0x88 /home6/daewon2/Release/glibc/SP/SP_Linux/LP_Linux_Prj/REL/VDLinux.3.x.2012/toolchain/src/arm-mips-src-20121018/build.arm.cortex-a15/obj/glibc_0_final/elf/dl-allobjs.os
                0x0000000000000000                _dl_nothread_init_static_tls

.text._dl_protect_relro
                0x0000000000000000       0x7c
 .text._dl_protect_relro
                0x0000000000000000       0x7c /home6/daewon2/Release/glibc/SP/SP_Linux/LP_Linux_Prj/REL/VDLinux.3.x.2012/toolchain/src/arm-mips-src-20121018/build.arm.cortex-a15/obj/glibc_0_final/elf/dl-allobjs.os
                0x0000000000000000                _dl_protect_relro

.text._dl_reloc_bad_type
                0x0000000000000000       0x68
 .text._dl_reloc_bad_type
                0x0000000000000000       0x68 /home6/daewon2/Release/glibc/SP/SP_Linux/LP_Linux_Prj/REL/VDLinux.3.x.2012/toolchain/src/arm-mips-src-20121018/build.arm.cortex-a15/obj/glibc_0_final/elf/dl-allobjs.os
                0x0000000000000000                _dl_reloc_bad_type

.text._dl_relocate_object
                0x0000000000000000     0x1c18
 .text._dl_relocate_object
                0x0000000000000000     0x1c18 /home6/daewon2/Release/glibc/SP/SP_Linux/LP_Linux_Prj/REL/VDLinux.3.x.2012/toolchain/src/arm-mips-src-20121018/build.arm.cortex-a15/obj/glibc_0_final/elf/dl-allobjs.os
                0x0000000000000000                _dl_relocate_object

.text._dl_build_local_scope
                0x0000000000000000       0x7c
 .text._dl_build_local_scope
                0x0000000000000000       0x7c /home6/daewon2/Release/glibc/SP/SP_Linux/LP_Linux_Prj/REL/VDLinux.3.x.2012/toolchain/src/arm-mips-src-20121018/build.arm.cortex-a15/obj/glibc_0_final/elf/dl-allobjs.os

.text.openaux   0x0000000000000000       0x48
 .text.openaux  0x0000000000000000       0x48 /home6/daewon2/Release/glibc/SP/SP_Linux/LP_Linux_Prj/REL/VDLinux.3.x.2012/toolchain/src/arm-mips-src-20121018/build.arm.cortex-a15/obj/glibc_0_final/elf/dl-allobjs.os

.text._dl_map_object_deps
                0x0000000000000000     0x1118
 .text._dl_map_object_deps
                0x0000000000000000     0x1118 /home6/daewon2/Release/glibc/SP/SP_Linux/LP_Linux_Prj/REL/VDLinux.3.x.2012/toolchain/src/arm-mips-src-20121018/build.arm.cortex-a15/obj/glibc_0_final/elf/dl-allobjs.os
                0x0000000000000000                _dl_map_object_deps

.text._dl_fixup
                0x0000000000000000      0x1e0
 .text._dl_fixup
                0x0000000000000000      0x1e0 /home6/daewon2/Release/glibc/SP/SP_Linux/LP_Linux_Prj/REL/VDLinux.3.x.2012/toolchain/src/arm-mips-src-20121018/build.arm.cortex-a15/obj/glibc_0_final/elf/dl-allobjs.os
                0x0000000000000000                _dl_fixup

.text._dl_profile_fixup
                0x0000000000000000      0x578
 .text._dl_profile_fixup
                0x0000000000000000      0x578 /home6/daewon2/Release/glibc/SP/SP_Linux/LP_Linux_Prj/REL/VDLinux.3.x.2012/toolchain/src/arm-mips-src-20121018/build.arm.cortex-a15/obj/glibc_0_final/elf/dl-allobjs.os
                0x0000000000000000                _dl_profile_fixup

.text._dl_call_pltexit
                0x0000000000000000       0xf4
 .text._dl_call_pltexit
                0x0000000000000000       0xf4 /home6/daewon2/Release/glibc/SP/SP_Linux/LP_Linux_Prj/REL/VDLinux.3.x.2012/toolchain/src/arm-mips-src-20121018/build.arm.cortex-a15/obj/glibc_0_final/elf/dl-allobjs.os
                0x0000000000000000                _dl_call_pltexit

.text._dl_signal_error
                0x0000000000000000      0x1e4
 .text._dl_signal_error
                0x0000000000000000      0x1e4 /home6/daewon2/Release/glibc/SP/SP_Linux/LP_Linux_Prj/REL/VDLinux.3.x.2012/toolchain/src/arm-mips-src-20121018/build.arm.cortex-a15/obj/glibc_0_final/elf/dl-allobjs.os
                0x0000000000000000                _dl_signal_error

.text._dl_signal_cerror
                0x0000000000000000       0xc4
 .text._dl_signal_cerror
                0x0000000000000000       0xc4 /home6/daewon2/Release/glibc/SP/SP_Linux/LP_Linux_Prj/REL/VDLinux.3.x.2012/toolchain/src/arm-mips-src-20121018/build.arm.cortex-a15/obj/glibc_0_final/elf/dl-allobjs.os
                0x0000000000000000                _dl_signal_cerror

.text._dl_catch_error
                0x0000000000000000       0xd8
 .text._dl_catch_error
                0x0000000000000000       0xd8 /home6/daewon2/Release/glibc/SP/SP_Linux/LP_Linux_Prj/REL/VDLinux.3.x.2012/toolchain/src/arm-mips-src-20121018/build.arm.cortex-a15/obj/glibc_0_final/elf/dl-allobjs.os
                0x0000000000000000                _dl_catch_error

.text._dl_receive_error
                0x0000000000000000       0x5c
 .text._dl_receive_error
                0x0000000000000000       0x5c /home6/daewon2/Release/glibc/SP/SP_Linux/LP_Linux_Prj/REL/VDLinux.3.x.2012/toolchain/src/arm-mips-src-20121018/build.arm.cortex-a15/obj/glibc_0_final/elf/dl-allobjs.os
                0x0000000000000000                _dl_receive_error

.text.call_init
                0x0000000000000000      0x12c
 .text.call_init
                0x0000000000000000      0x12c /home6/daewon2/Release/glibc/SP/SP_Linux/LP_Linux_Prj/REL/VDLinux.3.x.2012/toolchain/src/arm-mips-src-20121018/build.arm.cortex-a15/obj/glibc_0_final/elf/dl-allobjs.os

.text._dl_init  0x0000000000000000      0x118
 .text._dl_init
                0x0000000000000000      0x118 /home6/daewon2/Release/glibc/SP/SP_Linux/LP_Linux_Prj/REL/VDLinux.3.x.2012/toolchain/src/arm-mips-src-20121018/build.arm.cortex-a15/obj/glibc_0_final/elf/dl-allobjs.os
                0x0000000000000000                _dl_init_internal
                0x0000000000000000                _dl_init

.text._dl_sort_fini
                0x0000000000000000      0x1f0
 .text._dl_sort_fini
                0x0000000000000000      0x1f0 /home6/daewon2/Release/glibc/SP/SP_Linux/LP_Linux_Prj/REL/VDLinux.3.x.2012/toolchain/src/arm-mips-src-20121018/build.arm.cortex-a15/obj/glibc_0_final/elf/dl-allobjs.os
                0x0000000000000000                _dl_sort_fini

.text._dl_fini  0x0000000000000000      0x538
 .text._dl_fini
                0x0000000000000000      0x538 /home6/daewon2/Release/glibc/SP/SP_Linux/LP_Linux_Prj/REL/VDLinux.3.x.2012/toolchain/src/arm-mips-src-20121018/build.arm.cortex-a15/obj/glibc_0_final/elf/dl-allobjs.os
                0x0000000000000000                _dl_fini

.text.__GI__dl_debug_state
                0x0000000000000000        0x4
 .text.__GI__dl_debug_state
                0x0000000000000000        0x4 /home6/daewon2/Release/glibc/SP/SP_Linux/LP_Linux_Prj/REL/VDLinux.3.x.2012/toolchain/src/arm-mips-src-20121018/build.arm.cortex-a15/obj/glibc_0_final/elf/dl-allobjs.os
                0x0000000000000000                _dl_debug_state
                0x0000000000000000                __GI__dl_debug_state

.text._dl_debug_initialize
                0x0000000000000000       0xc0
 .text._dl_debug_initialize
                0x0000000000000000       0xc0 /home6/daewon2/Release/glibc/SP/SP_Linux/LP_Linux_Prj/REL/VDLinux.3.x.2012/toolchain/src/arm-mips-src-20121018/build.arm.cortex-a15/obj/glibc_0_final/elf/dl-allobjs.os
                0x0000000000000000                _dl_debug_initialize

.text._dl_debug_vdprintf
                0x0000000000000000      0x3e8
 .text._dl_debug_vdprintf
                0x0000000000000000      0x3e8 /home6/daewon2/Release/glibc/SP/SP_Linux/LP_Linux_Prj/REL/VDLinux.3.x.2012/toolchain/src/arm-mips-src-20121018/build.arm.cortex-a15/obj/glibc_0_final/elf/dl-allobjs.os

.text._dl_sysdep_read_whole_file
                0x0000000000000000       0x88
 .text._dl_sysdep_read_whole_file
                0x0000000000000000       0x88 /home6/daewon2/Release/glibc/SP/SP_Linux/LP_Linux_Prj/REL/VDLinux.3.x.2012/toolchain/src/arm-mips-src-20121018/build.arm.cortex-a15/obj/glibc_0_final/elf/dl-allobjs.os
                0x0000000000000000                _dl_sysdep_read_whole_file

.text._dl_debug_printf
                0x0000000000000000       0x44
 .text._dl_debug_printf
                0x0000000000000000       0x44 /home6/daewon2/Release/glibc/SP/SP_Linux/LP_Linux_Prj/REL/VDLinux.3.x.2012/toolchain/src/arm-mips-src-20121018/build.arm.cortex-a15/obj/glibc_0_final/elf/dl-allobjs.os
                0x0000000000000000                _dl_debug_printf

.text._dl_debug_printf_c
                0x0000000000000000       0x44
 .text._dl_debug_printf_c
                0x0000000000000000       0x44 /home6/daewon2/Release/glibc/SP/SP_Linux/LP_Linux_Prj/REL/VDLinux.3.x.2012/toolchain/src/arm-mips-src-20121018/build.arm.cortex-a15/obj/glibc_0_final/elf/dl-allobjs.os
                0x0000000000000000                _dl_debug_printf_c

.text._dl_dprintf
                0x0000000000000000       0x34
 .text._dl_dprintf
                0x0000000000000000       0x34 /home6/daewon2/Release/glibc/SP/SP_Linux/LP_Linux_Prj/REL/VDLinux.3.x.2012/toolchain/src/arm-mips-src-20121018/build.arm.cortex-a15/obj/glibc_0_final/elf/dl-allobjs.os
                0x0000000000000000                _dl_dprintf

.text._dl_name_match_p
                0x0000000000000000       0x60
 .text._dl_name_match_p
                0x0000000000000000       0x60 /home6/daewon2/Release/glibc/SP/SP_Linux/LP_Linux_Prj/REL/VDLinux.3.x.2012/toolchain/src/arm-mips-src-20121018/build.arm.cortex-a15/obj/glibc_0_final/elf/dl-allobjs.os
                0x0000000000000000                _dl_name_match_p

.text._dl_higher_prime_number
                0x0000000000000000       0x80
 .text._dl_higher_prime_number
                0x0000000000000000       0x80 /home6/daewon2/Release/glibc/SP/SP_Linux/LP_Linux_Prj/REL/VDLinux.3.x.2012/toolchain/src/arm-mips-src-20121018/build.arm.cortex-a15/obj/glibc_0_final/elf/dl-allobjs.os
                0x0000000000000000                _dl_higher_prime_number

.text.match_symbol
                0x0000000000000000      0x3b8
 .text.match_symbol
                0x0000000000000000      0x3b8 /home6/daewon2/Release/glibc/SP/SP_Linux/LP_Linux_Prj/REL/VDLinux.3.x.2012/toolchain/src/arm-mips-src-20121018/build.arm.cortex-a15/obj/glibc_0_final/elf/dl-allobjs.os

.text._dl_check_map_versions
                0x0000000000000000      0x438
 .text._dl_check_map_versions
                0x0000000000000000      0x438 /home6/daewon2/Release/glibc/SP/SP_Linux/LP_Linux_Prj/REL/VDLinux.3.x.2012/toolchain/src/arm-mips-src-20121018/build.arm.cortex-a15/obj/glibc_0_final/elf/dl-allobjs.os
                0x0000000000000000                _dl_check_map_versions

.text._dl_check_all_versions
                0x0000000000000000       0x78
 .text._dl_check_all_versions
                0x0000000000000000       0x78 /home6/daewon2/Release/glibc/SP/SP_Linux/LP_Linux_Prj/REL/VDLinux.3.x.2012/toolchain/src/arm-mips-src-20121018/build.arm.cortex-a15/obj/glibc_0_final/elf/dl-allobjs.os
                0x0000000000000000                _dl_check_all_versions

.text._dl_start_profile
                0x0000000000000000      0x690
 .text._dl_start_profile
                0x0000000000000000      0x690 /home6/daewon2/Release/glibc/SP/SP_Linux/LP_Linux_Prj/REL/VDLinux.3.x.2012/toolchain/src/arm-mips-src-20121018/build.arm.cortex-a15/obj/glibc_0_final/elf/dl-allobjs.os
                0x0000000000000000                _dl_start_profile

.text._dl_mcount
                0x0000000000000000      0x420
 .text._dl_mcount
                0x0000000000000000      0x420 /home6/daewon2/Release/glibc/SP/SP_Linux/LP_Linux_Prj/REL/VDLinux.3.x.2012/toolchain/src/arm-mips-src-20121018/build.arm.cortex-a15/obj/glibc_0_final/elf/dl-allobjs.os
                0x0000000000000000                _dl_mcount_internal
                0x0000000000000000                _dl_mcount

.text._dl_resolve_conflicts
                0x0000000000000000      0x328
 .text._dl_resolve_conflicts
                0x0000000000000000      0x328 /home6/daewon2/Release/glibc/SP/SP_Linux/LP_Linux_Prj/REL/VDLinux.3.x.2012/toolchain/src/arm-mips-src-20121018/build.arm.cortex-a15/obj/glibc_0_final/elf/dl-allobjs.os
                0x0000000000000000                _dl_resolve_conflicts

.text.unlikely.oom
                0x0000000000000000       0x20
 .text.unlikely.oom
                0x0000000000000000       0x20 /home6/daewon2/Release/glibc/SP/SP_Linux/LP_Linux_Prj/REL/VDLinux.3.x.2012/toolchain/src/arm-mips-src-20121018/build.arm.cortex-a15/obj/glibc_0_final/elf/dl-allobjs.os

.text.unlikely.tls_get_addr_tail
                0x0000000000000000      0x10c
 .text.unlikely.tls_get_addr_tail
                0x0000000000000000      0x10c /home6/daewon2/Release/glibc/SP/SP_Linux/LP_Linux_Prj/REL/VDLinux.3.x.2012/toolchain/src/arm-mips-src-20121018/build.arm.cortex-a15/obj/glibc_0_final/elf/dl-allobjs.os

.text.allocate_dtv
                0x0000000000000000       0x40
 .text.allocate_dtv
                0x0000000000000000       0x40 /home6/daewon2/Release/glibc/SP/SP_Linux/LP_Linux_Prj/REL/VDLinux.3.x.2012/toolchain/src/arm-mips-src-20121018/build.arm.cortex-a15/obj/glibc_0_final/elf/dl-allobjs.os

.text._dl_next_tls_modid
                0x0000000000000000      0x120
 .text._dl_next_tls_modid
                0x0000000000000000      0x120 /home6/daewon2/Release/glibc/SP/SP_Linux/LP_Linux_Prj/REL/VDLinux.3.x.2012/toolchain/src/arm-mips-src-20121018/build.arm.cortex-a15/obj/glibc_0_final/elf/dl-allobjs.os
                0x0000000000000000                _dl_next_tls_modid

.text._dl_determine_tlsoffset
                0x0000000000000000      0x1e8
 .text._dl_determine_tlsoffset
                0x0000000000000000      0x1e8 /home6/daewon2/Release/glibc/SP/SP_Linux/LP_Linux_Prj/REL/VDLinux.3.x.2012/toolchain/src/arm-mips-src-20121018/build.arm.cortex-a15/obj/glibc_0_final/elf/dl-allobjs.os
                0x0000000000000000                _dl_determine_tlsoffset

.text.__GI__dl_tls_setup
                0x0000000000000000       0xc0
 .text.__GI__dl_tls_setup
                0x0000000000000000       0xc0 /home6/daewon2/Release/glibc/SP/SP_Linux/LP_Linux_Prj/REL/VDLinux.3.x.2012/toolchain/src/arm-mips-src-20121018/build.arm.cortex-a15/obj/glibc_0_final/elf/dl-allobjs.os
                0x0000000000000000                __GI__dl_tls_setup
                0x0000000000000000                _dl_tls_setup

.text._dl_get_tls_static_info
                0x0000000000000000       0x20
 .text._dl_get_tls_static_info
                0x0000000000000000       0x20 /home6/daewon2/Release/glibc/SP/SP_Linux/LP_Linux_Prj/REL/VDLinux.3.x.2012/toolchain/src/arm-mips-src-20121018/build.arm.cortex-a15/obj/glibc_0_final/elf/dl-allobjs.os
                0x0000000000000000                _dl_get_tls_static_info

.text._dl_allocate_tls_storage
                0x0000000000000000       0x84
 .text._dl_allocate_tls_storage
                0x0000000000000000       0x84 /home6/daewon2/Release/glibc/SP/SP_Linux/LP_Linux_Prj/REL/VDLinux.3.x.2012/toolchain/src/arm-mips-src-20121018/build.arm.cortex-a15/obj/glibc_0_final/elf/dl-allobjs.os
                0x0000000000000000                _dl_allocate_tls_storage

.text.__GI__dl_allocate_tls_init
                0x0000000000000000      0x1f0
 .text.__GI__dl_allocate_tls_init
                0x0000000000000000      0x1f0 /home6/daewon2/Release/glibc/SP/SP_Linux/LP_Linux_Prj/REL/VDLinux.3.x.2012/toolchain/src/arm-mips-src-20121018/build.arm.cortex-a15/obj/glibc_0_final/elf/dl-allobjs.os
                0x0000000000000000                __GI__dl_allocate_tls_init
                0x0000000000000000                _dl_allocate_tls_init

.text.__GI__dl_allocate_tls
                0x0000000000000000       0x20
 .text.__GI__dl_allocate_tls
                0x0000000000000000       0x20 /home6/daewon2/Release/glibc/SP/SP_Linux/LP_Linux_Prj/REL/VDLinux.3.x.2012/toolchain/src/arm-mips-src-20121018/build.arm.cortex-a15/obj/glibc_0_final/elf/dl-allobjs.os
                0x0000000000000000                __GI__dl_allocate_tls
                0x0000000000000000                _dl_allocate_tls

.text.__GI__dl_deallocate_tls
                0x0000000000000000       0xa8
 .text.__GI__dl_deallocate_tls
                0x0000000000000000       0xa8 /home6/daewon2/Release/glibc/SP/SP_Linux/LP_Linux_Prj/REL/VDLinux.3.x.2012/toolchain/src/arm-mips-src-20121018/build.arm.cortex-a15/obj/glibc_0_final/elf/dl-allobjs.os
                0x0000000000000000                _dl_deallocate_tls
                0x0000000000000000                __GI__dl_deallocate_tls

.text._dl_update_slotinfo
                0x0000000000000000      0x2d4
 .text._dl_update_slotinfo
                0x0000000000000000      0x2d4 /home6/daewon2/Release/glibc/SP/SP_Linux/LP_Linux_Prj/REL/VDLinux.3.x.2012/toolchain/src/arm-mips-src-20121018/build.arm.cortex-a15/obj/glibc_0_final/elf/dl-allobjs.os
                0x0000000000000000                _dl_update_slotinfo

.text.__tls_get_addr
                0x0000000000000000       0x6c
 .text.__tls_get_addr
                0x0000000000000000       0x6c /home6/daewon2/Release/glibc/SP/SP_Linux/LP_Linux_Prj/REL/VDLinux.3.x.2012/toolchain/src/arm-mips-src-20121018/build.arm.cortex-a15/obj/glibc_0_final/elf/dl-allobjs.os
                0x0000000000000000                __tls_get_addr

.text._dl_tls_get_addr_soft
                0x0000000000000000       0x94
 .text._dl_tls_get_addr_soft
                0x0000000000000000       0x94 /home6/daewon2/Release/glibc/SP/SP_Linux/LP_Linux_Prj/REL/VDLinux.3.x.2012/toolchain/src/arm-mips-src-20121018/build.arm.cortex-a15/obj/glibc_0_final/elf/dl-allobjs.os
                0x0000000000000000                _dl_tls_get_addr_soft

.text._dl_add_to_slotinfo
                0x0000000000000000      0x110
 .text._dl_add_to_slotinfo
                0x0000000000000000      0x110 /home6/daewon2/Release/glibc/SP/SP_Linux/LP_Linux_Prj/REL/VDLinux.3.x.2012/toolchain/src/arm-mips-src-20121018/build.arm.cortex-a15/obj/glibc_0_final/elf/dl-allobjs.os
                0x0000000000000000                _dl_add_to_slotinfo

.text._dl_get_origin
                0x0000000000000000      0x1b8
 .text._dl_get_origin
                0x0000000000000000      0x1b8 /home6/daewon2/Release/glibc/SP/SP_Linux/LP_Linux_Prj/REL/VDLinux.3.x.2012/toolchain/src/arm-mips-src-20121018/build.arm.cortex-a15/obj/glibc_0_final/elf/dl-allobjs.os
                0x0000000000000000                _dl_get_origin

.text._dl_scope_free
                0x0000000000000000       0xe8
 .text._dl_scope_free
                0x0000000000000000       0xe8 /home6/daewon2/Release/glibc/SP/SP_Linux/LP_Linux_Prj/REL/VDLinux.3.x.2012/toolchain/src/arm-mips-src-20121018/build.arm.cortex-a15/obj/glibc_0_final/elf/dl-allobjs.os
                0x0000000000000000                _dl_scope_free

.text.__GI__dl_make_stack_executable
                0x0000000000000000       0xb4
 .text.__GI__dl_make_stack_executable
                0x0000000000000000       0xb4 /home6/daewon2/Release/glibc/SP/SP_Linux/LP_Linux_Prj/REL/VDLinux.3.x.2012/toolchain/src/arm-mips-src-20121018/build.arm.cortex-a15/obj/glibc_0_final/elf/dl-allobjs.os
                0x0000000000000000                _dl_make_stack_executable
                0x0000000000000000                __GI__dl_make_stack_executable

.text._dl_check_caller
                0x0000000000000000      0x26c
 .text._dl_check_caller
                0x0000000000000000      0x26c /home6/daewon2/Release/glibc/SP/SP_Linux/LP_Linux_Prj/REL/VDLinux.3.x.2012/toolchain/src/arm-mips-src-20121018/build.arm.cortex-a15/obj/glibc_0_final/elf/dl-allobjs.os
                0x0000000000000000                _dl_check_caller

.text.add_to_global
                0x0000000000000000      0x1b0
 .text.add_to_global
                0x0000000000000000      0x1b0 /home6/daewon2/Release/glibc/SP/SP_Linux/LP_Linux_Prj/REL/VDLinux.3.x.2012/toolchain/src/arm-mips-src-20121018/build.arm.cortex-a15/obj/glibc_0_final/elf/dl-allobjs.os

.text._dl_open  0x0000000000000000      0x3b0
 .text._dl_open
                0x0000000000000000      0x3b0 /home6/daewon2/Release/glibc/SP/SP_Linux/LP_Linux_Prj/REL/VDLinux.3.x.2012/toolchain/src/arm-mips-src-20121018/build.arm.cortex-a15/obj/glibc_0_final/elf/dl-allobjs.os
                0x0000000000000000                _dl_open

.text._dl_addr_inside_object
                0x0000000000000000       0x68
 .text._dl_addr_inside_object
                0x0000000000000000       0x68 /home6/daewon2/Release/glibc/SP/SP_Linux/LP_Linux_Prj/REL/VDLinux.3.x.2012/toolchain/src/arm-mips-src-20121018/build.arm.cortex-a15/obj/glibc_0_final/elf/dl-allobjs.os
                0x0000000000000000                _dl_addr_inside_object

.text.dl_open_worker
                0x0000000000000000      0x898
 .text.dl_open_worker
                0x0000000000000000      0x898 /home6/daewon2/Release/glibc/SP/SP_Linux/LP_Linux_Prj/REL/VDLinux.3.x.2012/toolchain/src/arm-mips-src-20121018/build.arm.cortex-a15/obj/glibc_0_final/elf/dl-allobjs.os

.text.remove_slotinfo
                0x0000000000000000      0x178
 .text.remove_slotinfo
                0x0000000000000000      0x178 /home6/daewon2/Release/glibc/SP/SP_Linux/LP_Linux_Prj/REL/VDLinux.3.x.2012/toolchain/src/arm-mips-src-20121018/build.arm.cortex-a15/obj/glibc_0_final/elf/dl-allobjs.os

.text._dl_close_worker
                0x0000000000000000      0xfd8
 .text._dl_close_worker
                0x0000000000000000      0xfd8 /home6/daewon2/Release/glibc/SP/SP_Linux/LP_Linux_Prj/REL/VDLinux.3.x.2012/toolchain/src/arm-mips-src-20121018/build.arm.cortex-a15/obj/glibc_0_final/elf/dl-allobjs.os
                0x0000000000000000                _dl_close_worker

.text._dl_close
                0x0000000000000000       0xc4
 .text._dl_close
                0x0000000000000000       0xc4 /home6/daewon2/Release/glibc/SP/SP_Linux/LP_Linux_Prj/REL/VDLinux.3.x.2012/toolchain/src/arm-mips-src-20121018/build.arm.cortex-a15/obj/glibc_0_final/elf/dl-allobjs.os
                0x0000000000000000                _dl_close

.text._dl_sysdep_start
                0x0000000000000000      0x3b8
 .text._dl_sysdep_start
                0x0000000000000000      0x3b8 /home6/daewon2/Release/glibc/SP/SP_Linux/LP_Linux_Prj/REL/VDLinux.3.x.2012/toolchain/src/arm-mips-src-20121018/build.arm.cortex-a15/obj/glibc_0_final/elf/dl-allobjs.os
                0x0000000000000000                _dl_sysdep_start

.text._dl_sysdep_start_cleanup
                0x0000000000000000        0x4
 .text._dl_sysdep_start_cleanup
                0x0000000000000000        0x4 /home6/daewon2/Release/glibc/SP/SP_Linux/LP_Linux_Prj/REL/VDLinux.3.x.2012/toolchain/src/arm-mips-src-20121018/build.arm.cortex-a15/obj/glibc_0_final/elf/dl-allobjs.os
                0x0000000000000000                _dl_sysdep_start_cleanup

.text._dl_show_auxv
                0x0000000000000000      0x230
 .text._dl_show_auxv
                0x0000000000000000      0x230 /home6/daewon2/Release/glibc/SP/SP_Linux/LP_Linux_Prj/REL/VDLinux.3.x.2012/toolchain/src/arm-mips-src-20121018/build.arm.cortex-a15/obj/glibc_0_final/elf/dl-allobjs.os
                0x0000000000000000                _dl_show_auxv

.text._dl_important_hwcaps
                0x0000000000000000      0x80c
 .text._dl_important_hwcaps
                0x0000000000000000      0x80c /home6/daewon2/Release/glibc/SP/SP_Linux/LP_Linux_Prj/REL/VDLinux.3.x.2012/toolchain/src/arm-mips-src-20121018/build.arm.cortex-a15/obj/glibc_0_final/elf/dl-allobjs.os
                0x0000000000000000                _dl_important_hwcaps

.text._dl_discover_osversion
                0x0000000000000000      0x1f0
 .text._dl_discover_osversion
                0x0000000000000000      0x1f0 /home6/daewon2/Release/glibc/SP/SP_Linux/LP_Linux_Prj/REL/VDLinux.3.x.2012/toolchain/src/arm-mips-src-20121018/build.arm.cortex-a15/obj/glibc_0_final/elf/dl-allobjs.os
                0x0000000000000000                _dl_discover_osversion

.text._dl_next_ld_env_entry
                0x0000000000000000       0x58
 .text._dl_next_ld_env_entry
                0x0000000000000000       0x58 /home6/daewon2/Release/glibc/SP/SP_Linux/LP_Linux_Prj/REL/VDLinux.3.x.2012/toolchain/src/arm-mips-src-20121018/build.arm.cortex-a15/obj/glibc_0_final/elf/dl-allobjs.os
                0x0000000000000000                _dl_next_ld_env_entry

.text.unsetenv  0x0000000000000000       0x98
 .text.unsetenv
                0x0000000000000000       0x98 /home6/daewon2/Release/glibc/SP/SP_Linux/LP_Linux_Prj/REL/VDLinux.3.x.2012/toolchain/src/arm-mips-src-20121018/build.arm.cortex-a15/obj/glibc_0_final/elf/dl-allobjs.os
                0x0000000000000000                unsetenv

.text.__libc_memalign
                0x0000000000000000      0x150
 .text.__libc_memalign
                0x0000000000000000      0x150 /home6/daewon2/Release/glibc/SP/SP_Linux/LP_Linux_Prj/REL/VDLinux.3.x.2012/toolchain/src/arm-mips-src-20121018/build.arm.cortex-a15/obj/glibc_0_final/elf/dl-allobjs.os
                0x0000000000000000                __libc_memalign

.text.malloc    0x0000000000000000        0xc
 .text.malloc   0x0000000000000000        0xc /home6/daewon2/Release/glibc/SP/SP_Linux/LP_Linux_Prj/REL/VDLinux.3.x.2012/toolchain/src/arm-mips-src-20121018/build.arm.cortex-a15/obj/glibc_0_final/elf/dl-allobjs.os
                0x0000000000000000                malloc

.text.calloc    0x0000000000000000       0x40
 .text.calloc   0x0000000000000000       0x40 /home6/daewon2/Release/glibc/SP/SP_Linux/LP_Linux_Prj/REL/VDLinux.3.x.2012/toolchain/src/arm-mips-src-20121018/build.arm.cortex-a15/obj/glibc_0_final/elf/dl-allobjs.os
                0x0000000000000000                calloc

.text.free      0x0000000000000000       0x38
 .text.free     0x0000000000000000       0x38 /home6/daewon2/Release/glibc/SP/SP_Linux/LP_Linux_Prj/REL/VDLinux.3.x.2012/toolchain/src/arm-mips-src-20121018/build.arm.cortex-a15/obj/glibc_0_final/elf/dl-allobjs.os
                0x0000000000000000                free

.text.__sigjmp_save
                0x0000000000000000       0x14
 .text.__sigjmp_save
                0x0000000000000000       0x14 /home6/daewon2/Release/glibc/SP/SP_Linux/LP_Linux_Prj/REL/VDLinux.3.x.2012/toolchain/src/arm-mips-src-20121018/build.arm.cortex-a15/obj/glibc_0_final/elf/dl-allobjs.os
                0x0000000000000000                __sigjmp_save

.text.__GI___assert_fail
                0x0000000000000000       0x60
 .text.__GI___assert_fail
                0x0000000000000000       0x60 /home6/daewon2/Release/glibc/SP/SP_Linux/LP_Linux_Prj/REL/VDLinux.3.x.2012/toolchain/src/arm-mips-src-20121018/build.arm.cortex-a15/obj/glibc_0_final/elf/dl-allobjs.os
                0x0000000000000000                __GI___assert_fail
                0x0000000000000000                __assert_fail

.text.realloc   0x0000000000000000       0x84
 .text.realloc  0x0000000000000000       0x84 /home6/daewon2/Release/glibc/SP/SP_Linux/LP_Linux_Prj/REL/VDLinux.3.x.2012/toolchain/src/arm-mips-src-20121018/build.arm.cortex-a15/obj/glibc_0_final/elf/dl-allobjs.os
                0x0000000000000000                realloc

.text.__strtoul_internal
                0x0000000000000000      0x190
 .text.__strtoul_internal
                0x0000000000000000      0x190 /home6/daewon2/Release/glibc/SP/SP_Linux/LP_Linux_Prj/REL/VDLinux.3.x.2012/toolchain/src/arm-mips-src-20121018/build.arm.cortex-a15/obj/glibc_0_final/elf/dl-allobjs.os
                0x0000000000000000                __strtoul_internal

.text._itoa     0x0000000000000000       0xa8
 .text._itoa    0x0000000000000000       0xa8 /home6/daewon2/Release/glibc/SP/SP_Linux/LP_Linux_Prj/REL/VDLinux.3.x.2012/toolchain/src/arm-mips-src-20121018/build.arm.cortex-a15/obj/glibc_0_final/elf/dl-allobjs.os
                0x0000000000000000                _itoa

.text.__strerror_r
                0x0000000000000000      0x118
 .text.__strerror_r
                0x0000000000000000      0x118 /home6/daewon2/Release/glibc/SP/SP_Linux/LP_Linux_Prj/REL/VDLinux.3.x.2012/toolchain/src/arm-mips-src-20121018/build.arm.cortex-a15/obj/glibc_0_final/elf/dl-allobjs.os
                0x0000000000000000                __strerror_r

.text.__GI___assert_perror_fail
                0x0000000000000000       0x70
 .text.__GI___assert_perror_fail
                0x0000000000000000       0x70 /home6/daewon2/Release/glibc/SP/SP_Linux/LP_Linux_Prj/REL/VDLinux.3.x.2012/toolchain/src/arm-mips-src-20121018/build.arm.cortex-a15/obj/glibc_0_final/elf/dl-allobjs.os
                0x0000000000000000                __GI___assert_perror_fail
                0x0000000000000000                __assert_perror_fail

.text.__strsep  0x0000000000000000       0xa8
 .text.__strsep
                0x0000000000000000       0xa8 /home6/daewon2/Release/glibc/SP/SP_Linux/LP_Linux_Prj/REL/VDLinux.3.x.2012/toolchain/src/arm-mips-src-20121018/build.arm.cortex-a15/obj/glibc_0_final/elf/dl-allobjs.os
                0x0000000000000000                __strsep
                0x0000000000000000                strsep
                0x0000000000000000                __strsep_g

.text.__GI___chk_fail
                0x0000000000000000        0xc
 .text.__GI___chk_fail
                0x0000000000000000        0xc /home6/daewon2/Release/glibc/SP/SP_Linux/LP_Linux_Prj/REL/VDLinux.3.x.2012/toolchain/src/arm-mips-src-20121018/build.arm.cortex-a15/obj/glibc_0_final/elf/dl-allobjs.os
                0x0000000000000000                __GI___chk_fail
                0x0000000000000000                __chk_fail

.text.__brk     0x0000000000000000       0x88
 .text.__brk    0x0000000000000000       0x88 /home6/daewon2/Release/glibc/SP/SP_Linux/LP_Linux_Prj/REL/VDLinux.3.x.2012/toolchain/src/arm-mips-src-20121018/build.arm.cortex-a15/obj/glibc_0_final/elf/dl-allobjs.os
                0x0000000000000000                __brk
                0x0000000000000000                brk

.text.__sbrk    0x0000000000000000       0x9c
 .text.__sbrk   0x0000000000000000       0x9c /home6/daewon2/Release/glibc/SP/SP_Linux/LP_Linux_Prj/REL/VDLinux.3.x.2012/toolchain/src/arm-mips-src-20121018/build.arm.cortex-a15/obj/glibc_0_final/elf/dl-allobjs.os
                0x0000000000000000                sbrk
                0x0000000000000000                __sbrk

.text.generic_getcwd
                0x0000000000000000      0x5fc
 .text.generic_getcwd
                0x0000000000000000      0x5fc /home6/daewon2/Release/glibc/SP/SP_Linux/LP_Linux_Prj/REL/VDLinux.3.x.2012/toolchain/src/arm-mips-src-20121018/build.arm.cortex-a15/obj/glibc_0_final/elf/dl-allobjs.os

.text.__getcwd  0x0000000000000000       0xb4
 .text.__getcwd
                0x0000000000000000       0xb4 /home6/daewon2/Release/glibc/SP/SP_Linux/LP_Linux_Prj/REL/VDLinux.3.x.2012/toolchain/src/arm-mips-src-20121018/build.arm.cortex-a15/obj/glibc_0_final/elf/dl-allobjs.os
                0x0000000000000000                __getcwd
                0x0000000000000000                getcwd

.text.openat64  0x0000000000000000       0x7c
 .text.openat64
                0x0000000000000000       0x7c /home6/daewon2/Release/glibc/SP/SP_Linux/LP_Linux_Prj/REL/VDLinux.3.x.2012/toolchain/src/arm-mips-src-20121018/build.arm.cortex-a15/obj/glibc_0_final/elf/dl-allobjs.os
                0x0000000000000000                openat64

.text.__alloc_dir
                0x0000000000000000       0xcc
 .text.__alloc_dir
                0x0000000000000000       0xcc /home6/daewon2/Release/glibc/SP/SP_Linux/LP_Linux_Prj/REL/VDLinux.3.x.2012/toolchain/src/arm-mips-src-20121018/build.arm.cortex-a15/obj/glibc_0_final/elf/dl-allobjs.os
                0x0000000000000000                __alloc_dir

.text.__opendir
                0x0000000000000000       0x88
 .text.__opendir
                0x0000000000000000       0x88 /home6/daewon2/Release/glibc/SP/SP_Linux/LP_Linux_Prj/REL/VDLinux.3.x.2012/toolchain/src/arm-mips-src-20121018/build.arm.cortex-a15/obj/glibc_0_final/elf/dl-allobjs.os
                0x0000000000000000                __opendir
                0x0000000000000000                opendir

.text.__fxstatat64
                0x0000000000000000       0x70
 .text.__fxstatat64
                0x0000000000000000       0x70 /home6/daewon2/Release/glibc/SP/SP_Linux/LP_Linux_Prj/REL/VDLinux.3.x.2012/toolchain/src/arm-mips-src-20121018/build.arm.cortex-a15/obj/glibc_0_final/elf/dl-allobjs.os
                0x0000000000000000                __fxstatat64

.text.__aeabi_unwind_cpp_pr0
                0x0000000000000000        0x4
 .text.__aeabi_unwind_cpp_pr0
                0x0000000000000000        0x4 /home6/daewon2/Release/glibc/SP/SP_Linux/LP_Linux_Prj/REL/VDLinux.3.x.2012/toolchain/src/arm-mips-src-20121018/build.arm.cortex-a15/obj/glibc_0_final/elf/dl-allobjs.os
                0x0000000000000000                __aeabi_unwind_cpp_pr0

.text.__aeabi_unwind_cpp_pr1
                0x0000000000000000        0x4
 .text.__aeabi_unwind_cpp_pr1
                0x0000000000000000        0x4 /home6/daewon2/Release/glibc/SP/SP_Linux/LP_Linux_Prj/REL/VDLinux.3.x.2012/toolchain/src/arm-mips-src-20121018/build.arm.cortex-a15/obj/glibc_0_final/elf/dl-allobjs.os
                0x0000000000000000                __aeabi_unwind_cpp_pr1

.text.__aeabi_unwind_cpp_pr2
                0x0000000000000000        0x4
 .text.__aeabi_unwind_cpp_pr2
                0x0000000000000000        0x4 /home6/daewon2/Release/glibc/SP/SP_Linux/LP_Linux_Prj/REL/VDLinux.3.x.2012/toolchain/src/arm-mips-src-20121018/build.arm.cortex-a15/obj/glibc_0_final/elf/dl-allobjs.os
                0x0000000000000000                __aeabi_unwind_cpp_pr2

.text._dl_make_tlsdesc_dynamic
                0x0000000000000000      0x308
 .text._dl_make_tlsdesc_dynamic
                0x0000000000000000      0x308 /home6/daewon2/Release/glibc/SP/SP_Linux/LP_Linux_Prj/REL/VDLinux.3.x.2012/toolchain/src/arm-mips-src-20121018/build.arm.cortex-a15/obj/glibc_0_final/elf/dl-allobjs.os
                0x0000000000000000                _dl_make_tlsdesc_dynamic

.text._dl_tlsdesc_lazy_resolver_fixup
                0x0000000000000000      0x1d8
 .text._dl_tlsdesc_lazy_resolver_fixup
                0x0000000000000000      0x1d8 /home6/daewon2/Release/glibc/SP/SP_Linux/LP_Linux_Prj/REL/VDLinux.3.x.2012/toolchain/src/arm-mips-src-20121018/build.arm.cortex-a15/obj/glibc_0_final/elf/dl-allobjs.os
                0x0000000000000000                _dl_tlsdesc_lazy_resolver_fixup

.text._dl_tlsdesc_resolve_hold_fixup
                0x0000000000000000       0x40
 .text._dl_tlsdesc_resolve_hold_fixup
                0x0000000000000000       0x40 /home6/daewon2/Release/glibc/SP/SP_Linux/LP_Linux_Prj/REL/VDLinux.3.x.2012/toolchain/src/arm-mips-src-20121018/build.arm.cortex-a15/obj/glibc_0_final/elf/dl-allobjs.os
                0x0000000000000000                _dl_tlsdesc_resolve_hold_fixup

.text._dl_unmap
                0x0000000000000000       0x70
 .text._dl_unmap
                0x0000000000000000       0x70 /home6/daewon2/Release/glibc/SP/SP_Linux/LP_Linux_Prj/REL/VDLinux.3.x.2012/toolchain/src/arm-mips-src-20121018/build.arm.cortex-a15/obj/glibc_0_final/elf/dl-allobjs.os
                0x0000000000000000                _dl_unmap

.text.check_one_fd
                0x0000000000000000       0xec
 .text.check_one_fd
                0x0000000000000000       0xec /home6/daewon2/Release/glibc/SP/SP_Linux/LP_Linux_Prj/REL/VDLinux.3.x.2012/toolchain/src/arm-mips-src-20121018/build.arm.cortex-a15/obj/glibc_0_final/libc_pic.a(check_fds.os)

.text.__libc_check_standard_fds
                0x0000000000000000       0x2c
 .text.__libc_check_standard_fds
                0x0000000000000000       0x2c /home6/daewon2/Release/glibc/SP/SP_Linux/LP_Linux_Prj/REL/VDLinux.3.x.2012/toolchain/src/arm-mips-src-20121018/build.arm.cortex-a15/obj/glibc_0_final/libc_pic.a(check_fds.os)
                0x0000000000000000                __libc_check_standard_fds

.text.__udivmoddi4
                0x0000000000000000      0x3c8
 .text.__udivmoddi4
                0x0000000000000000      0x3c8 /home6/daewon2/Release/glibc/SP/SP_Linux/LP_Linux_Prj/REL/VDLinux.3.x.2012/toolchain/src/arm-mips-src-20121018/build.arm.cortex-a15/obj/glibc_0_final/libc_pic.a(divdi3.os)

.text.__divdi3  0x0000000000000000       0x80
 .text.__divdi3
                0x0000000000000000       0x80 /home6/daewon2/Release/glibc/SP/SP_Linux/LP_Linux_Prj/REL/VDLinux.3.x.2012/toolchain/src/arm-mips-src-20121018/build.arm.cortex-a15/obj/glibc_0_final/libc_pic.a(divdi3.os)
                0x0000000000000000                __divdi3@GLIBC_2.4
                0x0000000000000000                __divdi3_internal

.text.__moddi3  0x0000000000000000       0x88
 .text.__moddi3
                0x0000000000000000       0x88 /home6/daewon2/Release/glibc/SP/SP_Linux/LP_Linux_Prj/REL/VDLinux.3.x.2012/toolchain/src/arm-mips-src-20121018/build.arm.cortex-a15/obj/glibc_0_final/libc_pic.a(divdi3.os)
                0x0000000000000000                __moddi3@GLIBC_2.4
                0x0000000000000000                __moddi3_internal

.text.__udivdi3
                0x0000000000000000       0x1c
 .text.__udivdi3
                0x0000000000000000       0x1c /home6/daewon2/Release/glibc/SP/SP_Linux/LP_Linux_Prj/REL/VDLinux.3.x.2012/toolchain/src/arm-mips-src-20121018/build.arm.cortex-a15/obj/glibc_0_final/libc_pic.a(divdi3.os)
                0x0000000000000000                __udivdi3@GLIBC_2.4
                0x0000000000000000                __udivdi3_internal

.text.__umoddi3
                0x0000000000000000       0x24
 .text.__umoddi3
                0x0000000000000000       0x24 /home6/daewon2/Release/glibc/SP/SP_Linux/LP_Linux_Prj/REL/VDLinux.3.x.2012/toolchain/src/arm-mips-src-20121018/build.arm.cortex-a15/obj/glibc_0_final/libc_pic.a(divdi3.os)
                0x0000000000000000                __umoddi3_internal
                0x0000000000000000                __umoddi3@GLIBC_2.4

.text.__GI_strchr
                0x0000000000000000      0x13c
 .text.__GI_strchr
                0x0000000000000000      0x13c /home6/daewon2/Release/glibc/SP/SP_Linux/LP_Linux_Prj/REL/VDLinux.3.x.2012/toolchain/src/arm-mips-src-20121018/build.arm.cortex-a15/obj/glibc_0_final/libc_pic.a(strchr.os)
                0x0000000000000000                __GI_strchr
                0x0000000000000000                index
                0x0000000000000000                strchr

.text.__GI_strcmp
                0x0000000000000000       0x28
 .text.__GI_strcmp
                0x0000000000000000       0x28 /home6/daewon2/Release/glibc/SP/SP_Linux/LP_Linux_Prj/REL/VDLinux.3.x.2012/toolchain/src/arm-mips-src-20121018/build.arm.cortex-a15/obj/glibc_0_final/libc_pic.a(strcmp.os)
                0x0000000000000000                __GI_strcmp
                0x0000000000000000                strcmp

.text.__GI_strcpy
                0x0000000000000000       0x1c
 .text.__GI_strcpy
                0x0000000000000000       0x1c /home6/daewon2/Release/glibc/SP/SP_Linux/LP_Linux_Prj/REL/VDLinux.3.x.2012/toolchain/src/arm-mips-src-20121018/build.arm.cortex-a15/obj/glibc_0_final/libc_pic.a(strcpy.os)
                0x0000000000000000                strcpy
                0x0000000000000000                __GI_strcpy

.text.__strnlen
                0x0000000000000000       0xfc
 .text.__strnlen
                0x0000000000000000       0xfc /home6/daewon2/Release/glibc/SP/SP_Linux/LP_Linux_Prj/REL/VDLinux.3.x.2012/toolchain/src/arm-mips-src-20121018/build.arm.cortex-a15/obj/glibc_0_final/libc_pic.a(strnlen.os)
                0x0000000000000000                __strnlen
                0x0000000000000000                strnlen
                0x0000000000000000                __GI_strnlen

.text.__memchr  0x0000000000000000      0x144
 .text.__memchr
                0x0000000000000000      0x144 /home6/daewon2/Release/glibc/SP/SP_Linux/LP_Linux_Prj/REL/VDLinux.3.x.2012/toolchain/src/arm-mips-src-20121018/build.arm.cortex-a15/obj/glibc_0_final/libc_pic.a(memchr.os)
                0x0000000000000000                __GI_memchr
                0x0000000000000000                memchr
                0x0000000000000000                __memchr

.text.__GI_memcmp
                0x0000000000000000      0x46c
 .text.__GI_memcmp
                0x0000000000000000      0x46c /home6/daewon2/Release/glibc/SP/SP_Linux/LP_Linux_Prj/REL/VDLinux.3.x.2012/toolchain/src/arm-mips-src-20121018/build.arm.cortex-a15/obj/glibc_0_final/libc_pic.a(memcmp.os)
                0x0000000000000000                bcmp
                0x0000000000000000                __GI_memcmp
                0x0000000000000000                memcmp

.text.__GI___mempcpy
                0x0000000000000000       0xac
 .text.__GI___mempcpy
                0x0000000000000000       0xac /home6/daewon2/Release/glibc/SP/SP_Linux/LP_Linux_Prj/REL/VDLinux.3.x.2012/toolchain/src/arm-mips-src-20121018/build.arm.cortex-a15/obj/glibc_0_final/libc_pic.a(mempcpy.os)
                0x0000000000000000                mempcpy
                0x0000000000000000                __GI_mempcpy
                0x0000000000000000                __mempcpy
                0x0000000000000000                __GI___mempcpy

.text.__GI___stpcpy
                0x0000000000000000       0x24
 .text.__GI___stpcpy
                0x0000000000000000       0x24 /home6/daewon2/Release/glibc/SP/SP_Linux/LP_Linux_Prj/REL/VDLinux.3.x.2012/toolchain/src/arm-mips-src-20121018/build.arm.cortex-a15/obj/glibc_0_final/libc_pic.a(stpcpy.os)
                0x0000000000000000                stpcpy
                0x0000000000000000                __GI_stpcpy
                0x0000000000000000                __stpcpy
                0x0000000000000000                __GI___stpcpy

.text._wordcopy_fwd_aligned
                0x0000000000000000      0x114
 .text._wordcopy_fwd_aligned
                0x0000000000000000      0x114 /home6/daewon2/Release/glibc/SP/SP_Linux/LP_Linux_Prj/REL/VDLinux.3.x.2012/toolchain/src/arm-mips-src-20121018/build.arm.cortex-a15/obj/glibc_0_final/libc_pic.a(wordcopy.os)
                0x0000000000000000                _wordcopy_fwd_aligned

.text._wordcopy_fwd_dest_aligned
                0x0000000000000000       0xec
 .text._wordcopy_fwd_dest_aligned
                0x0000000000000000       0xec /home6/daewon2/Release/glibc/SP/SP_Linux/LP_Linux_Prj/REL/VDLinux.3.x.2012/toolchain/src/arm-mips-src-20121018/build.arm.cortex-a15/obj/glibc_0_final/libc_pic.a(wordcopy.os)
                0x0000000000000000                _wordcopy_fwd_dest_aligned

.text._wordcopy_bwd_aligned
                0x0000000000000000      0x134
 .text._wordcopy_bwd_aligned
                0x0000000000000000      0x134 /home6/daewon2/Release/glibc/SP/SP_Linux/LP_Linux_Prj/REL/VDLinux.3.x.2012/toolchain/src/arm-mips-src-20121018/build.arm.cortex-a15/obj/glibc_0_final/libc_pic.a(wordcopy.os)
                0x0000000000000000                _wordcopy_bwd_aligned

.text._wordcopy_bwd_dest_aligned
                0x0000000000000000      0x100
 .text._wordcopy_bwd_dest_aligned
                0x0000000000000000      0x100 /home6/daewon2/Release/glibc/SP/SP_Linux/LP_Linux_Prj/REL/VDLinux.3.x.2012/toolchain/src/arm-mips-src-20121018/build.arm.cortex-a15/obj/glibc_0_final/libc_pic.a(wordcopy.os)
                0x0000000000000000                _wordcopy_bwd_dest_aligned

.text.__GI___rawmemchr
                0x0000000000000000       0xdc
 .text.__GI___rawmemchr
                0x0000000000000000       0xdc /home6/daewon2/Release/glibc/SP/SP_Linux/LP_Linux_Prj/REL/VDLinux.3.x.2012/toolchain/src/arm-mips-src-20121018/build.arm.cortex-a15/obj/glibc_0_final/libc_pic.a(rawmemchr.os)
                0x0000000000000000                __GI___rawmemchr
                0x0000000000000000                __rawmemchr
                0x0000000000000000                rawmemchr

.text.__closedir
                0x0000000000000000       0x68
 .text.__closedir
                0x0000000000000000       0x68 /home6/daewon2/Release/glibc/SP/SP_Linux/LP_Linux_Prj/REL/VDLinux.3.x.2012/toolchain/src/arm-mips-src-20121018/build.arm.cortex-a15/obj/glibc_0_final/libc_pic.a(closedir.os)
                0x0000000000000000                __closedir
                0x0000000000000000                closedir

.text.__readdir
                0x0000000000000000      0x15c
 .text.__readdir
                0x0000000000000000      0x15c /home6/daewon2/Release/glibc/SP/SP_Linux/LP_Linux_Prj/REL/VDLinux.3.x.2012/toolchain/src/arm-mips-src-20121018/build.arm.cortex-a15/obj/glibc_0_final/libc_pic.a(readdir.os)
                0x0000000000000000                readdir
                0x0000000000000000                __readdir

.text.__GI_rewinddir
                0x0000000000000000       0xcc
 .text.__GI_rewinddir
                0x0000000000000000       0xcc /home6/daewon2/Release/glibc/SP/SP_Linux/LP_Linux_Prj/REL/VDLinux.3.x.2012/toolchain/src/arm-mips-src-20121018/build.arm.cortex-a15/obj/glibc_0_final/libc_pic.a(rewinddir.os)
                0x0000000000000000                rewinddir
                0x0000000000000000                __GI_rewinddir

.text.__getdents
                0x0000000000000000       0x8c
 .text.__getdents
                0x0000000000000000       0x8c /home6/daewon2/Release/glibc/SP/SP_Linux/LP_Linux_Prj/REL/VDLinux.3.x.2012/toolchain/src/arm-mips-src-20121018/build.arm.cortex-a15/obj/glibc_0_final/libc_pic.a(getdents.os)
                0x0000000000000000                __getdents

.text.__fdopendir
                0x0000000000000000       0xb8
 .text.__fdopendir
                0x0000000000000000       0xb8 /home6/daewon2/Release/glibc/SP/SP_Linux/LP_Linux_Prj/REL/VDLinux.3.x.2012/toolchain/src/arm-mips-src-20121018/build.arm.cortex-a15/obj/glibc_0_final/libc_pic.a(fdopendir.os)
                0x0000000000000000                fdopendir
                0x0000000000000000                __fdopendir

.text.__GI__exit
                0x0000000000000000       0x5c
 .text.__GI__exit
                0x0000000000000000       0x5c /home6/daewon2/Release/glibc/SP/SP_Linux/LP_Linux_Prj/REL/VDLinux.3.x.2012/toolchain/src/arm-mips-src-20121018/build.arm.cortex-a15/obj/glibc_0_final/libc_pic.a(_exit.os)
                0x0000000000000000                _Exit
                0x0000000000000000                __GI__exit
                0x0000000000000000                _exit

.text.__GI___getpid
                0x0000000000000000       0x4c
 .text.__GI___getpid
                0x0000000000000000       0x4c /home6/daewon2/Release/glibc/SP/SP_Linux/LP_Linux_Prj/REL/VDLinux.3.x.2012/toolchain/src/arm-mips-src-20121018/build.arm.cortex-a15/obj/glibc_0_final/libc_pic.a(getpid.os)
                0x0000000000000000                __getpid
                0x0000000000000000                getpid
                0x0000000000000000                __GI_getpid
                0x0000000000000000                __GI___getpid

.text.___xstat64
                0x0000000000000000       0x44
 .text.___xstat64
                0x0000000000000000       0x44 /home6/daewon2/Release/glibc/SP/SP_Linux/LP_Linux_Prj/REL/VDLinux.3.x.2012/toolchain/src/arm-mips-src-20121018/build.arm.cortex-a15/obj/glibc_0_final/libc_pic.a(xstat64.os)
                0x0000000000000000                ___xstat64
                0x0000000000000000                __xstat64
                0x0000000000000000                __GI___xstat64

.text.___fxstat64
                0x0000000000000000       0x44
 .text.___fxstat64
                0x0000000000000000       0x44 /home6/daewon2/Release/glibc/SP/SP_Linux/LP_Linux_Prj/REL/VDLinux.3.x.2012/toolchain/src/arm-mips-src-20121018/build.arm.cortex-a15/obj/glibc_0_final/libc_pic.a(fxstat64.os)
                0x0000000000000000                ___fxstat64
                0x0000000000000000                __GI___fxstat64
                0x0000000000000000                __fxstat64

.text.___lxstat64
                0x0000000000000000       0x44
 .text.___lxstat64
                0x0000000000000000       0x44 /home6/daewon2/Release/glibc/SP/SP_Linux/LP_Linux_Prj/REL/VDLinux.3.x.2012/toolchain/src/arm-mips-src-20121018/build.arm.cortex-a15/obj/glibc_0_final/libc_pic.a(lxstat64.os)
                0x0000000000000000                ___lxstat64
                0x0000000000000000                __lxstat64
                0x0000000000000000                __GI___lxstat64

.text.__fcntl_nocancel
                0x0000000000000000       0x5c
 .text.__fcntl_nocancel
                0x0000000000000000       0x5c /home6/daewon2/Release/glibc/SP/SP_Linux/LP_Linux_Prj/REL/VDLinux.3.x.2012/toolchain/src/arm-mips-src-20121018/build.arm.cortex-a15/obj/glibc_0_final/libc_pic.a(fcntl.os)
                0x0000000000000000                __fcntl_nocancel

.text.__GI___libc_fcntl
                0x0000000000000000       0xe4
 .text.__GI___libc_fcntl
                0x0000000000000000       0xe4 /home6/daewon2/Release/glibc/SP/SP_Linux/LP_Linux_Prj/REL/VDLinux.3.x.2012/toolchain/src/arm-mips-src-20121018/build.arm.cortex-a15/obj/glibc_0_final/libc_pic.a(fcntl.os)
                0x0000000000000000                __libc_fcntl
                0x0000000000000000                __GI___libc_fcntl
                0x0000000000000000                __GI___fcntl
                0x0000000000000000                __fcntl
                0x0000000000000000                fcntl

.text.__GI___getpagesize
                0x0000000000000000       0x28
 .text.__GI___getpagesize
                0x0000000000000000       0x28 /home6/daewon2/Release/glibc/SP/SP_Linux/LP_Linux_Prj/REL/VDLinux.3.x.2012/toolchain/src/arm-mips-src-20121018/build.arm.cortex-a15/obj/glibc_0_final/libc_pic.a(getpagesize.os)
                0x0000000000000000                getpagesize
                0x0000000000000000                __GI___getpagesize
                0x0000000000000000                __getpagesize

.text.profil_counter
                0x0000000000000000       0x4c
 .text.profil_counter
                0x0000000000000000       0x4c /home6/daewon2/Release/glibc/SP/SP_Linux/LP_Linux_Prj/REL/VDLinux.3.x.2012/toolchain/src/arm-mips-src-20121018/build.arm.cortex-a15/obj/glibc_0_final/libc_pic.a(profil.os)

.text.__profil  0x0000000000000000      0x180
 .text.__profil
                0x0000000000000000      0x180 /home6/daewon2/Release/glibc/SP/SP_Linux/LP_Linux_Prj/REL/VDLinux.3.x.2012/toolchain/src/arm-mips-src-20121018/build.arm.cortex-a15/obj/glibc_0_final/libc_pic.a(profil.os)
                0x0000000000000000                __profil
                0x0000000000000000                profil

.text.__GI___profile_frequency
                0x0000000000000000       0x20
 .text.__GI___profile_frequency
                0x0000000000000000       0x20 /home6/daewon2/Release/glibc/SP/SP_Linux/LP_Linux_Prj/REL/VDLinux.3.x.2012/toolchain/src/arm-mips-src-20121018/build.arm.cortex-a15/obj/glibc_0_final/libc_pic.a(prof-freq.os)
                0x0000000000000000                __GI___profile_frequency
                0x0000000000000000                __profile_frequency

.text.__lll_lock_wait_private
                0x0000000000000000       0x9c
 .text.__lll_lock_wait_private
                0x0000000000000000       0x9c /home6/daewon2/Release/glibc/SP/SP_Linux/LP_Linux_Prj/REL/VDLinux.3.x.2012/toolchain/src/arm-mips-src-20121018/build.arm.cortex-a15/obj/glibc_0_final/libc_pic.a(libc-lowlevellock.os)
                0x0000000000000000                __lll_lock_wait_private

.text.__libc_enable_asynccancel
                0x0000000000000000       0xa4
 .text.__libc_enable_asynccancel
                0x0000000000000000       0xa4 /home6/daewon2/Release/glibc/SP/SP_Linux/LP_Linux_Prj/REL/VDLinux.3.x.2012/toolchain/src/arm-mips-src-20121018/build.arm.cortex-a15/obj/glibc_0_final/libc_pic.a(libc-cancellation.os)
                0x0000000000000000                __libc_enable_asynccancel

.text.__libc_disable_asynccancel
                0x0000000000000000       0x90
 .text.__libc_disable_asynccancel
                0x0000000000000000       0x90 /home6/daewon2/Release/glibc/SP/SP_Linux/LP_Linux_Prj/REL/VDLinux.3.x.2012/toolchain/src/arm-mips-src-20121018/build.arm.cortex-a15/obj/glibc_0_final/libc_pic.a(libc-cancellation.os)
                0x0000000000000000                __libc_disable_asynccancel

.text.__GI___libc_sigaction
                0x0000000000000000      0x17c
 .text.__GI___libc_sigaction
                0x0000000000000000      0x17c /home6/daewon2/Release/glibc/SP/SP_Linux/LP_Linux_Prj/REL/VDLinux.3.x.2012/toolchain/src/arm-mips-src-20121018/build.arm.cortex-a15/obj/glibc_0_final/libc_pic.a(sigaction.os)
                0x0000000000000000                __libc_sigaction
                0x0000000000000000                __GI___libc_sigaction

.text.__GI___sigaction
                0x0000000000000000       0x30
 .text.__GI___sigaction
                0x0000000000000000       0x30 /home6/daewon2/Release/glibc/SP/SP_Linux/LP_Linux_Prj/REL/VDLinux.3.x.2012/toolchain/src/arm-mips-src-20121018/build.arm.cortex-a15/obj/glibc_0_final/libc_pic.a(sigaction.os)
                0x0000000000000000                sigaction
                0x0000000000000000                __GI___sigaction
                0x0000000000000000                __sigaction

.text.pthread_equal
                0x0000000000000000       0x3c
 .text.pthread_equal
                0x0000000000000000       0x3c /home6/daewon2/Release/glibc/SP/SP_Linux/LP_Linux_Prj/REL/VDLinux.3.x.2012/toolchain/src/arm-mips-src-20121018/build.arm.cortex-a15/obj/glibc_0_final/libc_pic.a(forward.os)
                0x0000000000000000                pthread_equal

.text.pthread_attr_destroy
                0x0000000000000000       0x3c
 .text.pthread_attr_destroy
                0x0000000000000000       0x3c /home6/daewon2/Release/glibc/SP/SP_Linux/LP_Linux_Prj/REL/VDLinux.3.x.2012/toolchain/src/arm-mips-src-20121018/build.arm.cortex-a15/obj/glibc_0_final/libc_pic.a(forward.os)
                0x0000000000000000                pthread_attr_destroy

.text.__pthread_attr_init_2_1
                0x0000000000000000       0x3c
 .text.__pthread_attr_init_2_1
                0x0000000000000000       0x3c /home6/daewon2/Release/glibc/SP/SP_Linux/LP_Linux_Prj/REL/VDLinux.3.x.2012/toolchain/src/arm-mips-src-20121018/build.arm.cortex-a15/obj/glibc_0_final/libc_pic.a(forward.os)
                0x0000000000000000                pthread_attr_init@@GLIBC_2.4
                0x0000000000000000                __pthread_attr_init_2_1

.text.pthread_attr_getdetachstate
                0x0000000000000000       0x3c
 .text.pthread_attr_getdetachstate
                0x0000000000000000       0x3c /home6/daewon2/Release/glibc/SP/SP_Linux/LP_Linux_Prj/REL/VDLinux.3.x.2012/toolchain/src/arm-mips-src-20121018/build.arm.cortex-a15/obj/glibc_0_final/libc_pic.a(forward.os)
                0x0000000000000000                pthread_attr_getdetachstate

.text.pthread_attr_setdetachstate
                0x0000000000000000       0x3c
 .text.pthread_attr_setdetachstate
                0x0000000000000000       0x3c /home6/daewon2/Release/glibc/SP/SP_Linux/LP_Linux_Prj/REL/VDLinux.3.x.2012/toolchain/src/arm-mips-src-20121018/build.arm.cortex-a15/obj/glibc_0_final/libc_pic.a(forward.os)
                0x0000000000000000                pthread_attr_setdetachstate

.text.pthread_attr_getinheritsched
                0x0000000000000000       0x3c
 .text.pthread_attr_getinheritsched
                0x0000000000000000       0x3c /home6/daewon2/Release/glibc/SP/SP_Linux/LP_Linux_Prj/REL/VDLinux.3.x.2012/toolchain/src/arm-mips-src-20121018/build.arm.cortex-a15/obj/glibc_0_final/libc_pic.a(forward.os)
                0x0000000000000000                pthread_attr_getinheritsched

.text.pthread_attr_setinheritsched
                0x0000000000000000       0x3c
 .text.pthread_attr_setinheritsched
                0x0000000000000000       0x3c /home6/daewon2/Release/glibc/SP/SP_Linux/LP_Linux_Prj/REL/VDLinux.3.x.2012/toolchain/src/arm-mips-src-20121018/build.arm.cortex-a15/obj/glibc_0_final/libc_pic.a(forward.os)
                0x0000000000000000                pthread_attr_setinheritsched

.text.pthread_attr_getschedparam
                0x0000000000000000       0x3c
 .text.pthread_attr_getschedparam
                0x0000000000000000       0x3c /home6/daewon2/Release/glibc/SP/SP_Linux/LP_Linux_Prj/REL/VDLinux.3.x.2012/toolchain/src/arm-mips-src-20121018/build.arm.cortex-a15/obj/glibc_0_final/libc_pic.a(forward.os)
                0x0000000000000000                pthread_attr_getschedparam

.text.pthread_attr_setschedparam
                0x0000000000000000       0x3c
 .text.pthread_attr_setschedparam
                0x0000000000000000       0x3c /home6/daewon2/Release/glibc/SP/SP_Linux/LP_Linux_Prj/REL/VDLinux.3.x.2012/toolchain/src/arm-mips-src-20121018/build.arm.cortex-a15/obj/glibc_0_final/libc_pic.a(forward.os)
                0x0000000000000000                pthread_attr_setschedparam

.text.pthread_attr_getschedpolicy
                0x0000000000000000       0x3c
 .text.pthread_attr_getschedpolicy
                0x0000000000000000       0x3c /home6/daewon2/Release/glibc/SP/SP_Linux/LP_Linux_Prj/REL/VDLinux.3.x.2012/toolchain/src/arm-mips-src-20121018/build.arm.cortex-a15/obj/glibc_0_final/libc_pic.a(forward.os)
                0x0000000000000000                pthread_attr_getschedpolicy
